[d31c graded feasibility — exact reconnaissance]
      family (i): normalized weights graded by {birth, interact at
      d_cover = 1, interact at d_cover >= 2}; the D28 seed domain.
  [PASS] C1 the forced equality: normalized path-covariance on the concrete bi pair holds iff Z(H+b) = Z(H+i) — instantiated over a positive weight grid
  [PASS] C2 THE OBSTRUCTION (family i): Z(H+b) - Z(H+i) = f_b + 2 f_i1 + 2 f_i2 > 0 for every positive weight assignment — a birth strictly adds opportunities while a parallel-edge interact adds none: NO positive stationary path-covariant kernel exists in the multiplicity-insensitive class-graded family (no-none, normalized)  (closed form verified on 27 grid points)
      C2 scope: the argument needs only ONE interact that leaves the
      opportunity landscape unchanged (parallel edges do, whenever
      the grading is insensitive to edge multiplicity). It therefore
      extends to ANY multiplicity-insensitive grading (age, motif,
      component classes included). RECONNAISSANCE LIMIT: no unbounded
      claim beyond the exhibited domain is made for families that
      RESPOND to interacts (degree-sensitive gradings shift Z(H+i)
      and reopen the equation) — that escape is front F3'.
  [PASS] C3 the extension: an age-graded family (young/old births) hits the same obstruction — the newborn's opportunities strictly enlarge Z while the parallel interact leaves it fixed
  [PASS] C4 THE NONE-ARM ESCAPE: with a none op absorbing normalization (Z == 1; the idle weight f_n(H) = 1 - sum of active weights, positive on the tested webs), constant class weights are path-covariant trivially — covariance is BOUGHT by a web-size-dependent idle rate: the step clock becomes physical as an activity rate  (f_n at seed = 5/6, at H+b = 203/300)
      C5 THE LANDSCAPE [feeds D32's declared covariance column]:
        no-none, normalized, multiplicity-insensitive grading:
          OBSTRUCTED (C2/C3 — theorem-grade on the exhibited class);
        degree-sensitive gradings: OPEN (the interact shifts Z —
          the equation reopens; front);
        none-absorbing kernels: EXIST trivially (C4) at the declared
          cost — a state-dependent idle rate (cf. the D28 kernels,
          which carry a none arm AND fail covariance: their none
          weight was uniform, not absorbing);
        K_flat-class (teleological Phi weights): EXIST, horizon-
          dependent (D28b R5).
      Path-covariance therefore remains a DECLARED STATUS COLUMN in
      D32, not a filter — the physical question (is the accretion
      path a record?) is still open, and now has a price list.
  [PASS] C5 the landscape printed

ALL CHECKS PASS (5/5: 4 substantive gates + 1 print gate)
