[D36 record birth as causal coordination — exact receipt]
ARITHMETIC: integers/Fractions only; no numerical time
SCOPE: bounded finite regions; failure-free fair-delivery theorem; quantum join open
[ONTOLOGY / IDENTITY]
nominal_freshness_contradictions=1; structural_tau_sha256=a0cb5191011e7999576f020550f423a693ffe898f2bf6207bd5d429c827c8606; version_attempt_sha256=c7f0080b8bc8e1cc37d2e2e870039f72abdf354a9c6fd9a30c5a6eb62713f911; structural_collision_free=1
logical_tau_contains_stable_capabilities_not_remote_current_tips=1
alpha_covariant_kernels=4/4; alpha_map={"P":"X","Q":"Z","R":"Y"}
[HELD-LOCK CONTROL]
states=45; edges=69; deadlocks=1; circular_wait_held=(0, 1, 2); born_ticket_graph_isomorphism=1
[TICKET / ATOMICITY ATTACKS]
read_only_double_commit=1; atomic_oracle_safe_orders=2/2; participant_split_adoption=1; stale_photo_rejections=1
[EXCLUSIVE-WAIT TRIANGLE]
assignments=8; winner_assignments=6; split_vote_deadlocks=2; witness=(('A', 'P'), ('B', 'Q'), ('C', 'R'))
cyclic_local_order=(('R', 'P'), ('P', 'Q'), ('Q', 'R')); compatible_global_serializations=0
[FAIL-FAST LOCAL ATTEMPTS]
pair: states=1113; edges=2984; terminals=8; outcomes=(((), 2), (('P',), 3), (('Q',), 3)); partial_apply_states=232; deadlocks=0; typed_terminals=8; transition_DAG=1
triangle: states=34637; edges=140028; terminals=17; outcomes=(((), 2), (('P',), 5), (('Q',), 5), (('R',), 5)); partial_apply_states=9420; deadlocks=0; typed_terminals=17; transition_DAG=1
disjoint: states=289; edges=816; terminals=1; outcomes=((('P', 'Q'), 1),); partial_apply_states=120; deadlocks=0; typed_terminals=1; transition_DAG=1
partial: states=1517; edges=5162; terminals=2; outcomes=((('P',), 1), (('Q',), 1)); partial_apply_states=518; deadlocks=0; typed_terminals=2; transition_DAG=1
outcome multiplicities count canonical terminal states; they are not service-order probabilities
atomic_oracle_hides_partial_apply=1; local_close_waits_for_all_acks=1
[CLOSED ORDERED BATCH]
priority_cells=18; message_serializer_checks=8976; all_equal_greedy=1; all_safe_maximal_nonempty=1
[DISJOINT FACTORIZATION]
independent_kernel_products=4/4; shared_coin_negative_control={P,R}:1/2, {Q,S}:1/2
physical_component_order_atoms=4; global_presentation_orders=24; gauge_shuffles_per_component_atom=6
[DETERMINISTIC SYMMETRY NO-GO]
safe_feasible_pair_sets=((), ('P',), ('Q',)); swap_invariant_safe_sets=((),); nonempty_deterministic_equivariant_winner=0
[PROBABILISTIC ARBITRATION]
K1_path={Q}:1/3, {P,R}:2/3
K2_path={Q}:1/2, {P,R}:1/2
separating_event={P,R}: K1=2/3 K2=1/2; selector=UNSELECTED
[HARD-CORE REGIONAL FAMILY]
DLR_positive_mass_conditionals=20; DLR_zero_mass_boundaries_skipped=4; lambda1={}:1/5, {P}:1/5, {Q}:1/5, {R}:1/5, {P,R}:1/5
lambda2={}:1/11, {P}:2/11, {Q}:2/11, {R}:2/11, {P,R}:4/11; lambda_unselected=1
[FINITE-BIT RETRY]
single_winner_contenders=2; mark_values=2; unique_greatest=1/2; expected_attempts=2
single_winner_contenders=2; mark_values=4; unique_greatest=3/4; expected_attempts=4/3
single_winner_contenders=3; mark_values=2; unique_greatest=3/8; expected_attempts=8/3
single_winner_contenders=3; mark_values=4; unique_greatest=21/32; expected_attempts=32/21
complete_order_contenders=2; mark_values=2; all_distinct=1/2
complete_order_contenders=2; mark_values=4; all_distinct=3/4
complete_order_contenders=3; mark_values=2; all_distinct=0
complete_order_contenders=3; mark_values=4; all_distinct=3/8
pair_1bit_unresolved_after_5=1/32; almost_sure_resolution_is_conditional_on_continued_iid_retry_opportunities=1; bounded_worst_case=0
[REGIONAL RESTRICTION]
K1_path_to_edge={P}:2/3, {Q}:1/3; K1_direct_edge={P}:1/2, {Q}:1/2
K3_path_to_edge={}:2/5, {P}:2/5, {Q}:1/5; explicit_R_boundary_mixture_repairs=1
[HYPEREDGE / FINITE COVER]
three_way_forbidden_with_all_pairs_allowed=1; pairwise_anticorrelation_joint_support=0
[BORN / TOKEN REFERENCE-PRESENTATION CONTROL]
projected_states=1113; projected_edges=2984; terminal_observable_classes=3; edge_relation_equal=1; participant_commit_observables_equal=1; independent_actor_bisimulation=0
[CAUSAL CLOSURE / CAPACITY]
closure_nodes=25; closure_ancestors=24; max_parent_arity=2; closure_sha256=450648aee8fd8d57f7fc46576898def91f4d080bfac476e10d8313ddd3657179
max_tx_arity=3; max_participants=4; max_proposals=4; max_incident=2; priority_bits=2
proposal_birth_one_parent=1; participant_apply_local=1; quantum_join_derived=0
[FAILURE / FAIRNESS SCOPE]
coordinator_loss_can_block_promise=1; safe_unilateral_expiry_without_detector=0; positive_theorem_requires_failure_free_fair_delivery=1
[HASHES]
source_sha256=dad183c2e303b0315fa7f452ab1c197569d6983332696421d70f04ba5b3d0743
stdout_body_sha256=4cb4e7975d806189d71c81d2a001e7c201acca55d0a45abb9f40647b989da96e
internal_science_sha256=a373d10d90a6f3063aff02f06dcd92e62a6225981fef291272fbf38cd1e71314
[GATES]
G0=PASS
G1=PASS
G2=PASS
G3=PASS
G4=PASS
G5=PASS
G6=PASS
G7=PASS
G8=PASS
G9=PASS
G10=PASS
G11=PASS
G12=PASS
G13=PASS
G14=PASS
G15=PASS
G16=PASS
G17=PASS
G18=PASS
G19=PASS
G20=PASS
G21=PASS
[VERDICT]
PASS 22/22
CLOCK-FREE FINITE REFERENCE TRANSITION SYSTEM / CLOSED-ATTEMPT RESERVATION-SAFE
actor-local durable-record refinement and independent born/token comparison are separate gates
arbitration, batch/eligibility boundary, retry fairness, opportunity law and quantum join remain open
