[D36b authenticated actor-record refinement — exact receipt]
locked_reference_sha256=2a05f24529d716d6a8780d20ed5eba05fae6e3ac73ffdd490528b2be5b273683
SCOPE: supplied finite closed attempts; ideal authentication; honest record-generating actors; no numerical time
pair: reference=1113/2984/8; BORN=1113/2984/8; TOKEN=1113/2984/8; terminal_ledgers=8+8; edge_record_checks=2984+2984; max_records=26; max_parent_arity=2
triangle: reference=34637/140028/17; BORN=34637/140028/17; TOKEN=34637/140028/17; terminal_ledgers=17+17; edge_record_checks=140028+140028; max_records=39; max_parent_arity=2
disjoint: reference=289/816/1; BORN=289/816/1; TOKEN=289/816/1; terminal_ledgers=1+1; edge_record_checks=816+816; max_records=28; max_parent_arity=2
partial: reference=1517/5162/2; BORN=1517/5162/2; TOKEN=1517/5162/2; terminal_ledgers=2+2; edge_record_checks=5162+5162; max_records=32; max_parent_arity=2
[BORN / TOKEN OBSERVABLE ALGEBRAS]
coordination_projection_equal_all_fixtures=1
full_support_record_algebra_equal=0; birth_and_dormant_activation_remain_ontologically_distinct
actor_graph_quotient=typed_coordination_headers; exact_record_ids_signed_separately=1; every_representative_edge_emits_checked_record_delta=1; one_complete_append_only_ledger_per_terminal_quotient_state=1
[AUTHENTICATION / REPLAY ATTACKS]
reject_before_durable_mutation=14/14; forged_response=1; wrong_base=1; forged_decision=1; forged_ack=1; prepare_replay=1; duplicate_apply=1; unissued_capability=1; disconnected_lookalike=1; parent_deletion=1; omitted_field_substitution=1; nonexistent_decision_parent=1; same_base_cross_attempt_replay=2; side_authorized_noncarrier_attempt=1
[DISJOINT SCHEDULER GAUGE]
incomparable_two-service_diamonds=4; both_orders_same_world_and_ledger=1; history_family_sha256=f24953ce6b59a1989830fb1ebcb442ae395c251c8d704199c951393de0cae86f
[TWO-EPOCH STALE / REBASE CONTINUATION]
old_base_abort=2/2; rebased_commit=2/2; final_versions=2; same_world_prefix_preserved=2/2; combined_ledger_valid=2/2; old_close_below_new_close=2/2; stale_envelope_rejected=2/2; opening_predictive_state_preserved=2/2; participant_local_registration=2/2; combined_records=50; lineage_carriers_sha256=754a90581f491029b6878524187b0229145ed9bb3ff24590947b3a2f853f11c0
[SPARSE STRUCTURAL-ATTEMPT SLOTS]
global_index_gap_prepare_accepted=1/1; two_local_prepare_orders=2/2; typed_responses=4/4; no_global_slot_padding=2/2; order_family_sha256=43e49aa3790326a5fd153f29500879f3287507d4ff299baadfde5fbe11a06e1f
[SPARSE FULL-LEDGER CLOSURE / DISJOINT INSERTION]
gapped_tx2_closed=1/1; no_tx1_actor_or_records=1/1; both_complete_local_orders=2/2; typed_full_run_responses=8/8; disjoint_insertion_exact_local_ledger=1/1; restricted_local_records=13; gapped_combined_records=24; max_parent_arity=2; family_sha256=bebdcaa83877276fef663a2eb9f060edd25f5c15774647590e5ce11584b0fb89
[OWNERSHIP / CLOCK SCOPE]
participant_and_transaction_mailboxes_owned=1; handler_reads_only_addressed_actor=1; service_world_is_handler_plus_transport_macro=1; outgoing_delivery_updates_recipient_mailboxes=1
remote_predecessor_ownership_proof=0; honest_record_generating_actor_scope=1
time_rate_duration_fields=0; serializer_step_is_not_physical_time=1
[HASHES]
source_sha256=57ff22ab4711b63d476192c2ff19b02bb7f76fda5124b4d1afd23d30a20b376b
stdout_body_sha256=8ff25c88876bd48928e33e9c21c1b41f8968de390803bbed6896f7bbcb97dd19
internal_science_sha256=7bee23d9ebf22b2a0112ec0677f3b584990ef9a09a4e4ef34b77e75e7bca53d0
[GATES]
A0=PASS
A1=PASS
A2=PASS
A3=PASS
A4=PASS
A5=PASS
A6=PASS
A7=PASS
A8=PASS
A9=PASS
A10=PASS
A11=PASS
A12=PASS
A13=PASS
[VERDICT]
PASS 14/14
CLOCK-FREE ACTOR-LOCAL APPEND-ONLY COORDINATION REFINEMENT / FAILURE-FREE CLOSED ATTEMPTS
BORN and TOKEN are coordination-equivalent at the audited horizon, not ontologically identical
opportunity, arbitration selection, crash recovery, unbounded completion and quantum join remain open
