[d42a — the generated-proposal grammar: exact receipt]
  banner: EXACT Fractions throughout; genesis v0 = declared
  boundary; caps: ARM-1 depth 5, ARM-2 depth 4, G1 resequence
  on depth<=3 full + depth-4 arb-histories + signatures; the
  kernel law is SUPPLIED-alternative (K1/K2, paper 25 §10) and
  the weight system is computed under BOTH; joint-placement
  normalization is d34b's problem, INHERITED, not claimed.
  family sizes: ARM-1 depth<=5: 5751; ARM-2 depth<=4: 5761
  [PASS] L1 live-triple uniqueness (identity lemma for ckeys)  (violations = 0 over 11512 histories)
  [PASS] G1 resequence-and-recompute: admission, every mu factor, and the canonical typed DAG invariant over every linear extension  (761 histories, 2421 resequencings)
  [PASS] G2a depth-2 conflict census (hand-derived)  (count = 4, expected 4)
  [PASS] G2b conflict histories exist with positive weight; mu([pA0,pB1]) exact  (conflict histories (depth<=5) = 2596; mu = 1/64 = 1/64; zero-conflict-without-incomparability is DEFINITIONAL (declared))
  [PASS] G3i the PAIR arb option exists iff both proposals live in the record (family-wide iff-sweep)  (sweep over 5751 histories)
  [PASS] G3ii deletion control: every re-proposal against a created version has its creating arb strictly earlier in the record  (family-wide sweep)
  [PASS] G4a causal certificate rejects the post-arb stale re-proposal (supersession is the SOLE blocker: prior resolved per A3)  (causal: inadmissible; authentication-only: ADMITS — paper 28 H1 exhibited load-bearing)
  [PASS] G4b optimistic concurrency: the third actor's concurrent proposal on the superseded base is ADMISSIBLE (orphan census)  (orphan proposals in ARM-2: 1128)
  [PASS] G4c fork honesty (A2): forks exist and are censused; no observer past holds two same-base arbs — gated on the one-step EXTENSIONS of every forked history (the in-family sweep alone cannot fail at depth 4; the extension gate can)  (forked histories = 48; in-family violations = 0; extension candidates checked = 432, violations = 0)
  [PASS] G5a the path component P-Q-R is GENERATED (one 3-member component, edges A-B and B-C only)  (component = [('A', ('v', 'v0'), 0), ('B', ('v', 'v0'), 1), ('C', ('v', 'v0'), 0)])
  [PASS] G5b K1 = 2/3 on {P,R}, 1/3 on {Q}; K2 = 1/2, 1/2; TV = 1/6 — all exact, matching paper 25 §10  (K1({P,R}) = 2/3, K2 = 1/2, TV = 1/6)
  [PASS] G5c the arbitrated batch history carries positive exact weight under BOTH kernels (hand values 1/3072 and 1/4096)  (mu_K1 = 1/3072; mu_K2 = 1/4096)
  [PASS] G6 join census: arbitration events with incomparable proposal pairs in their past (in-degree >= 2) exist  (join events = 2808; D23/NSE/D25/D27 + Hegerfeldt = d42b carried obligations (declared))
  [PASS] G7 the hand-anchored q battery (7 branches incl. the A5' idle-3/4 correction) + kernel normalization over every generated component, both laws  (components checked = 10832; battery 7/7 exact (both-open 1/2 and both-closed 1 idle branches unreachable at fixture depths, declared); joint-placement normalization NOT claimed — d34b, inherited)
  [PASS] G8 record basis: payload, initiator, and winner distinctions separate canonical DAGs; gauge reorder does not  (declared distinctions: proposer, base, payload, component, winners, authors, initiator)

[SUMMARY] 15 PASS / 0 FAIL
[VERDICT] d42a GREEN: the batch, the conflict, the arbitration opportunity, and the re-proposal opportunity are GENERATED from the record under the pinned grammar; the kernel law, the genesis boundary, and the measure completion remain SUPPLIED (declared).
