[d43c — the pincer vs the escape classes (round-1 rebuilt)]
  banner: grammar weights exact Fractions (committed d42b3
  layer, __file__-anchored); isometries at mp.dps 50 / 1e-40;
  PG3 now gates the CONSTRUCTED {V_C} family (round-1 R-C1 —
  the first build's extensional R1 is retired); no continuum
  claim; Hegerfeldt untouched; the measure side stays with
  residue 1 (pin §4 + note §5).
  [PASS] PG1 the pincer baseline (committed d42b4 exhibit re-run): A's arb menu = 1 event at the early cut vs 3 at the join (self + 2 pair winners); full sums 1 vs 5/4; the pair branches inadmissible early  (menus 1/3; sums 1/5/4)
  [PASS] PG2 E-A FAILS (delivered verdict): A's own view is IDENTICAL at the two cuts (the committed G-T1 fact, recomputed) while the required arb branch sets DIFFER — an initiator-local-coin-indexed family is a function of the own view and cannot emit both menus; any repair reads the join, relocating cut-dependence into the firing predicate. The FLP/Ben-Or analogy is PARTIAL: the obstruction is VISIBILITY, not adversarial scheduling (import I2 refined)  (own views equal = True; branch sets differ = True)
  [PASS] PG3-E1 the operators EXIST as matrices: V_pair (4x1) and V_single (2x1) built as Acceptance o OpeningClick (the d42b2-B1 chain composed as ONE typed higher-order operation; for |C| = 2 the chain is one click + acceptance); the matrix product verified  (shapes ok = True; product deviation = 0.0)
  [PASS] PG3-E2 ISOMETRY at 1e-40 for V_pair, V_single, AND both factors of each (opening click; acceptance) — the NSE/D25/D27 record-side requirement on the constructed object itself  (max V^T V - I defect = 0.0)
  [PASS] PG3-E3 BORN WEIGHTS = the committed K1 kernel at 1e-40: the squared branch amplitudes of V_pair are 1/2-1/2 (= PK1 on the 2-conflict, recomputed from the layer) and V_single's branch is deterministic (= PK1 on the singleton); the exact dyadic Born values are tied to the matrices  (born(pair) ~ (1/2, 1/2); born(single) ~ 1; PK1 match = True)
  [PASS] PG3-E4 MENU RECONSTRUCTION at BOTH cuts, EXACT in Fractions: (past-local admissible-ckey index x budget share Fr(1,4)/#components, from the layer's own past-view machinery) x (the V_C Born splits) equals the committed menus — the early-cut singleton menu (sum 1/4 on the arb sector) and the join menu (1/4 + 1/8 + 1/8); the index sets are {single} vs {single, pair}  (cut-1 match = True; cut-2 match = True; index sets = ['single'] vs ['single', 'pair'])
  [PASS] PG3-E5 CUT-INDEPENDENCE where it belongs + the horn-2 price: the SAME matrices serve at both cuts (the family is indexed by the component only; the singleton operator applied at cut 1 IS the object applied at cut 2 — only the classical index set differs, and admissible() computes it from the event's own past cone); the price, gated on carriers: V_pair acts on BOTH proposers' records (licensed join carriers per A4/A6) — commutation-by-disjointness is FORFEITED at joins (the foliation face stays open; note §5 C3), while V_single touches only the initiator + the created version  (same singleton matrix at both cuts = True; pair carriers include A and B = True)
  [PASS] PG3-R3 (kept): the committed kernel weights at the menus — the pair winners at 1/4 x 1/2 = 1/8 each and the singleton at 1/4 (the load-bearing weight gate; PG1's sums are tilt-blind by construction)  (1/8 + 1/8 + 1/4 at the join; 1/4 early)
  [PASS] PG3-R4 (re-scoped to the comb's actual record side): the two winner+version records of V_pair are ORTHOGONAL outputs and Acceptance preserves probe distances at 1e-40 (isometry — distances preserved by construction, now stated of the constructed object); the lossy control fires  (branch overlap = 0.0; distance deviation = 0.0; control = 0.25989318568658958511900962835859379219671226576617)
  [PASS] PG3-R5 (kept): the classical index is PAST-LOCAL event data, not cut data — admissible() accepts/rejects the pair ckey by the event's own past alone (rejected at the early cut, accepted at the join, both winners)  (early reject / join accept = True)
  [PASS] PG4 SCOPE (the honesty gate, now mechanical): FIXTURE SCALE — the realized component sizes at the two cuts are exactly {1, 2} and the constructed family covers precisely those; THE MEASURE STAYS CLASSICAL — each V_C's Born split sums to 1 exactly, so the operator carries the branch SPLIT only and the family's weights remain the classical q's (residue 1, untouched). Horn 2's explicitly-open arm is now TYPED AND CONSTRUCTED at fixture scale; its foliation/commuting-family face at overlapping visibility and the measure question remain open and separate; the three horns stand for cut/initiator-attached CHANNELS; fine-vs-coarse sealing rides along; no continuum claim; Hegerfeldt untouched  (realized |C| = [1, 2]; family index = [1, 2]; Born sums = ['1', '1'])

[SUMMARY] 11 PASS / 0 FAIL
[VERDICT] d43c round-1 rebuilt, GREEN: E-A FAILS (visibility, not scheduling — the randomization escape does not transfer; the FLP import is partial; E-A's only repair route is the join-licensed visibility, i.e. E-A reduces to E-B, which PG3 adjudicates). E-B: the operator family {V_single, V_pair} is CONSTRUCTED from committed machinery — isometric at 1e-40, Born = K1, and (past-local index) x (cut-independent operator) reproduces the committed menus at both cuts exactly. Residue 2's OPERATOR-EXISTENCE face is discharged at fixture scale by the exhibited family; its foliation/commuting-family face at overlapping visibility remains OPEN (horn 2's standing arm — V_pair's carriers overlap both proposers), and the comb's weight/measure side is residue 1: the residues remain SEPARATE. The fourth door is horn 2's open arm, now typed past-locally and exhibited.
