[d44a — the renewal-pumping closure theorem]
  banner: EXACT; d42a layer from the committed d42b3 receipt
  (__file__-anchored); ONE depth-6 enumeration re-anchored;
  sigma = the pin-2 local-state abstraction modulo base
  renaming (canonical form: min over base bijections of the
  post-renaming-sorted serialization); CG1/CG2 exact on the
  full cache; CG3 = depth-free BFS closure (36 states) + the
  gated obstruction (no CG1-sound sigma induces exactly six)
  + the exact bisimulation quotient == the committed six;
  CG4 = the reduction gated + the <=3 clause's obstruction
  exhibited + quotient-window realization; CG5 = the Perron
  package on the quotient transfer; CG6 = negative controls.
  Deviations A1/A2 are forward corrections, printed above and
  gated below — no clause was silently weakened.
  [PASS] SG0 the enumeration anchor: cumulative depth-0..6 family sizes equal the referee-verified census (pin CG1's re-anchor)  (sizes = [1, 7, 39, 215, 1191, 6471, 34375])
  [PASS] SG1 sigma is computed on the ENTIRE cache; distinct-value growth over the len<=2/3/4/5/6 windows is the anchored [11, 19, 28, 32, 36] — 36 values total, finite by construction on every window  (windows = [11, 19, 28, 32, 36])
  [PASS] SG2 the d42a view invariants sigma relies on, gated family-wide (34,375 histories): every actor's own-view alive holding is a SINGLETON; full-view non-superseded holdings lie inside it; every live proposal sits on its proposer's own-view base; conflicting live pairs (same base, opposite payload) are always poset-incomparable  (violations = {'alive': 0, 'nonsup': 0, 'liveX': 0, 'cmp': 0})
  [PASS] SG3 base-renaming invariance, gated on the MG6 isomorphism pair: for all 215 root-tree members h, sigma(H3 + sub_v0->v1 (h)) == sigma(h) — histories differing only by base identity get EQUAL sigma (and root == renewal point in sigma-space, the h = [] instance)  (pairs = 215, mismatches = 0; sigma(H3) == sigma([]) = True)
  [PASS] SB1 the committed intrinsic partition re-derived (d43b MG2a/MG2c port): |P_2| == 6 on len<=4 and the six shortest representatives (0 quiescent/shared; 1 one live; 2 two non-conflicting live; 3 the conflict pair; 4 diverged quiescent; 5 diverged + one live) land in six distinct classes  (|P_2 on len<=4| = 6; reps distinct = True)
  [PASS] SB2 the committed transfer re-derived (d43b MG2d port): well-defined per class on all 215 len<=3 members and equal to T_REF, row sums (2, 2, 2, 5/2, 2, 2)  (members = 215; well-defined = True; rows == T_REF = True)
  [PASS] SB3 sigma REFINES the committed partition on the window (every sigma-block lies inside one intrinsic class) with the anchored split census {0:1, 1:4, 2:10, 3:2, 4:3, 5:8} on len<=4 — the intrinsic classes 1/2/4/5 each merge several menu-distinct or label-distinct sigma-states, class 0 (root/renewal) and the payload-mirrored classes 3 stay near-fine  (splits = {0: 1, 1: 4, 2: 10, 3: 2, 4: 3, 5: 8}; mixed sigma-blocks = 0)
  [PASS] CG1 MENU FACTORIZATION, exhaustive on the entire cache: menu(h) as an event-multiset-up-to-renaming with exact Fraction weights is a FUNCTION of sigma(h) — all 34,375 histories in all 36 sigma-classes, entrywise, ZERO exceptions  (histories = 34375; sigma-classes = 36; violating classes = 0)
  [PASS] CG2 TRANSITION DETERMINISM, exhaustive on the cache: sigma(h + [e]) is a function of (sigma(h), e-up-to-renaming) — all 34,374 cached transitions, 160 distinct abstract transition keys, ZERO exceptions  (transitions = 34374; keys = 160; violations = 0)
  [PASS] CG3a THE DEPTH-FREE CLOSURE: BFS on sigma-space from sigma([]) using one representative per class (licensed by CG2) TERMINATES — no depth cap appears in the search; the reachable set has exactly 36 states (max representative length 6) and coincides EXACTLY with the sigma values realized on the cache (nothing new beyond depth 6, nothing cached left unreached)  (reachable = 36; max rep len = 6; reachable == cache-realized = True)
  [PASS] CG3b THE OBSTRUCTION, gated (deviation A1's forcing witness): [pA0,pB0] and [pA0,pB0,selfA,pA(v1,0)] lie in the SAME committed intrinsic class (2: two non-conflicting live) but have DIFFERENT canonical menus — the two self-arbs share one base token in the first (shared slate) and use two tokens in the second (diverged slate). Hence NO sigma can satisfy CG1 (equal sigma => identical renamed menus) AND induce exactly the committed six blockwise: bisimilarity is strictly coarser than menu-identity on this family, and the pinned CG3 equality clause is unsatisfiable as written  (CLS = (2, 2); canonical menus equal = False; sigma equal = False)
  [PASS] CG3c the EXACT bisimulation quotient of the closed 36-state chain (P_0 = menu shape, refined by exact successor-class weight vectors to stability — the same operator that defines the committed partition, run on the abstract chain): trajectory 4-5-6-6, SIX classes  (trajectory = [4, 5, 6, 6])
  [PASS] CG3d the induced partition on the cached histories EQUALS the committed intrinsic partition BLOCKWISE (len<=4, all 1,191 histories): quotient-of-sigma blocks == the committed six blocks  (blockwise equal = True)
  [PASS] CG3e the INDUCED TRANSFER equals T_REF: quotient-class successor rows are constant across all 36 abstract states (the bisimulation property, re-gated at abstract level) and equal the committed matrix entrywise in Fractions  (abstract rows well-defined = True; TQ == T_REF = True)
  [PASS] CG4a the REDUCTION IS VALID on all 34,375 cached histories: zero mechanism failures (every clean-slate prefix had a unique shared non-superseded base; every substitution step verified sigma-preserving — NC3's identity and MG6's substitution re-gated on the reduction path); the representative has the SAME sigma, is noop-free, has no clean-slate proper prefix left, and the map is idempotent  (mechanism failures = 0; sigma preserved = True; idempotent = True; normal form = True)
  [PASS] CG4b the PINNED <=3 CLAUSE IS FALSE, exhibited (deviation A2): the reduced-length spectrum is {0: 3727, 1: 5828, 2: 6708, 3: 7200, 4: 6816, 5: 3328, 6: 768} — 23,463 of 34,375 reach length <= 3, maximum 6; SEVENTEEN of the 36 sigma-states have NO realization below length 4 (shortest-realization census {0:1, 1:4, 2:6, 3:8, 4:9, 5:4, 6:4}); the gated witness [pB1, selfB, pB(v1,1), pA0] is length-4, noop-free, renewal-free (no clean-slate prefix: the diverged sector has none at d42a scope — no deliveries), and equals its own reduction; 1,832 further histories sit in <=3-realizable states yet cannot be carried there by pad+renewal moves alone (the reduction cannot cross divergence)  (spectrum = {0: 3727, 1: 5828, 2: 6708, 3: 7200, 4: 6816, 5: 3328, 6: 768}; minlen census = {0: 1, 1: 4, 2: 6, 3: 8, 4: 9, 5: 4, 6: 4}; witness irreducible = True; gap histories = 1832)
  [PASS] CG4c the WINDOW REALIZATION the pin-4 proof sketch needs, at quotient level: every one of the 36 sigma-states projects to an intrinsic class realized at length <= 3 (all six classes are — the T_REF window), so every cached history's class is realized on the committed window; with CG4a's sigma-preserving reduction this is the pumping content that survives A2  (classes realized at len<=3 = [0, 1, 2, 3, 4, 5]; quotient classes of the closure = [0, 1, 2, 3, 4, 5])
  [PASS] CG5a the class structure of the induced transfer: two nontrivial Tarjan classes — transient {0,1,3} (with the renewal loop 3 -> 0) and closed dominant {2,4,5}  (nontrivial = [[0, 1, 3], [2, 4, 5]])
  [PASS] CG5b lambda = 2 EXACT on the induced chain: the dominant-block characteristic polynomial vanishes at 2 (Faddeev-LeVerrier, Fractions) AND T f = 2 f holds exactly with the positive f = (4/3, 4/3, 1, 7/3, 1, 1)  (charpoly_dom(2) = 0)
  [PASS] CG5c dominant-class UNIQUENESS + the forced extension: det(2I - M_transient) = 3/32; the resolvent equals the anchored nonnegative matrix ((8/3, 8/3, 2/3), (2/3, 8/3, 2/3), (8/3, 8/3, 8/3)) [M-matrix certificate: transient radius < 2]; applied to the cross-flow it returns EXACTLY (4/3, 4/3, 7/3) — existence AND uniqueness up to scale  (det = 3/32; resolvent == anchor = True; extension = ['4/3', '4/3', '7/3'])
  [PASS] CG5d the completed transfer q'(i->j) = T_ij f_j / (2 f_i) is per-state normalized EXACTLY on all six rows; conflict-row anchor {0: 1/7, 3: 3/4, 5: 3/28}; and ROOT-CLASS == RENEWAL-CLASS IN SIGMA-SPACE: sigma(H3) == sigma([]) at the fine level (one abstract state, not merely one quotient class), projecting to intrinsic class 0  (row sums exact = True; conflict row = {0: '1/7', 3: '3/4', 5: '3/28'}; sigma(H3) == sigma([]) = True)
  [PASS] CG5e the MASS-TRANSPORT identity EXACT on the induced chain: pi = (1/4, 1/4, 1/2) on {2,4,5} satisfies pi T = 2 pi exactly and the pi.f-weighted law is invariant under the completed q' exactly — no residual, no tolerance  (pi T == 2 pi and exact stationarity both hold)
  [PASS] CG6a KEEPING MENU-INVISIBLE DEAD STRUCTURE BLOWS UP THE BFS (the abstraction is not trivially finite-valued): the dead-keeping variant already takes 67 > 36 values on the cache alone, and its BFS fails to close within a 61-state budget (each renewal pumps the dead count — unbounded growth), while the delivered sigma closes at 36  (cache values = 67; budget states = 61; closed = False)
  [PASS] CG6b DROPPING THE CONFLICT-EDGE STRUCTURE FAILS CG1, splitting pair exhibited: sigma_b([pA0,pB0]) == sigma_b([pA0,pB1]) yet their canonical menus differ — the parallel pair offers two self-arbs only (N = 2) while the conflict pair adds the four joint arbitrations (N = 5/2); they are not even intrinsically co-classed (classes 2 vs 3)  (sigma_b equal = True; menus equal = False; N = 2, 5/2)
  [CG6c] the depth-marked stratification stands as the committed negative control: d43b NC1/NC4 — the boundary-marked truncation quotient grows 17/23/29 by horizon stratification and heals onto the six intrinsic classes (cited, not rerun).

[SUMMARY] 24 PASS / 0 FAIL
[VERDICT] d44a GREEN — THE RENEWAL-PUMPING CLOSURE THEOREM at d42a scope: the pin-2 local-state abstraction sigma (holdings pattern + live-proposal/conflict structure + carried superseded marks, modulo base renaming) determines menus exactly (CG1, 34,375/0) and transitions exactly (CG2, 34,374/0, 160 keys), and its depth-free BFS CLOSES at 36 states realized precisely by the depth-6 cache (CG3a). The pinned six-state landing is impossible for ANY menu-exact sigma (CG3b's witness: bisimilarity merges menu-distinct states), and the repaired route lands the theorem: the EXACT bisimulation quotient of the closed chain has SIX classes, blockwise equal to the committed intrinsic partition with transfer T_REF (CG3c-e). By CG1+CG2 the intrinsic partition at EVERY depth is the pullback of the abstract chain's bisimilarity — six states, transfer T, at all depths — and the entire Perron package holds there: lambda = 2 exact, unique dominant class {2,4,5} (det 3/32, anchored nonnegative resolvent), f = (4,4,3,7,3,3)/3 with forced extension, root = renewal AS ONE SIGMA-STATE, pi = (1,1,2)/4 mass transport exact (CG5). The pumping reduction is valid and gated everywhere (CG4a) with the pinned <=3 clause replaced by its exhibited obstruction + quotient-window realization (CG4b/c, deviation A2). Controls: dead-keeping sigma diverges past the budget, edge-dropping sigma fails CG1 on the exhibited pair, and the stratification control is cited (CG6). Residue 1's decided-on-the-window reading UPGRADES to decided at d42a scope, all depths; transport (deliveries reopening the absorbing sector) remains D44b's problem.
