[d44b — invariance at transport scope: the campaign-final receipt]
  banner: EXACT Fractions; transport layer from the committed
  d42b1 receipt (__file__-anchored); d42a layer from the
  committed d42b3 receipt (TG6 control only); the intrinsic
  partition = the d43b PER-CANDIDATE operator verbatim;
  caps: ARM-1T (A,B) depth <= 4, ARM-2T (A,B,C) depth <= 3
  (the d42b1 committed caps, re-declared); weight-system
  level only — no measure claim, no infinite-volume claim;
  deterministic (no RNG; all prints sorted).
  TG1 SIZE PROBE (pin runtime control): ARM-1T depth-4 family = 3969 <= 150000 — the committed depth-4 cap STANDS (no reduction needed)
  cumulative sizes [MEASURED, first run — round to anchor]: ARM-1T [1, 9, 69, 521, 3969]; ARM-2T [1, 16, 235, 3424]
  [PASS] TG0a the committed ARM census re-anchored: ARM-1T = 3969, ARM-2T = 3424 (the committed d42b1 .out values, re-derived from the exec'd committed layer)  (ARM-1T = 3969; ARM-2T = 3424)
  [PASS] TG0b layer fidelity beyond size: the committed in-family censuses reproduce (orphans 464/72; depth-2 conflict histories 4; arb joins 384; delivery joins 8250 — all four committed d42b1 .out anchors)  (orphans = (464, 72); d2 conflicts = 4; joins = (384, 8250))
  [PASS] TG0c purity, ALLOW-LIST walk form (LOG #362 binding): every cached candidate weight is a Fraction and every event leaf is in {Fraction, int, str} — floats/bools/complex rejected categorically  (violations = 0 over both arms)
  TG1 |P_t| tables per window (cutoff c lists t = 0..(4 - c)):
    cutoff-1: [2, 2, 2, 2]
    cutoff-2: [5, 6, 6]
    cutoff-3: [9, 11]
    cutoff-4: [13]
  TG1 growth table (t, window len<=, histories, |P_t|): (0, 4, 3969, 13); (1, 3, 521, 11); (2, 2, 69, 6); (3, 1, 9, 2); (4, 0, 1, 1)
  TG1 blockwise agreement P_t vs P_(t+1) per window: t=0 on len<=3 (521 h): False; t=1 on len<=2 (69 h): True; t=2 on len<=1 (9 h): True; t=3 on len<=0 (1 h): True [TRIVIAL WINDOW]
  TG1 DEEPEST REFINEMENT SPLIT (t = 0 -> 1, window len <= 3):
    member 1: [('p', 'A', ('v', 'v0'), 0), ('d', 'A', 'B', ('v', 'v0'))]
      menu shape: ((('d', Fraction(1, 4)), 2), (('n', Fraction(1, 2)), 2), (('p', Fraction(1, 8)), 2), (('r', Fraction(1, 4)), 1))
    member 2: [('p', 'A', ('v', 'v0'), 0)]
      menu shape: ((('d', Fraction(1, 4)), 2), (('n', Fraction(1, 2)), 2), (('p', Fraction(1, 8)), 2), (('r', Fraction(1, 4)), 1))
    per-candidate (weight, P_0-class) rows DIFFER; symmetric difference (first 6): [('1/8', 3)]
  [PASS] TG1 STABILIZATION VERDICT — WINDOW-CONSISTENT STABILIZATION, NOT CLOSURE: the per-candidate refinement agrees blockwise at t = 1 and t = 2 on their (shallow) windows and lands at SIX classes on the len <= 2 window — a transport-scope six-state signal echoing the d42a count, but a DIFFERENT object (TG6: every transport menu is alien to d42a); the refinement is REAL (the t = 0 split above: two histories with IDENTICAL menu shapes — [pA0] vs [pA0, dABv0] — are split by their successor rows), the anchored tables are [2,2,2,2]/[5,6,6]/[9,11]/[13], and the deeper windows (11 classes on len <= 3 at t = 1; 13 menu shapes on len <= 4) are NOT refinement-tested beyond these lookaheads — the depth-4 cap is the declared feasibility boundary (TG7); closure is decided NEGATIVELY at TG4 (the window chain escapes)  (agreements = {0: False, 1: True, 2: True, 3: True}; six on len<=2 window; split exhibit at t = 0 with equal menus, unequal rows)
  [PASS] TG1s ARM-2T supplementary datum ANCHORED (round-1 F2; census scope only, pin §3): distinct menu shapes on the depth-3 family == 11; the ARM-2T intrinsic program is NOT run (cap declared; TG7)  (shapes = 11)
  TG2 level-0 (P_0 = menu-shape classes, parents len <= 3): 9 classes, 2 with non-constant per-candidate rows -> well-defined = False
  TG2 level-1 (P_1 classes, parents len <= 2): 6 classes, 0 failing -> well-defined = True
  TG2 FIRST FAILING CLASS (level-0 = menu-shape classes, the deepest window; class 1):
    member 1: [('p', 'B', ('v', 'v0'), 1), ('n', 'B'), ('d', 'B', 'A', ('v', 'v0'))]
      menu shape: ((('d', Fraction(1, 4)), 2), (('n', Fraction(1, 2)), 2), (('p', Fraction(1, 8)), 2), (('r', Fraction(1, 4)), 1))
    member 2: [('p', 'B', ('v', 'v0'), 1), ('n', 'B'), ('n', 'B')]
      menu shape: ((('d', Fraction(1, 4)), 2), (('n', Fraction(1, 2)), 2), (('p', Fraction(1, 8)), 2), (('r', Fraction(1, 4)), 1))
    differing (weight, class) rows, symmetric difference (first 6): [('1/8', 3)]
  [PASS] TG2 transfer well-definedness VERDICT — WELL-DEFINED at the intrinsic level on the deepest well-defined window (all 6 P_1 classes over len <= 2 parents have constant per-candidate (weight, target-class) rows: 0/6 failing — the probabilistic-bisimulation property holds where testable), while the MENU-SHAPE level FAILS on the deeper window (2/9 classes non-constant; first failing class exhibited above with both members, equal menus, differing rows — transport menu shape does NOT factorize the transfer; the intrinsic refinement is load-bearing, the d44a per-candidate lesson carried). Window-limited statement only (TG7)  (failing classes: level-0 = 2/9, level-1 = 0/6)
  [PASS] TG3a divergence exists in-family (the d43b state-4/5 pattern instantiated at transport scope: unequal non-superseded holdings between A and B in the full view)  (diverged histories in ARM-1T = 1044 (anchored, round-1 F2))
  TG3 RECONVERGENCE WITNESS (shortest, in-family):
    diverged prefix (2 events): [('p', 'A', ('v', 'v0'), 0), ('r', 'A', frozenset({('A', ('v', 'v0'), 0)}), frozenset({('A', ('v', 'v0'), 0)}))]
      holdings A = [('v', ('v', 'v0'), (0,), ('A',), 'A')]
      holdings B = []
    the delivery: ('d', 'A', 'B', ('v', ('v', 'v0'), (0,), ('A',), 'A'))
      post-delivery shared holdings = [('v', ('v', 'v0'), (0,), ('A',), 'A')] (A == B: True)
    exact weight of the reconverging chain = 1/256
  [PASS] TG3b THE REOPENING PREDICTION CONFIRMED IN-FAMILY (the pre-registered TG3 horn, decided positively; no above-cap SIG-chain needed): a delivery event inside the enumerated ARM-1T family reconverges a diverged configuration — the d43b absorption theorem ('diverged holdings never reconverge', the closed {2,4,5} sector) is a DELIVERYLESSNESS ARTIFACT, exactly as d43b's relocation clause predicted; witness = [pA0, blind self-seal, deliver v1 to B] at exact weight 1/256, with every event admission-priced by the committed layer  (reconverging (history, delivery) pairs in-family = 124; witness weight = 1/256)
  TG3c the diverged class's delivery row (weight, P_1-target-class, still-diverged?): [('1/4', 9, True), ('1/8', 8, False), ('1/8', 9, True)]
  [PASS] TG3c the reopening AT CHAIN LEVEL: the diverged-quiescent witness prefix (a len-2 member of the window six) carries a delivery candidate at exact weight 1/8 whose successor is NON-diverged — the d43b chain's absorbing row structurally cannot be reproduced by any transport-scope transfer  (delivery row printed above)
  TG4 ESCAPE EXHIBIT (the window chain is NOT closed): parent [('p', 'A', ('v', 'v0'), 0), ('p', 'B', ('v', 'v0'), 0)] (class 3) --('r', 'A', frozenset({('A', ('v', 'v0'), 0)}), frozenset({('A', ('v', 'v0'), 0)})) (q = 1/4)--> class 6, a class first realized only at len 3, whose own rows leave the P_1 domain at this cap; escaping classes = [6, 7, 8, 9, 10] (5 of the 11 len<=3 P_1 classes), escaping transitions = 68
  TG4 NON-FIRING REASON: PREREQUISITE FAILED — NO CLOSED EXACT TRANSFER AT CAP: TG1 window-stabilization (True) and TG2 well-definedness (True) both hold, but the window chain ESCAPES: 68 transitions from len<=2 parents land in 5 classes ([6, 7, 8, 9, 10]) realized only at len 3, whose own rows leave the computable P_1 domain — the six window classes are NOT closed under the transfer, so Tarjan/Perron root/positive-vector/root-vs-renewal have no delivered object at this cap
  TG5 NON-FIRING REASON: PREREQUISITE FAILED: TG5 (mass transport) is conditional on TG4's closed chain; TG4 did not fire
  [PASS] TG4 does not fire, and the non-firing reason is the MEASURED obstruction re-verified (pin TG7 discipline): the escape exhibit's transition is a genuine cache transition whose target class has NO member of length <= 2 — the 'closed exact transfer' prerequisite is concretely false, not silently skipped; anchored: 68 escaping transitions into exactly 5 above-window classes  (escapes = 68 into [6, 7, 8, 9, 10])
  [PASS] TG5 does not fire (conditional on TG4), reason recorded; consistency: the firing flag equals the measured conjunction STAB and wd1 and window-closure  (FIRE = False; STAB = True; wd1 = True; closed = False)
  [PASS] TG6a the d42a-scope layer re-anchored (the d43b MG0 census prefix): cumulative sizes at depths 0-4  (sizes = [1, 7, 39, 215, 1191])
  [PASS] TG6b NEGATIVE CONTROL: the six-state d43b classifier applied blindly to transport histories FAILS — the TG3 witness (a delivery-containing history) has a menu shape reproduced by NO d42a-scope class (its menu carries 'd'-kind candidates; ZERO of the d42a family's menu shapes contain a 'd' kind); in fact EVERY ARM-1T transport menu is alien to the d42a shape set (deliveries are always enabled at transport scope) — the d42a six-state result CANNOT be silently reused here  (d42a distinct shapes = 4 (with 'd': 0); ARM-1T menus matching any d42a shape = 0/3969)
  TG7 CAPS, all declared: ARM-1T = (A,B) depth <= 4 (intrinsic program scope); ARM-2T = (A,B,C) depth <= 3 (census + purity + menu-shape count only — the ARM-2T intrinsic program NOT run, runtime-budgeted per pin §3); lookahead computable to t <= 3 on nontrivial windows; transfer testable to lookahead 1 on len <= 2 parents.
  TG7 HONESTY: no infinite-volume claim is made under this outcome (none would be under any outcome); what remains open — the transport-scope intrinsic object beyond depth 4, its stabilization, and any completion core — is the declared territory of [I1]'s Martin/R-theory machinery, a SUCCESSOR, not this receipt.
  TG7 D44a SCOPE STATEMENT (what the closure theorem does and does not cover): D44a's decision is at d42a scope (delivery-free), exhaustively verified through depth 7, all-depth conditional on H1 — and THIS receipt shows its class structure does NOT transfer: the absorbing sector is an artifact of deliverylessness (TG3), and the transport intrinsic chain, though window-consistent at six classes with well-defined rows (TG1/TG2), is NOT CLOSED at the feasible cap (TG4's escape). The closure theorem covers exactly the delivery-free grammar; transport-scope closure is OPEN.
  [PASS] TG7 caps + honesty mechanically consistent: the declared caps equal the enumeration caps actually used; every non-fired conditional gate recorded a reason (2 of 2: TG4, TG5); the conditional flag equals the measured prerequisite  (caps = (4, 3); reasons recorded = ['TG4', 'TG5']; FIRE = False)

[SUMMARY] 14 PASS / 0 FAIL  (runtime under the 600 s budget: True; exact seconds omitted for byte-identical determinism)
[VERDICT] d44b GREEN — the campaign-final scope statement: (1) TG3 CONFIRMED, the pre-registered reopening prediction: a 3-event in-family delivery chain at exact weight 1/256 reconverges diverged holdings — the d43b absorbing sector {2,4,5} is a deliverylessness artifact, exactly as the relocation clause predicted. (2) TG1/TG2: the transport intrinsic partition (the d43b per-candidate operator verbatim) shows a WINDOW-CONSISTENT six-state signal (t = 1,2 agreement; six classes on len <= 2; all rows constant per class where testable) — but it is NOT the d42a object (menu shapes carry the delivery sector; menu-shape factorization FAILS, 2/9 classes) and it is NOT closed: (3) the window chain ESCAPES into above-window classes (TG4's exhibited obstruction), so no closed exact transfer exists at the depth-4 cap and TG4/TG5 do not fire — the honest non-closure outcome the pin pre-registered, reasons printed. (4) TG6: the d42a six-state classifier fails on every transport menu — the D44a closure theorem covers exactly the delivery-free grammar and cannot be silently reused. Residue-1-at-transport-scope is OPEN above cap; [I1] Martin/R-theory is the named successor tool. No infinite-volume claim. The generated record's campaign closes on this honest boundary.
