[d44c — multi-author arbitration vs order-dimension <= 2]
  banner: p/r/n events ONLY (transport excluded by construction
  — that mechanism is S4's, decided at d43d NG3b); the g2 oracle
  + exact D* + width diagnostic ported code-faithfully from the
  committed d43d receipt; the d42a admission layer exec'd
  path-anchored from the committed d42b3 receipt (single
  source); EXACT Fractions; the dimension outcome is
  PRE-REGISTERED OPEN (pin SS1) — witness and obstruction are
  both deliverable; exit 1 only on anchor/port breakage or
  internal inconsistency.  Dim checks are deduplicated by the
  register-word class (DECLARED, receipt-internal: event_poset
  is a function of the regs_of sequence; vname registers are
  single-writer — gated below — hence pred-inert; soundness
  re-sampled every 97th arb-containing history against the full
  committed builder).  D* appears ONLY as port-fidelity anchors
  and the AG0b print repair — no geometry claims from it.
[AG0 port re-anchor]
  [PASS] AG0 PORT RE-ANCHOR: S3 (6 elements) REJECTED by dim<=2; all 219 labeled 4-posets and all 4,231 labeled 5-posets PASS (the n < 6 vacuity floor, in-receipt); the n=5 D* range = [1/4, 7/20] exactly; the W6 regression (preds hard-coded from the committed d43d .out) is EXACTLY the S3 matrix and fails dim<=2; regs_of identity: n- and p-events are register-identical ({actor})  (S3 dim<=2 = False; n=4 posets = 219; n=5 posets = 4231; n=5 range = [1/4, 7/20]; W6 preds = [[], [], [], [1, 2], [0, 2], [0, 1]], dim<=2 = False, matrix == S3 = True)
  print-format note: the next line is the D44c-assigned cosmetic repair of the committed d43d NG2 median print (LOG #348): the committed '8/1037/64' decodes as below = 8, wsum = 1037/64; here below and wsum print as separate Fractions with their ratio reduced.  The terminal d43d receipt stays frozen.
  mu-mass at-or-below landscape median: below = 8, wsum = 1037/64, ratio = 512/1037 (~0.4937) [MEASURED, descriptor]
  [PASS] AG0b THE #348 PRINT REPAIR anchored: the d43d NG2 quantities rebuilt from the committed layers — AB depth-4 family 1,191 histories (the committed d42b3 family line), landscape D* in [19/64, 25/64] mean 4735/14016, family mu-weighted mean D* 23595/66368, below = 8, wsum = 1037/64, reduced ratio = 512/1037 — all EXACT matches to the committed record  (FAM = 1191; landscape [19/64, 25/64], mean 4735/14016; w_mean = 23595/66368; med = 21/64)
[AG1 exhaustive width 3 — the full p/r/n grammar]
  CAP DECLARATION: cap = 6 events (pin target 8).  Measured growth 9 / 75 / 639 / 5,865 / 54,489 / 490,851 label-level histories at depths 1..6 (~9.0x per level) => depth 7 ~ 4.4e6 and depth 8 ~ 4.0e7; at the measured ~0.6 ms per committed candidates_for call the enumeration alone would be ~45 min / ~7 h — over the < 10 min receipt budget.  DECLARED: cap 6 for the full grammar, plus the no-idle depth-7 subfamily (AG1b) and the width-4 no-idle depth-6 subfamily (AG2b).
  AG1 census: depths 1..6 totals = [9, 75, 639, 5865, 54489, 490851], arb-containing = [0, 6, 186, 3264, 41016, 426294]; label-level histories = 551928 (+ the empty root), arb-containing = 470766; canonical classes (committed canon()) = 32288; register-word classes (arb-containing) = 3309; max poset width realized = 3; dim<=2 failures = 0
  AG1 width x dim distribution over word classes {(width, dim<=2): count} = {(1, True): 15, (2, True): 780, (3, True): 2514} [MEASURED]
  AG1 cap-depth mu-mass (repaired format per AG0b): mass_arb = 435951/2048, mass_all = 3144195/4096, ratio = 96878/349355 (~0.2773) [MEASURED, descriptor]
  [PASS] AG1 EXHAUSTIVE WIDTH 3 (cap 6, declared): every admissible p/r/n history over (A,B,C) enumerated by the committed candidates_for; census anchored (totals 9/75/639/5,865/54,489/490,851; arb-containing 0/6/186/3,264/41,016/426,294 = 470,766; canonical classes 32,288; register-word classes 3,309 of which 2,514 at width 3; arb-mass ratio 96878/349355 exactly); every arb-containing poset checked dim<=2 via the register-word reduction (soundness sampled, zero mismatches); max width realized = 3 (= the actor bound); ZERO dim<=2 failures  (sampled recomputations = 4853, mismatches = 0; law violations = {'base_chain': 0, 'chain': 0, 'laminar': 0, 'nest': 0, 'samebase': 0, 'vfresh': 0})
[AG1b no-idle width 3 — declared subfamily]
  DECLARATION: n-events excluded (p/r only).  n- and p-events are register-identical (AG0 regs_of gate), so idling adds poset chain elements but no new register mechanics; the no-idle family concentrates arbitration depth.  This is a DECLARED subfamily census — no completeness claim for the full grammar beyond AG1's cap.  Cap 7 (measured no-idle growth 6/30/180/1,356/7,176/35,496/180,336; depth 8 = 954,288 ~ +3.5 min — over budget; DECLARED).
  AG1b census: depths 1..7 totals = [6, 30, 180, 1356, 7176, 35496, 180336], arb-containing = [0, 6, 132, 1356, 7176, 35496, 180336]; label-level histories = 224580 (+ the empty root), arb-containing = 224502; canonical classes (committed canon()) = 10049; register-word classes (arb-containing) = 5904; max poset width realized = 3; dim<=2 failures = 0
  AG1b width x dim distribution over word classes {(width, dim<=2): count} = {(1, True): 18, (2, True): 936, (3, True): 4950} [MEASURED]
  AG1b cap-depth mu-mass (repaired format per AG0b): mass_arb = 8613/32768, mass_all = 8613/32768, ratio = 1 (~1.0000) [MEASURED, descriptor]
  [PASS] AG1b NO-IDLE WIDTH 3 (cap 7, declared): census anchored (totals 6/30/180/1,356/7,176/35,496/180,336; arb-containing 0/6/132/1,356/7,176/35,496/180,336 — every no-idle history of depth >= 4 contains an arb; canonical classes 10,049; register-word classes 5,904 of which 4,950 at width 3; the depth-7 mass is ALL arb-mass, ratio 1); two-level mint towers reached (root + child + grandchild structures at depth 7); ZERO dim<=2 failures; max width = 3  (sampled = 2314, mismatches = 0; law violations = {'base_chain': 0, 'chain': 0, 'laminar': 0, 'nest': 0, 'samebase': 0, 'vfresh': 0})
[AG2a the crown programs — width 6 and the width-3 cascade]
  P1 (bottoms {A,F},{B,D},{C,E} on V0 — the S3 bottom row):
    ('p', 'A', ('v', 'v0'), 0)  ->  admissible = True, q = 1/8
    ('p', 'F', ('v', 'v0'), 1)  ->  admissible = True, q = 1/8
    ('r', 'A', {('A', ('v', 'v0'), 0), ('F', ('v', 'v0'), 1)}, {('A', ('v', 'v0'), 0)})  ->  admissible = True, q = 1/8
    ('p', 'B', ('v', 'v0'), 0)  ->  admissible = True, q = 1/8
    ('p', 'D', ('v', 'v0'), 1)  ->  admissible = True, q = 1/8
    ('r', 'B', {('B', ('v', 'v0'), 0), ('D', ('v', 'v0'), 1)}, {('B', ('v', 'v0'), 0)})  ->  admissible = True, q = 1/8
    ('p', 'C', ('v', 'v0'), 0)  ->  admissible = True, q = 1/8
    ('p', 'E', ('v', 'v0'), 1)  ->  admissible = True, q = 1/8
    ('r', 'C', {('C', ('v', 'v0'), 0), ('E', ('v', 'v0'), 1)}, {('C', ('v', 'v0'), 0)})  ->  admissible = True, q = 1/8
    P1: n = 9, width = 6, dim<=2 = True
    P1 candidate census: 18 candidates, 0 arbs, 0 pool-crossing arbs
    per-actor proposable bases after P1 (each actor is confined to its OWN pool's mint):
      A: [('v', ('v', 'v0'), (0,), ('A',), 'A')]
      B: [('v', ('v', 'v0'), (0,), ('B',), 'B')]
      C: [('v', ('v', 'v0'), (0,), ('C',), 'C')]
      D: [('v', ('v', 'v0'), (0,), ('B',), 'B')]
      E: [('v', ('v', 'v0'), (0,), ('C',), 'C')]
      F: [('v', ('v', 'v0'), (0,), ('A',), 'A')]
  [PASS] AG2a-P1 the S3 BOTTOM ROW EXISTS: three cross-authored pair-arbs on V0, pairwise incomparable, every event admissible at exactly 1/8 — realized width 6 with >= 2 coexisting cross-authored arbs; and the TOP ROW STARVES: the terminal candidate census has ZERO arb candidates (so zero pool-crossing arbs); each actor's proposable bases = exactly its own pool's mint  (9 events all q = 1/8; incomparable arb pairs = 3/3; dim<=2 = True, width = 6)
  P2 (global 6-pool mint on V0, then pair-arbs {A,F},{B,D},{C,E} on the mint v*):
    ('p', 'A', ('v', 'v0'), 0)  ->  admissible = True, q = 1/8
    ('p', 'B', ('v', 'v0'), 1)  ->  admissible = True, q = 1/8
    ('p', 'C', ('v', 'v0'), 0)  ->  admissible = True, q = 1/8
    ('p', 'D', ('v', 'v0'), 1)  ->  admissible = True, q = 1/8
    ('p', 'E', ('v', 'v0'), 0)  ->  admissible = True, q = 1/8
    ('p', 'F', ('v', 'v0'), 1)  ->  admissible = True, q = 1/8
    ('r', 'A', {('A', ('v', 'v0'), 0), ('B', ('v', 'v0'), 1), ('C', ('v', 'v0'), 0), ('D', ('v', 'v0'), 1), ('E', ('v', 'v0'), 0), ('F', ('v', 'v0'), 1)}, {('A', ('v', 'v0'), 0), ('C', ('v', 'v0'), 0), ('E', ('v', 'v0'), 0)})  ->  admissible = True, q = 1/8
    ('p', 'A', ('v', ('v', 'v0'), (0,), ('A', 'C', 'E'), 'A'), 0)  ->  admissible = True, q = 1/8
    ('p', 'F', ('v', ('v', 'v0'), (0,), ('A', 'C', 'E'), 'A'), 1)  ->  admissible = True, q = 1/8
    ('r', 'A', {('A', ('v', ('v', 'v0'), (0,), ('A', 'C', 'E'), 'A'), 0), ('F', ('v', ('v', 'v0'), (0,), ('A', 'C', 'E'), 'A'), 1)}, {('A', ('v', ('v', 'v0'), (0,), ('A', 'C', 'E'), 'A'), 0)})  ->  admissible = True, q = 1/8
    ('p', 'B', ('v', ('v', 'v0'), (0,), ('A', 'C', 'E'), 'A'), 0)  ->  admissible = True, q = 1/8
    ('p', 'D', ('v', ('v', 'v0'), (0,), ('A', 'C', 'E'), 'A'), 1)  ->  admissible = True, q = 1/8
    ('r', 'B', {('B', ('v', ('v', 'v0'), (0,), ('A', 'C', 'E'), 'A'), 0), ('D', ('v', ('v', 'v0'), (0,), ('A', 'C', 'E'), 'A'), 1)}, {('B', ('v', ('v', 'v0'), (0,), ('A', 'C', 'E'), 'A'), 0)})  ->  admissible = True, q = 1/8
    ('p', 'C', ('v', ('v', 'v0'), (0,), ('A', 'C', 'E'), 'A'), 0)  ->  admissible = True, q = 1/8
    ('p', 'E', ('v', ('v', 'v0'), (0,), ('A', 'C', 'E'), 'A'), 1)  ->  admissible = True, q = 1/8
    ('r', 'C', {('C', ('v', ('v', 'v0'), (0,), ('A', 'C', 'E'), 'A'), 0), ('E', ('v', ('v', 'v0'), (0,), ('A', 'C', 'E'), 'A'), 1)}, {('C', ('v', ('v', 'v0'), (0,), ('A', 'C', 'E'), 'A'), 0)})  ->  admissible = True, q = 1/8
    P2: n = 16, width = 6, dim<=2 = True
    P2 candidate census: 18 candidates, 0 arbs, 0 pool-crossing arbs
  [PASS] AG2a-P2 THE MULTI-BASE LAYOUT: the global 6-pool mint gives ALL SIX actors one shared base v*, the bottom row re-forms ON v* (view-local components — each pair's component is just its own two proposals), all 16 events admissible; and the supersession law strikes ONE LEVEL UP: after the pair-arbs the terminal census again has ZERO arb candidates — the tops starve at every level; dim<=2 holds at width 6  (n = 16; dim<=2 = True, width = 6)
  P3 (delayed B — pool {A,B} on V0 after A's V0-arb?):
    ('p', 'A', ('v', 'v0'), 0)  ->  admissible = True, q = 1/8
    ('p', 'F', ('v', 'v0'), 1)  ->  admissible = True, q = 1/8
    ('r', 'A', {('A', ('v', 'v0'), 0), ('F', ('v', 'v0'), 1)}, {('A', ('v', 'v0'), 0)})  ->  admissible = True, q = 1/8
    ('p', 'B', ('v', 'v0'), 1)  ->  admissible = True, q = 1/8
  [PASS] AG2a-P3 SUPERSESSION TIMING: after A's V0-arb, A's re-proposal on V0 is INADMISSIBLE (V0 superseded in A's view) while fresh B holds only V0 — the {A,B} pool has no common live base; the only arb candidate at the state is B's self-arb ({B},) — cross-pool arbitration cannot form on V0  (p(A,V0,0) re-admissible = False; arb candidate author-sets = [('B',)])
  P4 (mint {A,B} first, then attempt the {A,F} pool):
    ('p', 'A', ('v', 'v0'), 0)  ->  admissible = True, q = 1/8
    ('p', 'B', ('v', 'v0'), 1)  ->  admissible = True, q = 1/8
    ('r', 'A', {('A', ('v', 'v0'), 0), ('B', ('v', 'v0'), 1)}, {('A', ('v', 'v0'), 0)})  ->  admissible = True, q = 1/8
  [PASS] AG2a-P4 MINT-FIRST ORDERING FAILS THE CROSS TOO: after the {A,B} mint, F cannot propose on v_AB (not a holder) and A cannot propose on V0 (superseded) — F's V0-proposal stands alone and no {A,F} arb candidate exists at the state  (p(F,v_AB) = False; p(A,V0) = False; p(F,V0) = True; {A,F} arb candidates = 0)
  P5 (width-3 cascade: mint {A,B,C}; child {A,B}; attempt the non-laminar {B,C}):
    ('p', 'A', ('v', 'v0'), 0)  ->  admissible = True, q = 1/8
    ('p', 'B', ('v', 'v0'), 1)  ->  admissible = True, q = 1/8
    ('p', 'C', ('v', 'v0'), 0)  ->  admissible = True, q = 1/8
    ('r', 'A', {('A', ('v', 'v0'), 0), ('B', ('v', 'v0'), 1), ('C', ('v', 'v0'), 0)}, {('A', ('v', 'v0'), 0), ('C', ('v', 'v0'), 0)})  ->  admissible = True, q = 1/6
    ('p', 'A', ('v', ('v', 'v0'), (0,), ('A', 'C'), 'A'), 0)  ->  admissible = True, q = 1/8
    ('p', 'B', ('v', ('v', 'v0'), (0,), ('A', 'C'), 'A'), 1)  ->  admissible = True, q = 1/8
    ('r', 'A', {('A', ('v', ('v', 'v0'), (0,), ('A', 'C'), 'A'), 0), ('B', ('v', ('v', 'v0'), (0,), ('A', 'C'), 'A'), 1)}, {('A', ('v', ('v', 'v0'), (0,), ('A', 'C'), 'A'), 0)})  ->  admissible = True, q = 1/8
    P5: n = 8, width = 3, dim<=2 = True
    P5 candidate census: 8 candidates, 1 arbs, 0 pool-crossing arbs
  [PASS] AG2a-P5 THE COMPONENT LAW AT WIDTH 3: the {A,B,C} mint is one 3-component (connected conflict graph) consumed whole; the child {A,B} re-forms on the mint; then B CANNOT re-propose on v_ABC (its child-arb superseded it in B's view) while C still can (the child is not in C's chain) — so the non-laminar {B,C} pool is unrealizable and C's only arb option is its self-arb: sibling pools are forced DISJOINT  (p(B,v_ABC) = False; p(C,v_ABC) = True; arb author-sets at the state = [('C',)])
[AG2b exhaustive no-idle width 4 — declared subfamily]
  DECLARATION: actors (A,B,C,D), p/r only, cap 6 (measured growth 8/56/448/4,864/48,896/382,592; depth 7 ~ 3e6 — over budget; DECLARED).  This is the systematic core of the guided-width search: every <= 6-event no-idle layout at width 4 — all pool shapes, bit patterns, orderings and supersession timings — is in this family.
  AG2b census: depths 1..6 totals = [8, 56, 448, 4864, 48896, 382592], arb-containing = [0, 8, 256, 4480, 48896, 382592]; label-level histories = 436864 (+ the empty root), arb-containing = 436232; canonical classes (committed canon()) = 16273; register-word classes (arb-containing) = 11936; max poset width realized = 4; dim<=2 failures = 0
  AG2b width x dim distribution over word classes {(width, dim<=2): count} = {(1, True): 20, (2, True): 876, (3, True): 5568, (4, True): 5472} [MEASURED]
  AG2b cap-depth mu-mass (repaired format per AG0b): mass_arb = 2749/1024, mass_all = 2749/1024, ratio = 1 (~1.0000) [MEASURED, descriptor]
  [PASS] AG2b EXHAUSTIVE NO-IDLE WIDTH 4 (cap 6, declared): census anchored (totals 8/56/448/4,864/48,896/382,592; arb-containing 0/8/256/4,480/48,896/382,592 = 436,232; canonical classes 16,273; register-word classes 11,936 of which 5,472 at width 4; the depth-6 mass is ALL arb-mass, 2749/1024); every arb-containing poset dim<=2-checked via the register-word reduction; ZERO failures; max width realized = 4 (the actor bound); the transport contrast is SHARP: at four actors transport fails dim<=2 at six events (d43d NG3b W4) — arbitration at the same width and event count NEVER does  (arb-containing = [0, 8, 256, 4480, 48896, 382592]; sampled = 4497, mismatches = 0; law violations = {'base_chain': 0, 'chain': 0, 'laminar': 0, 'nest': 0, 'samebase': 0, 'vfresh': 0})
[AG2c F-CROSS — systematic non-laminar pool-pair attempts]
  DECLARATION: for every ordered pair (X, Y) of actor subsets with 2 <= |X|,|Y| <= 3, X and Y overlapping and non-nested (the minimal non-laminar configurations — the crown's prerequisite): execute X's pool, then attempt Y's pool on EVERY base then available ({V0} + all mints), in four contexts: direct (both on V0), global (all-actor mint first), parent (mint over X union Y first), interleaved (Y's proposals placed BEFORE X's arb — the supersession-timing evasion).  Every event admission-checked with exact weights via the committed admissible(); arbs CONSTRUCTED with the full wkey-subset sweep (the SIG-chain convention — constructed, not enumerated; wkey never affects holders or the poset); repeated states served from a cache (identical prefixes rebuilt once).  Bit patterns: the lex rule everywhere; PLUS the full 2^|X u Y| bit sweep over the 4-actor pairs in the direct and interleaved contexts (bit-completeness at widths 3..4 is already exhaustive via AG1/AG2b at their caps; DECLARED).  Backstop at every reached non-interleaved state: the full committed candidates_for enumeration, scanned for ANY pool-crossing arb candidate.  A cross SUCCESS would be a dim>2 candidate; the census gates zero successes and categorizes every death.
  UNIVERSE NOTE (mechanical, gated): the committed admissible is the 2-argument d42a form — a function of (acts, event) only, with NO actor-universe argument — so a pool-pair attempt's fate is identical in every universe containing its actors; the main sweep therefore runs the 6-actor universe over ALL 840 ordered overlapping non-nested 2-3-element pool pairs (subsuming the width-3..5 patterns), the at-state enumerator census runs with the LARGEST candidate space (actors = 6), and the width-3 pairs are re-run in the width-3 universe and gated status-identical (the independence gate).
  F-CROSS 6-actor-universe census {(universe, context, outcome): count} = {(6, 'direct', 'Y-p-death'): 840, (6, 'direct', 'Y-r-death'): 840, (6, 'global', 'Y-p-death'): 840, (6, 'global', 'Y-r-death'): 1680, (6, 'interleaved', 'Y-p-death'): 840, (6, 'interleaved', 'Y-r-death'): 840, (6, 'parent', 'Y-p-death'): 840, (6, 'parent', 'Y-r-death'): 1680}
  F-CROSS width-3 independence-gate census = {(3, 'direct', 'Y-p-death'): 6, (3, 'direct', 'Y-r-death'): 6, (3, 'global', 'Y-p-death'): 6, (3, 'global', 'Y-r-death'): 12, (3, 'interleaved', 'Y-p-death'): 6, (3, 'interleaved', 'Y-r-death'): 6, (3, 'parent', 'Y-p-death'): 6, (3, 'parent', 'Y-r-death'): 12}
  F-CROSS post-X state widths {poset width: states} = {2: 15, 3: 80, 4: 150, 5: 60, 6: 35} [AG4; one entry per cached non-interleaved state, MEASURED; no dim evidence is drawn from these states — they are death exhibits]
  F-CROSS totals: 8400 lex-bit Y-attempts (840 pairs x 10 context-base slots), every one dead (p-death = the proposal inadmissible: supersession or non-holding; r-death = no admissible arb over the placed proposals)
  F-CROSS width-4 bit sweep: 1920 Y-attempts over all 2^|X u Y| patterns, successes = 0
  [PASS] AG2c F-CROSS: ZERO successes over all 840 ordered overlapping non-nested pool pairs x 4 contexts x every available base in the 6-actor universe (8,400 lex-bit attempts, census anchored exactly: every Y-attempt is a p-death or an r-death), the width-3 universe re-run, and the full width-4 bit sweep (1,920 attempts); the width-3 universe-independence gate holds (status-identical to the 6-actor run on the universe-free contexts); at every one of the 340 cached post-X states the committed candidate enumeration itself offers ZERO pool-crossing arb candidates; state widths {2: 15, 3: 80, 4: 150, 5: 60, 6: 35} — the non-laminar (crown-prerequisite) configurations are unrealizable at every probed state  (ordered pairs = 840; Y-attempt total = 8400; cached post-X states = 340; independence gate = True; bit-sweep attempts = 1920)
[AG2d F-LAM — the laminar mint-forest family]
  DECLARATION: all laminar pool forests over widths 3..6 with <= 3 pools, pool sizes in {2, 3, w (root only)}, children subsets of parents (towers = same set allowed), sibling children disjoint, executed parents-first with the lex bit rule and constructed arbs (first admissible wkey, declared); event-count cap n <= 14.  The POSITIVE half of the component law: these are the layouts the admission layer accepts; each is gated all-admissible, dim<=2-checked, width-printed (AG4).
  F-LAM shape census {(width, ((poolsize, parent), ...), n, poset-width, dim<=2): count} — every candidate's width computed and entered (AG4); width <= 2 rows are theorem-passes, not evidence:
    (3, ((2, -1), (2, 0)), 6, 2, True): 3  [theorem, not evidence]
    (3, ((2, -1), (2, 0), (2, 1)), 9, 2, True): 3  [theorem, not evidence]
    (3, ((2, -1),), 3, 2, True): 3  [theorem, not evidence]
    (3, ((2, 0), (2, 1), (3, -1)), 10, 3, True): 3
    (3, ((2, 0), (3, -1)), 7, 3, True): 3
    (3, ((2, 1), (3, -1), (3, 0)), 11, 3, True): 3
    (3, ((3, -1), (3, 0)), 8, 3, True): 1
    (3, ((3, -1), (3, 0), (3, 1)), 12, 3, True): 1
    (3, ((3, -1),), 4, 3, True): 1
    (4, ((2, -1), (2, -1)), 6, 4, True): 3
    (4, ((2, -1), (2, -1), (2, 0)), 9, 4, True): 3
    (4, ((2, -1), (2, -1), (2, 1)), 9, 4, True): 3
    (4, ((2, -1), (2, 0)), 6, 2, True): 6  [theorem, not evidence]
    (4, ((2, -1), (2, 0), (2, 1)), 9, 2, True): 6  [theorem, not evidence]
    (4, ((2, -1),), 3, 2, True): 6  [theorem, not evidence]
    (4, ((2, 0), (2, 0), (4, -1)), 11, 4, True): 3
    (4, ((2, 0), (2, 1), (3, -1)), 10, 3, True): 12
    (4, ((2, 0), (2, 1), (4, -1)), 11, 4, True): 6
    (4, ((2, 0), (3, -1)), 7, 3, True): 12
    (4, ((2, 0), (4, -1)), 8, 4, True): 6
    (4, ((2, 1), (3, -1), (3, 0)), 11, 3, True): 12
    (4, ((2, 1), (3, 0), (4, -1)), 12, 4, True): 12
    (4, ((2, 1), (4, -1), (4, 0)), 13, 4, True): 6
    (4, ((3, -1), (3, 0)), 8, 3, True): 4
    (4, ((3, -1), (3, 0), (3, 1)), 12, 3, True): 4
    (4, ((3, -1),), 4, 3, True): 4
    (4, ((3, 0), (3, 1), (4, -1)), 13, 4, True): 4
    (4, ((3, 0), (4, -1)), 9, 4, True): 4
    (4, ((3, 1), (4, -1), (4, 0)), 14, 4, True): 4
    (4, ((4, -1), (4, 0)), 10, 4, True): 1
    (4, ((4, -1),), 5, 4, True): 1
    (5, ((2, -1), (2, -1)), 6, 4, True): 15
    (5, ((2, -1), (2, -1), (2, 0)), 9, 4, True): 15
    (5, ((2, -1), (2, -1), (2, 1)), 9, 4, True): 15
    (5, ((2, -1), (2, 0)), 6, 2, True): 10  [theorem, not evidence]
    (5, ((2, -1), (2, 0), (2, 1)), 9, 2, True): 10  [theorem, not evidence]
    (5, ((2, -1), (2, 0), (3, -1)), 10, 5, True): 10
    (5, ((2, -1), (2, 1), (3, -1)), 10, 5, True): 30
    (5, ((2, -1), (3, -1)), 7, 5, True): 10
    (5, ((2, -1), (3, -1), (3, 1)), 11, 5, True): 10
    (5, ((2, -1),), 3, 2, True): 10  [theorem, not evidence]
    (5, ((2, 0), (2, 0), (5, -1)), 12, 5, True): 15
    (5, ((2, 0), (2, 1), (3, -1)), 10, 3, True): 30
    (5, ((2, 0), (2, 1), (5, -1)), 12, 5, True): 10
    (5, ((2, 0), (3, -1)), 7, 3, True): 30
    (5, ((2, 0), (3, 0), (5, -1)), 13, 5, True): 10
    (5, ((2, 0), (5, -1)), 9, 5, True): 10
    (5, ((2, 1), (3, -1), (3, 0)), 11, 3, True): 30
    (5, ((2, 1), (3, 0), (5, -1)), 13, 5, True): 30
    (5, ((3, -1), (3, 0)), 8, 3, True): 10
    (5, ((3, -1), (3, 0), (3, 1)), 12, 3, True): 10
    (5, ((3, -1),), 4, 3, True): 10
    (5, ((3, 0), (3, 1), (5, -1)), 14, 5, True): 10
    (5, ((3, 0), (5, -1)), 10, 5, True): 10
    (5, ((5, -1), (5, 0)), 12, 5, True): 1
    (5, ((5, -1),), 6, 5, True): 1
    (6, ((2, -1), (2, -1)), 6, 4, True): 45
    (6, ((2, -1), (2, -1), (2, -1)), 9, 6, True): 15
    (6, ((2, -1), (2, -1), (2, 0)), 9, 4, True): 45
    (6, ((2, -1), (2, -1), (2, 1)), 9, 4, True): 45
    (6, ((2, -1), (2, 0)), 6, 2, True): 15  [theorem, not evidence]
    (6, ((2, -1), (2, 0), (2, 1)), 9, 2, True): 15  [theorem, not evidence]
    (6, ((2, -1), (2, 0), (3, -1)), 10, 5, True): 60
    (6, ((2, -1), (2, 1), (3, -1)), 10, 5, True): 180
    (6, ((2, -1), (3, -1)), 7, 5, True): 60
    (6, ((2, -1), (3, -1), (3, 1)), 11, 5, True): 60
    (6, ((2, -1),), 3, 2, True): 15  [theorem, not evidence]
    (6, ((2, 0), (2, 0), (6, -1)), 13, 6, True): 45
    (6, ((2, 0), (2, 1), (3, -1)), 10, 3, True): 60
    (6, ((2, 0), (2, 1), (6, -1)), 13, 6, True): 15
    (6, ((2, 0), (3, -1)), 7, 3, True): 60
    (6, ((2, 0), (3, -1), (3, -1)), 11, 6, True): 30
    (6, ((2, 0), (3, 0), (6, -1)), 14, 6, True): 60
    (6, ((2, 0), (6, -1)), 10, 6, True): 15
    (6, ((2, 1), (3, -1), (3, -1)), 11, 6, True): 30
    (6, ((2, 1), (3, -1), (3, 0)), 11, 3, True): 60
    (6, ((2, 1), (3, 0), (6, -1)), 14, 6, True): 60
    (6, ((3, -1), (3, -1)), 8, 6, True): 10
    (6, ((3, -1), (3, -1), (3, 0)), 12, 6, True): 10
    (6, ((3, -1), (3, -1), (3, 1)), 12, 6, True): 10
    (6, ((3, -1), (3, 0)), 8, 3, True): 20
    (6, ((3, -1), (3, 0), (3, 1)), 12, 3, True): 20
    (6, ((3, -1),), 4, 3, True): 20
    (6, ((3, 0), (6, -1)), 11, 6, True): 20
    (6, ((6, -1), (6, 0)), 14, 6, True): 1
    (6, ((6, -1),), 7, 6, True): 1
  [PASS] AG2d F-LAM: all 1,597 laminar mint-forest layouts in the declared family execute fully admissibly (ZERO deaths — laminar layouts are exactly what the layer accepts), ZERO dim<=2 failures at widths 3..6 up to 14 events, and configurations with THREE pairwise-incomparable cross-authored arbs are realized (the pin's >= 2 exceeded)  (forests executed = 1597; deaths = 0; dim failures = 0; max pairwise-incomparable arb pairs in one layout = 3)
[AG3 the component law, made mechanical]
  THE COMPONENT-CONFINEMENT LAW (the five clauses gated mechanically, zero violations, over the three EXHAUSTIVE families — width 3 <= 6 events full grammar, width 3 <= 7 no-idle, width 4 <= 6 no-idle — every history checked at creation; the AG2a/AG2c/AG2d constructor runs at widths up to 6 exhibit the law's consequences: laminar layouts all-admissible, every crossing attempt dead, starvation at the pinned points):
    (i)   LAMINARITY: the pools of any two arb events are disjoint or nested;
    (ii)  SIBLING DISJOINTNESS: arbs on a common base have disjoint pools;
    (iii) THE MINT CHAIN: each actor's successive arb pools are nested decreasing, and each arb's base is exactly the vname minted by that actor's previous arb (V0 for its first);
    (iv)  THE CHAIN LAW: any two events whose register sets intersect are comparable — so incomparable arbs have disjoint pools, each actor's events form a chain, and poset width <= actor width;
    (v)   VNAME FRESHNESS: no vname register is ever written twice.
  CONSEQUENCE (the crown obstruction, exhibited by AG2a/AG2c): the S3 crown needs three pairwise-incomparable tops each above two of three pairwise-incomparable bottoms; with (i)+(iv), a top sharing an actor with a bottom has a pool nested with that bottom's pool, and the required overlap pattern {A,B} vs {A,F} vs {B,D} is non-laminar — the pool pairs that would build the crown are exactly the F-CROSS deaths.  Arbitration's covering structure is confined to a laminar mint forest; the crown pattern is unrealizable at the tested scales.
  [PASS] AG3 THE COMPONENT-CONFINEMENT LAW GATED: zero violations of (i)-(v) across 1,213,372 label-level histories (AG1 551,928 + AG1b 224,580 + AG2b 436,864 with their arb-containing subsets, register-word classes included) and zero F-CROSS successes; the law is the pinned obstruction horn made mechanical — the exact confinement statement above is the deliverable in the no-witness branch  (aggregate law violations = {'base_chain': 0, 'chain': 0, 'laminar': 0, 'nest': 0, 'samebase': 0, 'vfresh': 0})
[AG4 width discipline]
  dim-capable (EVIDENCE) stratum — n >= 6 AND width >= 3 — register-word classes: AG1 = 2034, AG1b = 4596, AG2b = 9000; every width <= 2 pass is a THEOREM (width doctrine, d43d note SS3/F2), every n < 6 pass is FLOOR (AG0's 219/4,231 anchors); the widths of all AG2 candidates are printed in their own sections (P1/P2/P5 state lines, the F-CROSS state-width table, the F-LAM shape census).
  [PASS] AG4 WIDTH DISCIPLINE: the evidence stratum is NON-EMPTY at every exhaustive gate (2,034 / 4,596 / 9,000 register-word classes at n >= 6 and width >= 3 — the dim question was live, not width-vacuous); all width <= 2 classes pass dim<=2 (Dilworth tripwire — a width <= 2 dim failure would be an oracle bug); no dim<=2 pass outside the evidence stratum is cited as evidence anywhere in this receipt  (evidence-stratum classes = 2034/4596/9000; width<=2 all-pass = True)
  [PASS] AG5 HONEST FLOOR: (a) the n < 6 vacuity is re-cited with in-receipt proof (all 219 n=4 and all 4,231 n=5 labeled posets pass dim<=2 — AG0), so no sub-6-event configuration can witness anything; (b) all family-level quantities (mu-masses, distributions, censuses) are labeled MEASURED descriptors; (c) NO manifoldlikeness claim and no dimension-estimator statement appears anywhere — the only dimension statement is the exact order-dimension gate; (d) the caps (AG1 = 6 full, AG1b = 7 no-idle, AG2b = 6 no-idle width 4, AG2c/AG2d constructor caps) are DECLARED with their measured growth tables; (e) the no-idle subfamilies claim no full-grammar completeness beyond AG1's cap  (scope per pin SS1/SS4)

[SUMMARY] 15 PASS / 0 FAIL
[VERDICT] d44c delivered — THE OBSTRUCTION HORN (pin SS2, decided by enumeration): arbitration structure ALONE does NOT generate order-dimension > 2 at the tested scales — zero dim<=2 failures across 1,213,372 label-level p/r/n histories (exhaustive width 3 to 6 events full-grammar / 7 no-idle; exhaustive width 4 to 6 events no-idle) and every constructor state at widths 3..6.  The mechanism is the COMPONENT-CONFINEMENT LAW (AG3, gated): supersession + whole-component consumption confine arb pools to a laminar mint forest with per-actor nested chains, and the crown's non-laminar overlap pattern starves — every cross attempt dies exactly where the law says (AG2a/AG2c).  Arbitration realizes width (up to the actor bound, three pairwise-incomparable cross-authored arbs coexisting) but cannot convert width into dimension; TRANSPORT'S MECHANISM STATUS SHARPENS TOWARD UNIQUENESS: at four actors and six events transport fails dim<=2 (d43d NG3b) while arbitration at the same scale never does.  The dimension question was pre-registered open; this is the obstruction answer at the declared caps.
