[d44e — the per-type reception census (RG0-RG4)]
  banner: EXACT census/weights/keys (Fractions/ints); mpmath
  dps 50 / 1e-40 ONLY at the RG2/RG3 isometry gates (declared
  float entry points: probe amplitudes + the committed
  0.2599... regression literal); layers exec'd __file__-
  anchored from the committed d42b3 + d42b2 heads (single
  sources); click weights CITED from d42b2, click FORMS
  censused; D25/D27 cited as the reception requirements;
  probe basis capped at 12 per type for the mp gates only
  (declared; every exact census runs on the FULL basis);
  pre-registered outcomes per the pin (a failed reception
  gate would be a DELIVERED finding, distinguished from a
  broken probe by the probe-sanity pre-gates).
  [PASS] RG0a-i EVENT KINDS derived from the grammar source (the kind-dispatch literals of the two committed layer heads, scanned mechanically): the d42a layer speaks {n,p,r}; the d42b1+click layer speaks {d,ka,kc,ko,m,n,p,r} (anchors)  (scan(d42b3 head) = ['n', 'p', 'r']; scan(d42b2 head) = ['d', 'ka', 'kc', 'ko', 'm', 'n', 'p', 'r'])
  [PASS] RG0a-ii VERSION-RECORD constructors read from the layer: genesis V0 ('v','v0'); arb-created vname(...) 5-tuple tagged 'v'; merge-created mname(...) 5-tuple tagged ('v','m') — three version types, dispatch per the layer's value_of  (V0 = ('v','v0'); vname = 5-tuple ('v', base, value, authors, init); mname = 5-tuple ('v', 'm', pair, value, init))
  [PASS] RG0a-iii THE INVENTORY: 8 event types (the union kind set) + 3 version types = 11 censused types; every predicate is grammar-derived (kind tag / constructor shape); predicates pairwise disjoint by construction, gated instance-wise below  (types = ['p', 'r', 'n', 'd', 'm', 'ko', 'kc', 'ka', 'v0', 'v.arb', 'v.mrg'])
  [PASS] RG0b-i the depth-4 d42a family enumerated FROM the layer (d42b3's own enumerate_family; single source): 1,191 members — the committed d43d-NG2 / paper-31 census [1,7,39,215,1191] cumulative by depth — carrying 4,502 event instances  (per-depth = [1, 6, 32, 176, 976]; cumulative = [1, 7, 39, 215, 1191]; event instances = 4502)
  [PASS] RG0b-ii FAMILY CENSUS (version-instance convention: genesis once per member + one arb-created version per r position): every instance classified into EXACTLY one type — zero unclassified, zero multi-match, zero multi-base ckeys (A6 coherence); the d42a family realizes {p, r, n, v0, v.arb} and leaves {d, ka, kc, ko, m, v.mrg} EMPTY THERE (printed as such; those kinds live in the d42b1+click fixtures below)  (event instances p/r/n = 2128/748/1626; version instances = 1939 (v0 1191 + v.arb 748); empty at family = ['d', 'ka', 'kc', 'ko', 'm', 'v.mrg'])
  [PASS] RG0b-iii the (actor,base) CENSUS-KEY UPGRADE EXECUTED (d42b7-N1, LOG #316): the STRONG census — live proposals keyed (actor,base) over ALL proposals — has multiplicity <= 1 in every family member, and the referee's A8-fake [(p,A,V0,0),(p,A,V0,1)] is INADMISSIBLE in the layer (the second same-key proposal is refused)  (violations = 0/1191; fake admissible = False)
  [PASS] RG0b-iv FIXTURES VALID against the layer (10 fixtures: the committed d42b2 click chains both orders, the concurrent two-chain triple, the SIG-chain merge points, + the DECLARED receipt-built value-equal pair FXD): every non-click event admissible in place; the committed d42b2-M4 anchors re-gated (merge@D1 = 1/8 both winners; arb@D2 = merge@D2 = 1/16). PROVENANCE (round-1 M-2): these prices are the d42b2-EMBEDDED transport head's — PRE-#300 d42b1 text whose merge denominator DIVERGES from the terminal d42b1 (D2H: 1/16 embedded vs 1/24 terminal); the anchors gate the embedded layer AS COMMITTED, and the reconciliation is a standing corpus obligation (LOG #363). The value-equal branch DERIVED (w = 'both' forced at q = 1/4; a named winner refused); distinct click orders = distinct canons (committed fact re-gated)  (anchors 1/8, 1/8, 1/16, 1/16; both-branch q = 1/4; click canons distinct = True)
  [PASS] RG0 COMPLETE (the RG0 gate): every record instance across the family + fixtures classified into exactly one censused type — zero unclassified, zero multi-match; ALL 11 types realized somewhere (empty-at-family types realized at the fixture grain); cross-layer coherence: regs_of IDENTICAL on every distinct family record under both committed layers  (total instances = 6567 (family 4502+1939; fixtures 90+36); realized types 11/11)
  [PASS] RG0-ANCHOR (round-1 minor repair) the headline splits as EXACT EXPECTATIONS (previously print-only): family events p 2128 / r 748 / n 1626; family versions v0 1191 / v.arb 748; fixture instances 90 + 36; total 6567; the per-type distinct-record counts  (splits gated; distinct = {'d': 4, 'ka': 3, 'kc': 3, 'ko': 3, 'm': 3, 'n': 3, 'p': 40, 'r': 23, 'v.arb': 20, 'v.mrg': 3, 'v0': 1})
  [PASS] RG0-SCOPE (round-1 minor repair) GENERATOR-SCOPED completeness, stated and negatively controlled: both committed layers' kind dispatch is OPEN at the else branch (an alien-tagged event is admissible there at 1/4-family prices), so 'completeness by construction' claims coverage of LAYER-GENERATED records only; the censused predicates REJECT an alien tag (zero matches) rather than absorb it  (alien ('z', 'A') matched by no censused type)
  [RG1 TABLE] type | fam-inst | fix-inst | distinct | arity | keys | carrier signature   [EXACT]
    p     |     2128 |       33 |       40 |     4 |   21 | actorx1
          slots[1:]: [actor, version, payload]
    r     |      748 |       14 |       23 |     4 |    8 | actorx1..2+versionx1
          slots[1:]: [actor, triple-set, triple-set]
    n     |     1626 |        2 |        3 |     2 |    3 | actorx1
          slots[1:]: [actor]
    d     |        0 |       13 |        4 |     4 |    2 | actorx2
          slots[1:]: [actor, actor, version]
    m     |        0 |        4 |        3 |     4 |    1 | actorx1+mwirex1
          slots[1:]: [actor, version-pair, 'both'|version]
    ko    |        0 |        8 |        3 |     4 |    2 | actorx2
          slots[1:]: [actor, triple-set, triple]
    kc    |        0 |        8 |        3 |     4 |    2 | actorx1
          slots[1:]: [actor, triple-set, triple]
    ka    |        0 |        8 |        3 |     4 |    2 | actorx1+versionx1
          slots[1:]: [actor, triple-set, triple-set]
    v0    |     1191 |       10 |        1 |     2 |    1 | self-register (holders per holdings())
          slots[1:]: [genesis-tag]
    v.arb |      748 |       22 |       20 |     5 |    9 | self-register (holders per holdings())
          slots[1:]: [version, value, authors, actor]
    v.mrg |        0 |        4 |        3 |     5 |    1 | self-register (holders per holdings())
          slots[1:]: [merge-tag, version-pair, value, actor]
  [PASS] RG1 the CARRIER/DATA TABLE read mechanically from the layer (regs_of per A1/A6 on every realized instance; arity constant per type; the (actor,base) census key TOTAL on all 11 types; A6 single-base coherence on every keyed ckey; merge-pair base coherence); STRUCTURAL READ (round-1 minor wording): r/ka creation writes the version INTO the creator's registers, while the merge-created mname is absent from regs_of(m) — a WRITE-ONCE wire never read downstream at the tested grain (mname occurs in ZERO realized input slots family+fixture-wide); mediation is via View.created — printed, not assumed  (arity/keys/base-coherence all clean; the m wire-mediation census fact printed above)
  [PASS] RG2-0 REGRESSION ANCHOR: the committed d42b4 basis-copy reception form, faithfully RE-IMPLEMENTED (round-1 nit: not a verbatim re-run; 3-dim, 5 probes, 10 pairs preserved at 1e-40) and the d41d-R3 lossy control fires at the COMMITTED 0.2599... value, matched to 1e-40 against the committed literal (TRUNCATED, not rounded, at its 80th digit)  (control violation = 0.25989318568658958511900962835859379219671226576617)
  [PASS] RG2-p probe sanity (the broken-probe discriminator): all 15 probes unit-norm at 1e-40  (basis 40 (capped 12); + weighted probe from exact layer mass)
  [PASS] RG2-p RECEPTION ISOMETRY on the type's OWN carrier/data structure (e_rec -> e_rec (x) e_imprint(rec); 105 probe pairs at 1e-40) [family + fixture grain]  (max |D_in - D_out| = 0.0)
  [PASS] RG2-p LOSSY CONTROLS FIRE (the d42b4 convention): the d41d-R3-class diagonal control fails the gate at the 0.2599...-class value  (diagonal control = 0.25989318568658958511900962835859379219671226576617; SHADOW CONTROL (imprint only, content dropped): 309 colliding pairs on the full basis, violation = 1.0 — the carrier imprint alone cannot receive the content (the D25-R5 value/content split, per type))
  [PASS] RG2-r probe sanity (the broken-probe discriminator): all 15 probes unit-norm at 1e-40  (basis 23 (capped 12); + weighted probe from exact layer mass)
  [PASS] RG2-r RECEPTION ISOMETRY on the type's OWN carrier/data structure (e_rec -> e_rec (x) e_imprint(rec); 105 probe pairs at 1e-40) [family + fixture grain]  (max |D_in - D_out| = 0.0)
  [PASS] RG2-r LOSSY CONTROLS FIRE (the d42b4 convention): the d41d-R3-class diagonal control fails the gate at the 0.2599...-class value  (diagonal control = 0.25989318568658958511900962835859379219671226576617; shadow imprint INJECTIVE on the realized basis (0 collisions) — structural control not applicable; the diagonal control carries the firing burden)
  [PASS] RG2-d probe sanity (the broken-probe discriminator): all 7 probes unit-norm at 1e-40  (basis 4 (capped 4); + weighted probe from exact layer mass)
  [PASS] RG2-d RECEPTION ISOMETRY on the type's OWN carrier/data structure (e_rec -> e_rec (x) e_imprint(rec); 21 probe pairs at 1e-40) [SIG-chain grain]  (max |D_in - D_out| = 0.0)
  [PASS] RG2-d LOSSY CONTROLS FIRE (the d42b4 convention): the d41d-R3-class diagonal control fails the gate at the 0.2599...-class value  (diagonal control = 0.25989318568658958511900962835859379219671226576617; SHADOW CONTROL (imprint only, content dropped): 1 colliding pairs on the full basis, violation = 1.0 — the carrier imprint alone cannot receive the content (the D25-R5 value/content split, per type))
  [PASS] RG2-m probe sanity (the broken-probe discriminator): all 6 probes unit-norm at 1e-40  (basis 3 (capped 3); + weighted probe from exact layer mass)
  [PASS] RG2-m RECEPTION ISOMETRY on the type's OWN carrier/data structure (e_rec -> e_rec (x) e_imprint(rec); 15 probe pairs at 1e-40) [SIG-chain grain]  (max |D_in - D_out| = 0.0)
  [PASS] RG2-m LOSSY CONTROLS FIRE (the d42b4 convention): the d41d-R3-class diagonal control fails the gate at the 0.2599...-class value  (diagonal control = 0.25989318568658958511900962835859379219671226576617; SHADOW CONTROL (imprint only, content dropped): 1 colliding pairs on the full basis, violation = 1.0 — the carrier imprint alone cannot receive the content (the D25-R5 value/content split, per type))
  [PASS] RG2-ko probe sanity (the broken-probe discriminator): all 5 probes unit-norm at 1e-40  (basis 3 (capped 3); no layer-weighted probe (weights cited, not re-priced))
  [PASS] RG2-ko RECEPTION ISOMETRY on the type's OWN carrier/data structure (e_rec -> e_rec (x) e_imprint(rec); 10 probe pairs at 1e-40) [click grain |C| = 2]  (max |D_in - D_out| = 0.0)
  [PASS] RG2-ko LOSSY CONTROLS FIRE (the d42b4 convention): the d41d-R3-class diagonal control fails the gate at the 0.2599...-class value  (diagonal control = 0.25989318568658958511900962835859379219671226576617; SHADOW CONTROL (imprint only, content dropped): 1 colliding pairs on the full basis, violation = 1.0 — the carrier imprint alone cannot receive the content (the D25-R5 value/content split, per type))
  [PASS] RG2-kc probe sanity (the broken-probe discriminator): all 5 probes unit-norm at 1e-40  (basis 3 (capped 3); no layer-weighted probe (weights cited, not re-priced))
  [PASS] RG2-kc RECEPTION ISOMETRY on the type's OWN carrier/data structure (e_rec -> e_rec (x) e_imprint(rec); 10 probe pairs at 1e-40) [click grain |C| = 2]  (max |D_in - D_out| = 0.0)
  [PASS] RG2-kc LOSSY CONTROLS FIRE (the d42b4 convention): the d41d-R3-class diagonal control fails the gate at the 0.2599...-class value  (diagonal control = 0.25989318568658958511900962835859379219671226576617; SHADOW CONTROL (imprint only, content dropped): 1 colliding pairs on the full basis, violation = 1.0 — the carrier imprint alone cannot receive the content (the D25-R5 value/content split, per type))
  [PASS] RG2-ka probe sanity (the broken-probe discriminator): all 5 probes unit-norm at 1e-40  (basis 3 (capped 3); no layer-weighted probe (weights cited, not re-priced))
  [PASS] RG2-ka RECEPTION ISOMETRY on the type's OWN carrier/data structure (e_rec -> e_rec (x) e_imprint(rec); 10 probe pairs at 1e-40) [click grain |C| = 2]  (max |D_in - D_out| = 0.0)
  [PASS] RG2-ka LOSSY CONTROLS FIRE (the d42b4 convention): the d41d-R3-class diagonal control fails the gate at the 0.2599...-class value  (diagonal control = 0.25989318568658958511900962835859379219671226576617; shadow imprint INJECTIVE on the realized basis (0 collisions) — structural control not applicable; the diagonal control carries the firing burden)
  [PASS] RG2-v.arb DELIVERED STRUCTURAL FINDING: the creator imprint is NOT a function of the version record — family versions with >= 2 distinct realized creator register-imprints exist (a self-arb and a pair-arb create the SAME version), so the version reception form runs on the version's own data + the (actor,base) census key, not on a creator imprint  (multi-creator-imprint versions = 4)
  [PASS] RG2-v.arb probe sanity (the broken-probe discriminator): all 15 probes unit-norm at 1e-40  (basis 20 (capped 12); + weighted probe from exact layer mass)
  [PASS] RG2-v.arb RECEPTION ISOMETRY on the type's OWN carrier/data structure (e_rec -> e_rec (x) e_imprint(rec); 105 probe pairs at 1e-40) [family + SIG grain; key shadow]  (max |D_in - D_out| = 0.0)
  [PASS] RG2-v.arb LOSSY CONTROLS FIRE (the d42b4 convention): the d41d-R3-class diagonal control fails the gate at the 0.2599...-class value  (diagonal control = 0.25989318568658958511900962835859379219671226576617; SHADOW CONTROL (imprint only, content dropped): 17 colliding pairs on the full basis, violation = 1.0 — the carrier imprint alone cannot receive the content (the D25-R5 value/content split, per type))
  [PASS] RG2-v.mrg probe sanity (the broken-probe discriminator): all 6 probes unit-norm at 1e-40  (basis 3 (capped 3); + weighted probe from exact layer mass)
  [PASS] RG2-v.mrg RECEPTION ISOMETRY on the type's OWN carrier/data structure (e_rec -> e_rec (x) e_imprint(rec); 15 probe pairs at 1e-40) [SIG-chain grain; key shadow]  (max |D_in - D_out| = 0.0)
  [PASS] RG2-v.mrg LOSSY CONTROLS FIRE (the d42b4 convention): the d41d-R3-class diagonal control fails the gate at the 0.2599...-class value  (diagonal control = 0.25989318568658958511900962835859379219671226576617; SHADOW CONTROL (imprint only, content dropped): 3 colliding pairs on the full basis, violation = 1.0 — the carrier imprint alone cannot receive the content (the D25-R5 value/content split, per type))
  [PASS] RG2-ANCHOR (round-1 M-1 repair) the per-type imprint structure as EXACT EXPECTATIONS: collision counts per type == the committed census (p 309; d/m/ko/kc 1 each; v.arb 17; v.mrg 3; r and ka INJECTIVE = 0), and the multi-creator version count == 4 exactly. SCOPE, stated as the round prescribed: the reception maps are ONE shared copy-form template evaluated on per-type carrier/data (the D25 form); they are NOT layer-semantic reception dynamics — the per-type physics is carried by these anchored counts and the carrier/data table, not by the template's isometry  (collision counts = {'p': 309, 'r': 0, 'd': 1, 'm': 1, 'ko': 1, 'kc': 1, 'ka': 0, 'v.arb': 17, 'v.mrg': 3}; multi-creator = 4)
  [PASS] RG2-n NOOP/IDLE RECEPTIONLESS — the expectation GATED (exact, classical): every realized n record is the bare ('n', actor) — arity 2, ZERO content slots; regs = {actor} only; every per-key record fiber is a SINGLETON, so there is no content distinguishability to receive; the occurrence leg is carried by the actor register itself (D25 F4: definitional)  (realized n records = 3; all fibers singleton)
  [PASS] RG2-v0 GENESIS SINGLETON — the expectation GATED (exact, classical): V0 is the ONE realized genesis record (1-dim record space, no pairs) — reception trivially isometric; the genesis is the PREPARATION of the record ontology, not a written record; printed as its own line, not silently skipped  (record = ('v','v0'))
  [PASS] RG3-i the d43c operator family REBUILT at its committed values: V_pair (4x1) and V_single (2x1) isometric at 1e-40 (acceptance columns orthonormal); Born = the committed K1 kernel recomputed FROM THE LAYER (1/2-1/2 pair; 1 single)  (max iso defect = 0.0; PK1 match = True)
  [PASS] RG3-ii RECORD SIDES = CENSUSED INSTANCES (the cross-check): V_pair/V_single consume the component's PROPOSAL records (type p, FAMILY-realized); the OpeningClick/second-selection internal legs are the ko/kc click records (fixture-realized); the outputs are the winner ARBITRATION records (type r, family-realized), their ACCEPTANCE forms (type ka), and the created versions (type v.arb, family-realized) — every consumed/produced record classifies into exactly one censused type; ZERO out-of-census forms  (memberships = True; classifications = True)
  [PASS] RG4-a DECLARED RESIDUAL (the declaration itself gated): click-chain reception at |C| >= 3 on the REAL grammar — every realized click record has |ckey| = 2 (the committed fixture caps; the d42b2 P/Q/R shapes are abstract controls, not grammar instances), so the multi-continuation chain's reception form is DECLARED, not gated, at this scope  (max realized |ckey| over ko/kc/ka = 2)
  [PASS] RG4-b DECLARED RESIDUAL (the declaration itself gated): merge-of-merge (an mname inside a merge pair) is UNREALIZED at the SIG-chain grain — the v.mrg re-merge reception form is DECLARED, not gated, at this scope  (realized merge pairs containing an mname = False)
  [PASS] RG4-c SCOPE LINE (pin §2 executed): the transport types d/m are censused AND gated at the SIG-CHAIN FIXTURE GRAIN (carrier/data rows + reception gates above; zero family instances, positive fixture instances); the full d42b1 depth-4 transport family is NOT enumerated here (pin-licensed runtime scope) — the grain is a printed gate line, not a footnote  (d: 0 family / 13 fixture; m: 0 family / 4 fixture)
  [PASS] RG4-d THE TWO COMPLETENESS NOTIONS, kept distinct: CENSUS-completeness = 11/11 types (RG0 zero unclassified; RG1 rows all 11); GATING-completeness = 9/11 types amplitude-gated with firing controls + 2/11 receptionless-classical gated (n, v0); ungated TYPES: 0; declared residual GRAINS: 3 (RG4-a |C| >= 3 chains, RG4-b re-merge, RG4-c transport depth) — the verdict carries both notions separately  (amplitude-gated = ['p', 'r', 'd', 'm', 'ko', 'kc', 'ka', 'v.arb', 'v.mrg']; classical-gated = ['n', 'v0'])

[SUMMARY] 49 PASS / 0 FAIL
[VERDICT] d44e GREEN — the per-type reception census is DELIVERED: the 11-type inventory is DERIVED from the committed grammar and census-COMPLETE (every one of the 6567 record instances across the 1,191-member depth-4 family + the click/SIG fixtures classifies into exactly one type; empty-at-family types printed and realized at the fixture grain); the carrier/data table is READ from the layer with the (actor,base) census key EXECUTED (d42b7-N1); the reception layer, SCOPED per round-1 M-1: one shared copy-form template (the D25 form, isometric by construction) evaluated on each type's OWN carrier/data structure, with the per-type physics carried by the GATED imprint anchors (RG2-ANCHOR: collision counts, injectivity, the 4 multi-creator versions) and firing lossy controls per type — NOT layer-semantic reception dynamics; the noop/genesis receptionless expectations gated exactly; d43c's V_single/V_pair record sides re-derive as censused instances with Born = K1 from the layer; gating-completeness is NARROWER than census-completeness by exactly the three declared grains (|C| >= 3 chains, re-merge, transport depth); the d42b4-R6 obligation is DISCHARGED ON ITS CENSUS ARM — the reception-dynamics arm is typed here and remains open.
