[d46a — the H1 structural lemma: route R-A]
  banner: GREEN-UNREVIEWED — the hostile round is deferred
  per the D46 program pin (token budget); this receipt must
  not be cited as review-hardened until its round converts
  (paper-32's round precedes it).
  EXACT; d42a layer from the committed d42b3 receipt
  (__file__-anchored); sigma = the committed d44a
  construction, ported verbatim; tau_a = sigma applied to
  a's menu-view sub-history (defined at [DEF] below); LG1 =
  the joint (sigma, tau_A, tau_B) BFS closure + the
  injectivity verdict (H1's mechanical core); LG2 = menu
  factorization through tau on the full depth-7 family +
  the own-view recomputation gate; LG3 = H2's status,
  declared; LG4 = negative controls; LG5 = allow-list
  purity walk (#362 form). Delivered-outcome discipline:
  an R-B counterexample (non-injective projection) would be
  a RESULT at exit 0, not a failure; exit 1 is reserved for
  gate breakage.
  [PASS] LG0a the enumeration anchor: cumulative depth-0..6 family sizes equal the referee-verified census (the D44a SG0 re-anchor); the depth-7 extension (27,904 parents, 145,408 children, 179,783 total histories) is re-anchored in the depth-7 section below (LG1d)  (sizes = [1, 7, 39, 215, 1191, 6471, 34375])
  [PASS] LG0b sigma re-anchored on the entire cache: 36 distinct values, distinct-value growth over the len<=2/3/4/5/6 windows = the D44a SG1 anchor [11, 19, 28, 32, 36]  (windows = [11, 19, 28, 32, 36])
  [PASS] LG0c the d42a view invariants sigma and tau rely on (the D44a SG2 gate re-run family-wide, 34,375 histories): own-view alive holding a SINGLETON; full-view non-superseded holdings inside it; live proposals on the proposer's own-view base; conflicting live pairs poset-incomparable  (violations = {'alive': 0, 'nonsup': 0, 'liveX': 0, 'cmp': 0})
  [DEF] tau_a(h) = canon_sigma of a's MENU-VIEW sub-history:
  the union of (i) the past cone of a's next-event vantage
  ('n', a) — the exact view admissible() builds for a's n-
  and p-candidates (regs {a}: both cones coincide), on which
  prop_options_in_view and the noop's arb_components_in_view
  run — and (ii) the past cones of a's ADMISSIBLE r-
  candidates — the exact views arb_components_in_view runs
  on for arbitration (the r-event's registers span the co-
  proposers' chains, so these cones carry the join-visible
  opponent past). The union of past cones is downward-
  closed; the committed layer is cone-local, so the sub-
  history (original order) is itself a layer history and
  every menu input of actor a is computed inside it. tau is
  the SAME canonical base renaming as sigma (LG0b's port).
  [PASS] TG1 tau computed on the ENTIRE cache: 10,169 distinct menu-view sub-histories across 34,375 histories x 2 actors, and tau takes exactly EIGHT values per actor — the own-view abstraction is radically coarser than sigma (36) yet menus factor through it per-actor (LG2)  (distinct sub-histories = 10169; |tau_A| = 8; |tau_B| = 8)
  [PASS] LG1a JOINT-TRANSITION DETERMINISM, exhaustive on the cache: the successor joint state (sigma, tau_A, tau_B)(h + [e]) is a function of (joint state of h, e-up-to-renaming) — all 34,374 cached transitions, 160 distinct abstract keys (EXACTLY the D44a CG2 key count: the joint keys do not outnumber the sigma keys), ZERO exceptions — the representative-based joint BFS below is licensed at cache-verified level  (transitions = 34374; joint keys = 160; violations = 0)
  [PASS] LG1b THE JOINT BFS CLOSES: BFS on (sigma, tau_A, tau_B)-space from the root joint state, one representative per state (licensed by LG1a), TERMINATES WITH THE FRONTIER EXHAUSTED — every reachable representative EXPANDED (no budget stop); the closed set has exactly 36 joint states, 176 traversed edges, and the representative-length spectrum {0:1, 1:4, 2:6, 3:8, 4:9, 5:4, 6:4} — ALL identical to the D44a sigma-BFS anchors (CG3a): adjoining tau to sigma creates NO new abstract states  (states = 36; expanded = 36; edges = 176; rep-length spectrum = {0: 1, 1: 4, 2: 6, 3: 8, 4: 9, 5: 4, 6: 4})
  [PASS] LG1c THE PROJECTION IS INJECTIVE — H1'S MECHANICAL CORE HOLDS: within the closed joint system tau_A and tau_B are CONSTANT on sigma (the 36 joint states project onto 36 distinct sigma values == the cache-realized 36); directly on the cache, all 36 sigma classes over 34,375 histories carry ONE (tau_A, tau_B) pair each, ZERO exceptions, and the cache-realized joint values are EXACTLY the closed set — the own-view lag (D44a W2) is sigma-invisible at the abstraction level: what an actor has not witnessed is FORCED by what sigma records  (joint states = 36; distinct sigma projections = 36; cache sigma classes with non-constant tau = 0; cache joint values == closed set = True)
  [PASS] LG2a OWN-VIEW SUFFICIENCY, exhaustive on the cache: for every history and every actor, the committed layer run on the menu-view sub-history ALONE reproduces actor a's full menu — candidates AND exact weights, entrywise — 68,750 comparisons (34,375 x 2), ZERO exceptions: the per-actor menu computation consumes only own-view data (the structural-arm claim of pin §3 R-A, made mechanical)  (comparisons = 68750; violations = 0)
  [PASS] LG2b MENU FACTORIZATION THROUGH TAU, exhaustive on the cache: actor a's menu — as a renamed event-multiset with exact weights — is a FUNCTION of tau_a(h): all 16 (actor, tau) classes (8 per actor, TG1) carry ONE canonical per-actor menu each, ZERO exceptions across 34,375 histories x 2 actors; with LG1c (sigma determines tau) and LG2a this is exactly H1's factorization chain sigma -> (tau_A, tau_B) -> menus at every cached depth  ((actor, tau) classes = 16; violating classes = 0; distinct canonical per-actor menus = 10)
  [PASS] LG3a SIGMA-KEYED JOINT DETERMINISM, exhaustive on the cache: the successor JOINT state is already a function of (sigma(h), e-up-to-renaming) — the SAME 160 keys as D44a's CG2, zero conflicts on all 34,374 transitions: the joint table adds no keys beyond the sigma table (the mechanical shadow of LG1c's injectivity on transitions)  (sigma-keyed keys = 160; violations = 0)
  [LG3 DECLARATION] H2's status, determined: H2 (sigma-transition determinism at all depths) needs NO separate closure argument at d42a scope. On the closed system LG1c makes tau a function of sigma, so the joint transition system and the sigma transition system are THE SAME 36-state/176-edge object (LG1b == D44a CG3a anchors), and LG3a/LG3b show the transition table is sigma-keyed with zero conflicts at every verified depth. H2 is subsumed by the same joint-closure conditional that powers LG1: the pin-§5 note discharges H1 and H2 from ONE abstract-update law (docstring item ii), not two.
  [PASS] LG1d DEPTH-7 JOINT CLOSURE, out-of-sample: all 145,408 depth-7 histories (children of the 27,904 depth-6 members; 179,783 total histories — the LG0a citation re-anchored) have their JOINT state (sigma, tau_A, tau_B) INSIDE the closed 36 — ZERO new joint states one full level beyond the cache: closure AND injectivity both hold out-of-sample  (depth-7 histories = 145408; parents = 27904; new joint states = 0)
  [PASS] LG2c MENU FACTORIZATION AT DEPTH 7 (LG2a + LG2b extended): own-view sufficiency holds on all 145,408 depth-7 histories (290,816 further comparisons — 436,316 total with LG2a — ZERO exceptions), and the (actor, tau) menu classes remain the SAME 16 with the SAME canonical per-actor menus (no new tau value, no new menu, zero violations): the own-view-lag subtlety is menu-invisible one full level out-of-sample; 45,467 distinct menu-view sub-histories in total  (comparisons = 290816; violations = 0; classes = 16; class-menus inside the cache classes = True; distinct sub-histories = 45467)
  [PASS] LG3b SIGMA-KEYED JOINT DETERMINISM AT 6->7: all 145,408 depth-6->7 transitions deterministic in (sigma, e-up-to-renaming) with the JOINT target; 16 NEW abstract keys beyond the cached 160 (176 total — EXACTLY the D44a CG7c key census: the joint table again adds no keys), zero mismatches  (transitions = 145408; violations = 0; new keys = 16; total keys = 176)
  [PASS] LG4a CONTROL — DROPPING THE COMPONENT/PAYLOAD DATA FROM TAU BREAKS LG2, loudly: the CG6b-substituted tau variant (live as (proposer, base) only) merges the 16 (actor, tau) classes to 10, of which SIX contain histories with DIFFERENT renaming-invariant per-actor menu fingerprints — the dropped data is menu-visible (payload bits reappear in arbitration candidates), so the variant CANNOT factor the menu; first witness pair printed below  (variant classes = 10; menu-splitting classes = 6)
    [LG4a witness, actor A] h1 = (('n', 'B'), ('n', 'B'), ('n', 'B'), ('n', 'B'), ('p', 'B', ('v', 'v0'), 0), ('p', 'A', ('v', 'v0'), 1))
    [LG4a witness, actor A] h2 = (('n', 'B'), ('n', 'B'), ('n', 'B'), ('n', 'B'), ('p', 'B', ('v', 'v0'), 1), ('p', 'A', ('v', 'v0'), 0))
  [PASS] LG4b CONTROL — THE SIGMA COARSENING (superseded marks AND holdings pattern dropped jointly) BREAKS BOTH LG1-CONSTANCY AND MENU FACTORIZATION, loudly: the coarsened abstraction has 13 classes on the cache; NINE of them mix distinct (tau_A, tau_B) pairs (LG1's tau-constancy fails) and FIVE of them mix histories with different renaming-invariant full-menu invariants (base-blind rows + distinct-base count: the root class merges the empty history with post-renewal states whose menus target TWO bases) — the dropped data is load-bearing; witnesses printed below  (coarse classes = 13; tau-mixing = 9; menu-mixing = 5)
    [LG4b menu witness] h1 = (('p', 'A', ('v', 'v0'), 0),)
    [LG4b menu witness] h2 = (('n', 'B'), ('n', 'B'), ('n', 'B'), ('p', 'B', ('v', 'v0'), 1), ('r', 'B', (('B', ('v', 'v0'), 1),), (('B', ('v', 'v0'), 1),)), ('p', 'A', ('v', 'v0'), 0))
    [LG4b tau witness]  h1 = (('n', 'B'), ('n', 'B'), ('p', 'B', ('v', 'v0'), 0), ('p', 'A', ('v', 'v0'), 1), ('r', 'A', (('A', ('v', 'v0'), 1),), (('A', ('v', 'v0'), 1),)), ('p', 'A', ('v', ('v', 'v0'), (1,), ('A',), 'A'), 0))
    [LG4b tau witness]  h2 = (('n', 'B'), ('n', 'B'), ('p', 'B', ('v', 'v0'), 1), ('r', 'B', (('B', ('v', 'v0'), 1),), (('B', ('v', 'v0'), 1),)), ('p', 'B', ('v', ('v', 'v0'), (1,), ('B',), 'B'), 0), ('p', 'A', ('v', 'v0'), 0))
  [PASS] LG5a the ALLOW-LIST PURITY WALK (#362 form) over the delivered objects (the full candidate cache incl. depth 7, sigma, tau, the closed joint set, all transition tables, the menu classes): every leaf is Fraction / int / str / bool / None — floats, Decimals, numpy scalars and every transient-construction smuggling route rejected categorically; the leaf census anchored  (leaves = 21088527; impure = 0)
  [PASS] LG5b self-scan: no vacuous gate anywhere in this receipt (the forbidden always-true check pattern has zero source occurrences outside this scan's own constructor) and every check carries a computed predicate  (occurrences = 0)

[SUMMARY] 17 PASS / 0 FAIL
[VERDICT] d46a GREEN-UNREVIEWED (the hostile round is deferred per the D46 program pin; paper-32's round precedes it) — H1'S MECHANICAL CORE HOLDS, route R-A delivered: tau_A/tau_B (sigma applied to the menu-view own-view sub-histories) join sigma in a transition system whose BFS CLOSES at 36 joint states, frontier exhausted, 176 edges — IDENTICAL anchors to the D44a sigma closure — and the projection onto sigma is INJECTIVE: tau is CONSTANT on sigma (36/36 classes, zero exceptions on all 179,783 histories through depth 7). The own-view lag (W2) is sigma-invisible at abstraction level. Menus factor through tau: the committed layer re-run on the menu-view sub-history alone reproduces every per-actor menu entrywise (436,316 comparisons, zero exceptions — cone-locality made mechanical), and each of the 16 (actor, tau) classes carries ONE canonical per-actor menu (8 tau values per actor; zero exceptions at every verified depth). The R-B counterexample horn did NOT fire. H2's status DECLARED (LG3): the transition table is sigma-keyed (160 + 16 = 176 keys, zero conflicts), so H2 is subsumed by the same joint closure — one abstract-update law powers both. Controls: the component/payload-dropped tau variant merges 16 -> 10 classes with 6 menu-splitting (LG4a); the holdings+superseded-dropped sigma coarsening yields 13 classes with 9 tau-mixing and 5 menu-mixing (LG4b) — both fail loudly, the delivered abstractions do not. WHAT THIS RECEIPT DOES NOT CLAIM: the all-depth quantifier is NOT discharged mechanically — depth-free H1 now rests on exactly two structural facts for the pin-§5 proof note: (i) cone-locality of the layer's per-candidate computation (LG2a's census, to be written as a code-reading theorem) and (ii) the abstract-update law (joint-transition determinism as a law; LG1a/LG3's census). Given (i)+(ii), sigma -> (tau_A, tau_B) -> menus closes H1 AND H2 at every depth and the D44a §8 assembly decides residue 1 OUTRIGHT at d42a scope; transport scope remains D46b's problem.
