[d46d — typicality under two candidate normalizations]
  banner: GREEN-UNREVIEWED, ROUND-1 REPAIRED (D46 program pin;
  paper-32's round precedes this unit's).  THE LAW IS NAMED,
  NOT ASSUMED: the committed weight layer d42b1 declares in
  its own docstring 'Weight-system level only (RF4): no
  measure claim; the placement front (d42b3) owns
  normalization', and its menus sum to 2 or 5/2, never to 1.
  A probability law therefore has to be CHOSEN, and this unit
  uses two: the LOOKAHEAD-COMPLETED weight measure
  k(e|h) = q G(h+e)/G(h) (exact arm, telescoping to
  w(path)/G(root)) and the LOCAL-NORMALIZED weight measure
  q/sum q (sampled arm).  Every number below is labelled with
  which one produced it; neither is pinned anywhere in the
  corpus as THE law and this receipt does not call either one
  that.  Width is reported under THREE proxies (touched,
  non-idle-active, delivery-joined) because the liberal one
  counts an actor touched by an idle.  Horizon-scoped
  throughout; ORDER dimension only, a clock-complexity grade
  (note-d45b §1 binds) — no dimension-of-the-world claim.
  [PASS] TY0-a THE WEIGHT LAYER'S OWN DISCLAIMER, quoted from the committed source rather than paraphrased (round 1, BLOCKER D-A2): d42b1's docstring says the layer is 'Weight-system level only (RF4): no measure claim; the placement front (d42b3) owns normalization'.  Every typicality statement in this receipt is therefore explicitly relative to ONE OF TWO NAMED normalizations, never to 'the theory's own law'  (disclaimer found verbatim in v10/code/d42b1_transport_exact.py = True)
  [PASS] TY0-b the committed layer, family, and D46b potential re-anchored BEFORE any typicality statement: ARM-1T cumulative sizes [1, 9, 69, 521, 3969]; the finite-horizon potential G_4(root) = 1035/64 (the #384 value, unchanged by that unit's round-1 repair)  (cumulative = [1, 9, 69, 521, 3969]; G_4(root) = 1035/64)
  [PASS] TY1-a THE LOOKAHEAD-COMPLETED PATH MEASURE IS PROPER: its path probabilities over ALL 3,448 depth-4 histories sum to EXACTLY 1 (verified, not assumed).  Properness is a property of the NORMALIZATION, not evidence that this normalization is the theory's — the layer disclaims that (TY0-a)  (depth-4 histories = 3448; total mass = 1)

[TY1/TY2 — EXACT typicality under the LOOKAHEAD-COMPLETED weight measure]
    pool 2 actors, depth 4 (3448 terminal histories) [LOOKAHEAD-COMPLETED]:
      actor width, touched         -> k=1: 0.0391, k=2: 0.9609
      actor width, non-idle        -> k=0: 0.0618, k=1: 0.1783, k=2: 0.7599
      actor width, delivery-joined -> k=0: 0.3217, k=2: 0.6783
      mass at the maximum realizable actor width k = 2:  touched 221/230 (~0.960870)  |  non-idle 1573/2070 (~0.759903)  |  delivery-joined 78/115 (~0.678261)
      POSET width (largest antichain of the event poset, the pin's TY1(iii)) -> w=1: 833/2070 (~0.4024), w=2: 1237/2070 (~0.5976)
      event-kind mass (idle 'n' is the unconditional residual; reported as a CONFOUND for the touched proxy, never as support): {'d': 0.991, 'n': 1.987, 'p': 0.854, 'r': 0.167}
    pool 3 actors, depth 3 (3189 terminal histories) [LOOKAHEAD-COMPLETED]:
      actor width, touched         -> k=1: 0.0467, k=2: 0.5035, k=3: 0.4498
      actor width, non-idle        -> k=0: 0.1246, k=1: 0.2197, k=2: 0.4516, k=3: 0.2042
      actor width, delivery-joined -> k=0: 0.4239, k=2: 0.4689, k=3: 0.1073
      mass at the maximum realizable actor width k = 3:  touched 130/289 (~0.449827)  |  non-idle 59/289 (~0.204152)  |  delivery-joined 31/289 (~0.107266)
      POSET width (largest antichain of the event poset, the pin's TY1(iii)) -> w=1: 78/289 (~0.2699), w=2: 184/289 (~0.6367), w=3: 27/289 (~0.0934)
      event-kind mass (idle 'n' is the unconditional residual; reported as a CONFOUND for the touched proxy, never as support): {'d': 0.747, 'n': 1.495, 'p': 0.696, 'r': 0.062}
    pool 4 actors, depth 3 (13400 terminal histories) [LOOKAHEAD-COMPLETED]:
      actor width, touched         -> k=1: 0.0263, k=2: 0.3568, k=3: 0.5094, k=4: 0.1075
      actor width, non-idle        -> k=0: 0.1246, k=1: 0.2113, k=2: 0.3938, k=3: 0.2250, k=4: 0.0452
      actor width, delivery-joined -> k=0: 0.4236, k=2: 0.4444, k=3: 0.1004, k=4: 0.0316
      mass at the maximum realizable actor width k = 4:  touched 994/9243 (~0.107541)  |  non-idle 418/9243 (~0.045223)  |  delivery-joined 292/9243 (~0.031591)
      POSET width (largest antichain of the event poset, the pin's TY1(iii)) -> w=1: 1459/9243 (~0.1578), w=2: 5840/9243 (~0.6318), w=3: 216/1027 (~0.2103)
      event-kind mass (idle 'n' is the unconditional residual; reported as a CONFOUND for the touched proxy, never as support): {'d': 0.748, 'n': 1.496, 'p': 0.709, 'r': 0.048}
    pool 5 actors, depth 2 (1215 terminal histories) [LOOKAHEAD-COMPLETED]:
      actor width, touched         -> k=1: 0.1125, k=2: 0.6062, k=3: 0.2625, k=4: 0.0187
      actor width, non-idle        -> k=0: 0.2500, k=1: 0.2625, k=2: 0.3563, k=3: 0.1125, k=4: 0.0187
      actor width, delivery-joined -> k=0: 0.5625, k=2: 0.3812, k=3: 0.0375, k=4: 0.0187
      mass at the maximum realizable actor width k = 4:  touched 3/160 (~0.018750)  |  non-idle 3/160 (~0.018750)  |  delivery-joined 3/160 (~0.018750)
      POSET width (largest antichain of the event poset, the pin's TY1(iii)) -> w=1: 49/160 (~0.3063), w=2: 111/160 (~0.6937)
      event-kind mass (idle 'n' is the unconditional residual; reported as a CONFOUND for the touched proxy, never as support): {'d': 0.5, 'n': 1.0, 'p': 0.487, 'r': 0.013}
  [PASS] TY1-b/TY2 THE EXACT WIDTH-MASS PROFILE UNDER ALL THREE PROXIES at every enumerable pool (2 actors/depth 4, 3/depth 3, 4/depth 3, 5/depth 2), each measure summing to EXACTLY 1 and each top-width mass anchored to its exact rational.  Round 1, D-M1: the liberal 'touched' proxy counts idlers, and the conservative proxies are materially smaller — at 2 actors/depth 4 the top-width mass is 221/230 touched but 1573/2070 non-idle and 78/115 delivery-joined; at 3/depth 3 it is 130/289 vs 59/289 vs 31/289; at 4/depth 3, 994/9243 vs 418/9243 vs 292/9243.  The ordering touched >= non-idle >= delivery-joined is gated, so the direction of the bound cannot be lost  (profiles computed = 4; all measures proper = True; touched >= non-idle >= delivery-joined at every pool = True)
  [PASS] TY1-c THE PIN'S POSET WIDTH, COMPUTED (round 1, D-M2: pin §2 TY1(iii) said 'poset width where cheap' and the first pass reported actor counts only).  The exact mass by largest antichain of the EVENT poset is anchored at all four pools.  It is much smaller than the actor width the headline uses — at 4 actors/depth 3 the actor-width-4 mass is 994/9243 while the poset width never exceeds 3 — because the depth caps bind the antichain.  This is exactly why the enumerable arm cannot settle dimension: d44c AG5 records that ALL 219 four-event and ALL 4,231 five-event labelled posets have order dimension <= 2, so at these depths ORDER dimension > 2 is IMPOSSIBLE, not merely rare  (2a/d4: max poset width = 2; 3a/d3: max poset width = 3; 4a/d3: max poset width = 3; 5a/d2: max poset width = 2)
  [PASS] TY2-b THE CONCENTRATION READING, COMPUTED AND GATED (round 1, D-M4(1): the first pass computed `conc` into a variable that was then never printed and never gated, so the reading its own label promised did not appear in the output).  The question 'is the top-width mass below one half everywhere?' is answered by naming the pools where it is NOT: exactly one, the 2-actor pool at 221/230, where the maximum realizable width is 2 and the question is trivial.  All four exact top-width masses are anchored  (top-width mass below 1/2 at every pool = False; pools at or above 1/2 = [(2, 4)]; 2a/d4: 221/230 (~0.9609); 3a/d3: 130/289 (~0.4498); 4a/d3: 994/9243 (~0.1075); 5a/d2: 3/160 (~0.0187))

[TY3 — the sampled extension under the LOCAL-NORMALIZED weight measure: declared law, seeds, pools]
  [PASS] TY3-a THE CALIBRATION (the method gate), with the BOUND moved in (round 1, D-M4(3): the first pass's TY3-a gate would have passed with a gap of 0.9, the bound living only in TY5-d).  The LOCAL-NORMALIZED weight measure — the only one samplable beyond the enumerable caps, since the completed one needs the whole subtree — is compared EXACTLY against the lookahead-completed one on the 4-actor depth-3 family, where both are computable: the maximum width-mass discrepancy is EXACTLY 3457/9464832 and is gated below 1/100 here, at the point of use.  CALIBRATED AT ONE (pool, depth) PAIR ONLY: the pools sampled below are 4, 5, 6 and the depths 6 and 8, none of them calibrated, so this licenses nothing beyond an extrapolation whose single anchor is named  (local law proper = True; max width-mass gap vs the lookahead-completed measure = 3457/9464832 (~0.000365) < 1/100)
    [SAMPLED, LOCAL-NORMALIZED] pool 4, depth 6, N = 4000, seed = 20260719, width proxy = touched: k=1: 0.0005, k=2: 0.0330, k=3: 0.3588, k=4: 0.6078
    [SAMPLED, LOCAL-NORMALIZED] pool 4, depth 6, N = 4000, seed = 20260719, width proxy = non-idle: k=0: 0.0115, k=1: 0.0658, k=2: 0.2245, k=3: 0.4298, k=4: 0.2685
    [SAMPLED, LOCAL-NORMALIZED] pool 4, depth 6, N = 4000, seed = 20260719, width proxy = delivery-joined: k=0: 0.1767, k=2: 0.4135, k=3: 0.2665, k=4: 0.1432
    [SAMPLED, LOCAL-NORMALIZED] pool 5, depth 8, N = 4000, seed = 20260719, width proxy = touched: k=2: 0.0010, k=3: 0.0615, k=4: 0.3807, k=5: 0.5567
    [SAMPLED, LOCAL-NORMALIZED] pool 5, depth 8, N = 4000, seed = 20260719, width proxy = non-idle: k=0: 0.0025, k=1: 0.0267, k=2: 0.1108, k=3: 0.2697, k=4: 0.3907, k=5: 0.1995
    [SAMPLED, LOCAL-NORMALIZED] pool 5, depth 8, N = 4000, seed = 20260719, width proxy = delivery-joined: k=0: 0.1057, k=2: 0.3025, k=3: 0.2417, k=4: 0.2597, k=5: 0.0902
    [SAMPLED, LOCAL-NORMALIZED] pool 6, depth 8, N = 4000, seed = 20260719, width proxy = touched: k=2: 0.0003, k=3: 0.0190, k=4: 0.1985, k=5: 0.4755, k=6: 0.3068
    [SAMPLED, LOCAL-NORMALIZED] pool 6, depth 8, N = 4000, seed = 20260719, width proxy = non-idle: k=0: 0.0018, k=1: 0.0200, k=2: 0.0938, k=3: 0.2125, k=4: 0.3320, k=5: 0.2635, k=6: 0.0765
    [SAMPLED, LOCAL-NORMALIZED] pool 6, depth 8, N = 4000, seed = 20260719, width proxy = delivery-joined: k=0: 0.1037, k=2: 0.2910, k=3: 0.1915, k=4: 0.2615, k=5: 0.1217, k=6: 0.0305
  [PASS] TY3-b THE SAMPLED WIDTH DISTRIBUTIONS are delivered with their law, size, and seeds DECLARED ([SAMPLED, LOCAL-NORMALIZED] labels everywhere; never conflated with the exact profiles above), and the estimator is REPRODUCIBLE: the same seed reproduces the identical histogram under all three proxies, a different seed does not (the sampler is genuinely stochastic, not a disguised constant)  (seed-20260719 reproducible = True; seed-7 differs = True)

[TY4 — the constructor-scale reading, all three proxies]
    [SAMPLED] pool 6 / depth 8, proxy touched        : mass(width >= 4) = 0.9808  mass(full width 6) = 0.3068
    [SAMPLED] pool 6 / depth 8, proxy non-idle       : mass(width >= 4) = 0.6720  mass(full width 6) = 0.0765
    [SAMPLED] pool 6 / depth 8, proxy delivery-joined: mass(width >= 4) = 0.4138  mass(full width 6) = 0.0305
  [PASS] TY4 THE CONSTRUCTOR-SCALE COMPARISON [SAMPLED, LOCAL-NORMALIZED, PROXY] at the 6-actor pool over 8 events — the scale at which D45b's courier constructor realizes S_3 — reported under ALL THREE width proxies with the exact sampled counts anchored (round 1, D-M4(2): the first pass's predicate was that two frequencies lie in [0, 1], which the referee's mutant d4 walked straight through).  THE DIRECTION OF THE BOUND (round 1, D-M3): actor width >= 4 is the d44c/d43d threshold and is NECESSARY, NOT SUFFICIENT — d44c AG5 records that all 219 four-event and all 4,231 five-event labelled posets have order dimension <= 2 — so mass(width >= 4) UPPER-BOUNDS mass(order dimension > 2) and is consistent with that mass being zero.  Fixing the threshold at 4 also narrows the inherited question from D45b's UNBOUNDED dimension to ORDER dimension >= 3; that narrowing is declared here, not smuggled  (touched: >= 4 -> 3923/4000 = 0.9808, full 6 -> 1227/4000 = 0.3068; non-idle: >= 4 -> 2688/4000 = 0.6720, full 6 -> 306/4000 = 0.0765; delivery-joined: >= 4 -> 1655/4000 = 0.4138, full 6 -> 122/4000 = 0.0305; conservative proxies strictly smaller = True)

[TY4-b — LIKE-FOR-LIKE: same pool, same law, growing depth]
    [SAMPLED, LOCAL-NORMALIZED] pool 6, N = 600, seed = 20260719, proxy touched        : width >= 4 by depth d2: 0.027, d3: 0.242, d4: 0.578, d6: 0.903, d8: 0.978, d10: 1.000  |  full width 6 d2: 0.000, d3: 0.002, d4: 0.010, d6: 0.130, d8: 0.333, d10: 0.532
    [SAMPLED, LOCAL-NORMALIZED] pool 6, N = 600, seed = 20260719, proxy non-idle       : width >= 4 by depth d2: 0.027, d3: 0.095, d4: 0.210, d6: 0.463, d8: 0.702, d10: 0.828  |  full width 6 d2: 0.000, d3: 0.002, d4: 0.003, d6: 0.032, d8: 0.068, d10: 0.153
    [SAMPLED, LOCAL-NORMALIZED] pool 6, N = 600, seed = 20260719, proxy delivery-joined: width >= 4 by depth d2: 0.027, d3: 0.070, d4: 0.135, d6: 0.270, d8: 0.432, d10: 0.543  |  full width 6 d2: 0.000, d3: 0.002, d4: 0.000, d6: 0.013, d8: 0.030, d10: 0.062
  [PASS] TY4-b THE LIKE-FOR-LIKE SERIES, and why it settles nothing (round 1, BLOCKER D-A1).  Same pool (6), same law (LOCAL-NORMALIZED), growing depth: the touched-width >= 4 mass climbs monotonically to 1.000 by depth 10.  IT CANNOT DO OTHERWISE: actor width is a MONOTONE NON-DECREASING functional of the path — a longer history can only touch more actors — so at a fixed pool this mass climbs to 1 under ANY law with full support.  'Width spreads with depth' is a property of the OBSERVABLE, not a discriminating property of any normalization, and the first pass's headline rested on it.  Gated here as the near-tautology it is: the series is anchored count by count AND its monotone saturation is asserted, so the receipt states the fact and denies it evidential weight in the same gate.  The delivery-joined series over the same draws climbs far more slowly and does NOT saturate  (touched >= 4 counts by depth [2, 3, 4, 6, 8, 10] = [16, 145, 347, 542, 587, 600]/600 (monotone, saturating = True); delivery-joined >= 4 = [16, 42, 81, 162, 259, 326]/600)

[TY4-c — FIXED DEPTH 8, GROWING POOL: the scaling unbounded ORDER dimension actually needs]
    [SAMPLED, LOCAL-NORMALIZED] depth 8, N = 600, seed = 20260719, proxy touched        : mass at FULL width by pool p3: 0.963, p4: 0.782, p5: 0.568, p6: 0.333, p7: 0.137, p8: 0.037
    [SAMPLED, LOCAL-NORMALIZED] depth 8, N = 600, seed = 20260719, proxy non-idle       : mass at FULL width by pool p3: 0.763, p4: 0.433, p5: 0.202, p6: 0.068, p7: 0.030, p8: 0.005
    [SAMPLED, LOCAL-NORMALIZED] depth 8, N = 600, seed = 20260719, proxy delivery-joined: mass at FULL width by pool p3: 0.525, p4: 0.238, p5: 0.105, p6: 0.030, p7: 0.005, p8: 0.003
    [SAMPLED, LOCAL-NORMALIZED] depth 8, proxy touched: mass above the FIXED threshold 4 by pool p3: 0.000, p4: 0.782, p5: 0.938, p6: 0.978, p7: 0.987, p8: 0.998
  [PASS] TY4-c THE FIXED-DEPTH POOL SCALING (round 1, D-A1, prescribed): D45b's result is UNBOUNDED order dimension, which needs width growing WITH THE POOL.  At fixed depth 8, growing the pool from 3 to 8 actors, the mass at the pool's FULL width DECAYS STRICTLY AND ROUGHLY GEOMETRICALLY — 0.963, 0.782, 0.568, 0.333, 0.137, 0.037 touched and 0.525, 0.238, 0.105, 0.030, 0.005, 0.003 delivery-joined — while the mass above the FIXED threshold 4 rises to ~1 trivially, because the threshold is fixed while the pool grows.  Both monotonicities are gated and every count anchored: the direction that matters for unbounded ORDER dimension points AGAINST it  (full-width counts, touched = [578, 469, 341, 200, 82, 22]/600 (strictly decreasing = True); delivery-joined = [315, 143, 63, 18, 3, 2]/600 (strictly decreasing = True); above the fixed threshold 4, touched = [0, 469, 563, 587, 592, 599]/600)

[TY4-d — THE DIAGONAL depth = 2 x pool: D45b's own constructor ratio]
    [SAMPLED, LOCAL-NORMALIZED] depth = 2 x pool, N = 300, seed = 20260719, proxy touched        : mass at FULL width 3/6: 0.867, 4/8: 0.770, 5/10: 0.757, 6/12: 0.690, 7/14: 0.623
    [SAMPLED, LOCAL-NORMALIZED] depth = 2 x pool, N = 300, seed = 20260719, proxy non-idle       : mass at FULL width 3/6: 0.563, 4/8: 0.453, 5/10: 0.333, 6/12: 0.280, 7/14: 0.180
    [SAMPLED, LOCAL-NORMALIZED] depth = 2 x pool, N = 300, seed = 20260719, proxy delivery-joined: mass at FULL width 3/6: 0.340, 4/8: 0.240, 5/10: 0.163, 6/12: 0.120, 7/14: 0.073
  [PASS] TY4-d THE DIAGONAL SCALING, where depth grows WITH the pool at D45b's own constructor ratio (6 actors, ~8-12 events), so the depth-limitation caveat cannot be invoked: the full-width mass still DECAYS STRICTLY, 0.867 -> 0.623 touched and 0.340 -> 0.073 delivery-joined across pools 3..7.  Growing the depth in step with the pool does not rescue full-width typicality  (full-width counts, touched = [260, 231, 227, 207, 187]/300; delivery-joined = [102, 72, 49, 36, 22]/300; strictly decreasing on both proxies = True)
  [PASS] TY4-e THE PIN'S DROPPED HALVES, DECLARED IN-GATE (round 1, D-M2: pin §2 TY1(iii) 'poset width where cheap' and pin §2 TY4's 'actor count AND DELIVERY PATTERN' were both pre-registered and silently reduced to an actor count).  Two are now implemented — poset width in TY1-c, the delivery pattern as the delivery-joined proxy throughout — and what remains OUT OF SCOPE is named rather than left implicit: the exact/estimated mass of the D45b courier constructor's OWN record class (computable in closed form from its 1/(4(n^2+3n-1)) per-event weight, = 1/212 at n = 6, and astronomically small); and the per-record ORDER-DIMENSION test itself.  The declaration is gated by requiring that both implemented halves actually produced numbers  (poset-width profiles = 4; delivery-joined profiles = 4; declared out of scope = the exact/estimated mass of the D45b courier constructor's O...)
  [OUTCOME TY] THE READING, CORRECTED IN DIRECTION (round 1 D-A1, D-A2, D-M1, D-M3). (1) AT A FIXED POOL the width mass saturates with depth — touched width >= 4 at 6 actors runs 0.027, 0.242, 0.578, 0.903, 0.978, 1.000 over depths 2, 3, 4, 6, 8, 10 — but actor width is a MONOTONE functional of the path, so this is a fact about the observable, not a discriminating property of either normalization; the first pass's 'WIDTH SPREADS WITH DEPTH UNDER THE THEORY'S OWN LAW' is withdrawn on both counts, the law-naming included. (2) THE MASS ABOVE THE FIXED THRESHOLD 4 does become large as pool and depth grow (sampled at 6 actors / depth 8: 0.981 touched, 0.672 non-idle, 0.414 delivery-joined) — and width >= 4 is NECESSARY, NOT SUFFICIENT, so these UPPER-BOUND the dimension mass. (3) THE MASS AT FULL WIDTH DECAYS WITH THE POOL under every scaling tested — at fixed depth 8, 0.963, 0.782, 0.568, 0.333, 0.137, 0.037 touched for pools 3..8; on the diagonal depth = 2 x pool, 0.867, 0.770, 0.757, 0.690, 0.623 touched and 0.340, 0.240, 0.163, 0.120, 0.073 delivery-joined for pools 3..7. THE CORRECTED READING: what is typical-in-the-making at these scopes is order dimension >= 3, NOT D45b's UNBOUNDED dimension — the axis unbounded ORDER dimension lives on is the one where the mass decays. The per-record ORDER dimension question (does a typical wide record actually realize a crown?) is still NOT answered here and is the named successor.

[TY5 — doctrine, purity, gate vacuity, separation]
  [PASS] TY5-a DOCTRINE (note-d45b §1 binds), with the blanket negation exemption REMOVED (round 1, D-M4(4)).  Every source line naming the arena must carry a POSITIVE, SCOPED marker — a word saying in the line itself that the object is an ORDER dimension or a clock-complexity grade — and the bare English stopwords 'no '/'not ' no longer exempt anything.  The scanner is PROBED with the referee's own mutant-d5 line, which it must flag, and with a properly scoped line, which it must pass.  SCOPE OF THE SCAN, declared: it covers this receipt's source only; the note and the LOG entry are authored separately and are not scanned here  (lines scanned = 41 of 922; undisclaimed = none; scanner fires on the referee's mutant line = True)
  [PASS] TY5-b ALLOW-LIST PURITY on the EXACT layer (the #362 binding): every leaf of every exact profile, poset-width profile, potential, and path mass is in {Fraction, int, str, bool} — floats appear only in printed ~approximations and in the [SAMPLED] frequencies, which are labelled as such.  The leaf COUNT is anchored exactly rather than tested for positivity  (exact leaves walked = 72016, impure = 0)
  [PASS] TY5-c NO VACUOUS GATE — an AST scan of every gate predicate in this file, replacing the first pass's literal-'True' needle scan, which certified a receipt containing three predicates that could not fail (round 1, D-M4).  Any predicate containing a literal boolean, an isinstance() type probe, or a bare comparison against 0 is rejected; the scanner is PROBED on a synthetic block carrying exactly those three shapes and must flag each, and on a substantive predicate and must not  (gate predicates parsed = 17; vacuous predicates = none; scanner fires on the probe = True)
  [PASS] TY5-d THE EXACT/SAMPLED SEPARATION IS STRUCTURAL — and, round 1 D-m5, the separation that actually broke was in the INFERENCE, not the labels.  Every sampled quantity is produced by sample_widths (seeded, declared N) and printed under a [SAMPLED, LOCAL-NORMALIZED] label; every exact quantity is a Fraction from an enumerable family under the LOOKAHEAD-COMPLETED normalization; the calibration gate TY3-a quantifies and BOUNDS the only bridge.  The delivered outcome no longer chains an exact series to a sampled number with 'so': the exact arm and the sampled arm now answer the SAME question (how does full-width mass scale with the pool?) under their own laws, and the sampled scalings are the ones that carry the reading  (labelled sampled lines = 9; calibration gap = 0.000365 < 0.01; delivered outcomes = 1)

[SUMMARY] 17 PASS / 0 FAIL  (1 delivered outcome(s))
[VERDICT] d46d GREEN-UNREVIEWED, ROUND-1 REPAIRED: typicality is measured, the law it is measured under is NAMED, and every clause of this verdict is interpolated from a gated computation above. THE LAW: the committed weight layer d42b1 declares 'no measure claim' in its own docstring, so this unit uses two candidate normalizations — LOOKAHEAD-COMPLETED (exact arm) and LOCAL-NORMALIZED (sampled arm) — calibrated against each other to a maximum width-mass gap of 3457/9464832 (~0.000365) at the single (pool 4, depth 3) pair where both are computable; neither is 'the theory's own law' and this receipt does not call either one that. THE EXACT ARM: the lookahead-completed measure is proper at every enumerable pool and its top-actor-width mass is 0.961 (2 actors, depth 4), 0.450 (3 actors, depth 3), 0.108 (4 actors, depth 3), 0.019 (5 actors, depth 2) under the liberal TOUCHED proxy, but only 0.678, 0.107, 0.032, 0.019 under the DELIVERY-JOINED proxy — the liberal proxy counts an actor touched by an IDLE, and about half of all event mass is idle, so it is an UPPER bound on dimension-relevant width and idle-heaviness is a CONFOUND here, not support. THE READING, REVERSED IN DIRECTION: the width mass saturates with depth at a fixed pool, but actor width is a MONOTONE functional of the path, so that cannot fail and is not evidence; on the axis that unbounded ORDER dimension actually lives on the full-width mass DECAYS with the pool — 0.963, 0.782, 0.568, 0.333, 0.137, 0.037 at fixed depth 8 for pools 3..8, and 0.867, 0.770, 0.757, 0.690, 0.623 on the diagonal depth = 2 x pool for pools 3..7. What is typical-in-the-making at these scopes is therefore ORDER dimension >= 3, NOT the UNBOUNDED dimension D45b constructs; and since actor width >= 4 is NECESSARY BUT NOT SUFFICIENT (d44c AG5: all four- and five-event labelled posets have order dimension <= 2), even that is an UPPER bound on the ORDER dimension mass. What is NOT answered here, and is the named successor: whether a typical wide record actually REALIZES a crown (a per-record order-dimension test under a named normalization). Horizon-scoped throughout; ORDER-dimension proxy only, a clock-complexity grade; no infinite-volume and no dimension-of-the-world claim (doctrine). Not review-hardened until the D46d round converts (paper-32's round precedes it).
