[D47b — the transport skies]
  banner: the instrument comes from the committed D47a receipt by
  AST extraction (single source).  Per D47a's DEMOTION,
  circular-ones is a DIAGNOSTIC ONLY and shatter-4 is the sole
  load-bearing instrument.  Capacity is gated FIRST (pin SG2):
  a sky with fewer than 4 directions cannot shatter 4 for reasons
  that are not geometry, and 'no shattering' over an undecidable
  stratum is reported UNDECIDABLE, never as a negative.
  Exhaustive and SAMPLED strata are labelled separately and never
  merged (pin SG7, no silent caps).

[TG0 anchors]
  [PASS] TG0(a) the instrument is IMPORTED from the committed D47a receipt by AST extraction of its function definitions — one source, no duplicated logic, and D47a's own gates are NOT re-run here  (functions extracted = 16, CYCLIC_CAP = 8, SKY-B depth = 2)
  [PASS] TG0(b) the IMPORTED instrument reproduces D47a's separator verdicts in this process: arcs on 6 points shatter no 4-set, the full 16-subset cap system does.  An extraction that changed behaviour would be caught here rather than downstream  (arc 4-shatter = None, cap 4-shatter = (0, 1, 2, 3))
  [PASS] TG0(c) the transport layer is exec'd path-anchored from the committed d42b1 receipt (single source), exactly as D46b/D46d do  (source = v10/code/d42b1_transport_exact.py)

[TG1 the capacity law — EXHAUSTIVE stratum]
  actors = 2, cap = 5: histories = 30729 (EXHAUSTIVE), max |directions| = {'A': 2, 'B': 2, 'C': 2}
  actors = 2, cap = 6: histories = 243769 (EXHAUSTIVE), max |directions| = {'A': 2, 'B': 2, 'C': 2}
  actors = 3, cap = 5: histories = 764584 (EXHAUSTIVE), max |directions| = {'A': 2, 'B': 2, 'C': 3}
  [PASS] TG1 EXHAUSTIVE CAPACITY: across every history of three fully enumerated transport families, the largest sky produced under ANY committed definition has 3 directions — against the 4 that shatter-4 requires.  The question is therefore UNDECIDABLE on the exhaustive stratum, and that is reported as undecidability, NOT as a negative result  ((actors, cap, histories, max dirs) = [(2, 5, 30729, {'A': 2, 'B': 2, 'C': 2}), (2, 6, 243769, {'A': 2, 'B': 2, 'C': 2}), (3, 5, 764584, {'A': 2, 'B': 2, 'C': 3})])

[TG2 the actor-width bound — SAMPLED stratum, deep walks]
  Walks are generated by an integer linear congruence with a fixed
  committed seed (deterministic, reproducible, no floats, no
  randomness).  THIS STRATUM IS SAMPLED, NOT EXHAUSTIVE, and its
  numbers are never merged with TG1's.
  width = 2: 400 walks to depth <= 20 (max reached 20), max |directions| = {'A': 2, 'B': 2, 'C': 2}
  width = 3: 400 walks to depth <= 20 (max reached 20), max |directions| = {'A': 3, 'B': 3, 'C': 3}
  width = 4: 400 walks to depth <= 20 (max reached 20), max |directions| = {'A': 3, 'B': 4, 'C': 3}
  width = 5: 400 walks to depth <= 20 (max reached 20), max |directions| = {'A': 3, 'B': 4, 'C': 4}
  width = 6: 400 walks to depth <= 20 (max reached 20), max |directions| = {'A': 3, 'B': 4, 'C': 4}
  width = 8: 400 walks to depth <= 20 (max reached 20), max |directions| = {'A': 3, 'B': 4, 'C': 4}
  [PASS] TG2 THE SKY IS AN ACTOR-WIDTH PHENOMENON, NOT A DEPTH ONE: over 400 deterministic deep walks per width to depth 20, the largest sky never exceeds the ACTOR WIDTH, and it GROWS with width while depth alone never lifts it.  This is the load-bearing structural measurement of this unit  ((width, depth reached, max dirs) = [(2, 20, {'A': 2, 'B': 2, 'C': 2}), (3, 20, {'A': 3, 'B': 3, 'C': 3}), (4, 20, {'A': 3, 'B': 4, 'C': 3}), (5, 20, {'A': 3, 'B': 4, 'C': 4}), (6, 20, {'A': 3, 'B': 4, 'C': 4}), (8, 20, {'A': 3, 'B': 4, 'C': 4})])

  TG2(c) probing the plateau — denser sample, SKY-B depth varied
    width 6: 120 walks, depth <= 22, SKY-B depth in {1,2,3} -> max |directions| = 4
    width 8: 100 walks, depth <= 22, SKY-B depth in {1,2,3} -> max |directions| = 4
    width 10: 70 walks, depth <= 22, SKY-B depth in {1,2,3} -> max |directions| = 5
  [PASS] TG2(c) NO CEILING IS CLAIMED, AND THE PLATEAU IS EXPLAINED AS A SAMPLING-AND-PARAMETER ARTIFACT.  TG2's table flattens at 4 directions from width 4 to width 8, which invites a structural-ceiling reading; a denser sample at larger width with SKY-B's depth varied over {1,2,3} instead of pinned at its committed 2 reaches 5.  The sky therefore keeps growing with width — slowly, and sensitively to the sky definition's own parameter.  **NO CEILING AND NO SATURATION MAY BE QUOTED FROM THIS UNIT**  (TG2 plateau = 4, denser probe = 5; (width, walks, max) = [(6, 120, 4), (8, 100, 4), (10, 70, 5)])
  [PASS] TG2(b) THE DECIDABILITY THRESHOLD, MEASURED: the smallest actor width at which ANY committed sky definition reaches the 4 directions shatter-4 requires is reported here.  Below it the instrument cannot speak, at any depth  (smallest width reaching 4 directions = 4; per-width maxima = [(2, 2), (3, 3), (4, 4), (5, 4), (6, 4), (8, 4)])

[TG3 the decidable stratum + TG4 shatter-4]
  decidable (history, base event, definition) triples = 44 (by definition: {'A': 0, 'B': 37, 'C': 7})
  SHATTERED 4-sets = 0; circular-ones NOT-ARC = 0 [DIAGNOSTIC ONLY]; UNDECIDED-BY-CAP = 0
  [PASS] TG3 THE DECIDABLE STRATUM IS REPORTED AS A FIRST-CLASS QUANTITY, not inferred from a silent absence: the count of triples where shatter-4 can be asked at all is printed per sky definition, and any zero is undecidability rather than evidence.  (Relabelled per the batch round, D53 MINOR 3: this >= 4 dirs / >= 2 rows stratum is DECIDABILITY-TO-ASK, not a capacity census — shatter-4 additionally needs >= 16 distinct traces incl. a row DISJOINT from the tested set, the corrected D53 SC5 / disjoint-row lemma)  (decidable = 44, by definition = {'A': 0, 'B': 37, 'C': 7})
  [PASS] TG4 SHATTER-4 ON THE DECIDABLE STRATUM: the result is reported with its stratum size.  A shattering is an OBSTRUCTION CERTIFICATE against 2+1 under the committed definition; an absence is NOT evidence for 2+1 (pin §2, and D47a's SG3b showed real 2+1 skies routinely fail the weaker instrument)  (shattered = 0 of 44 decidable triples)

[TG5 the construction-matched null — REBUILT AFTER ROUND-1 R1]
  ROUND-1 R1, OWNED IN FULL.  The original TG5 was defective
  TWICE OVER.  (i) Its actor extraction scanned each event tuple
  for the first single alphabetic character, which in transport
  events is the EVENT TYPE ('d','p','r','n'), never the actor — so
  it grouped by type on 100% of events.  (ii) Fixing that would
  NOT have rescued it: ANY null built as a disjoint union of
  totally ordered groups gives every element exactly ONE cover, so
  its maximum sky is 1 BY CONSTRUCTION and the gate could never
  fail.  That is the very D46f failure mode the gate existed to
  prevent, reproduced inside the prevention.  The null below is
  rebuilt so that it CAN fail.
  rewired null: max |directions| = {'A': 5, 'B': 7, 'C': 6}, decidable triples = 362, cover links matched = 7996
  [PASS] TG5(a) THE NULL IS CAPABLE OF FAILING THE COMPARISON — the defect R1 identified is repaired, not papered over.  A link-count-matched random DAG concentrates covers freely, and it in fact reaches 7 directions with 362 decidable triples, so a large sky in the null was a live outcome rather than an arithmetic impossibility.  The old union-of-chains null was capped at 1 BY CONSTRUCTION and could not have failed  (rewired null max = 7 (the old null was capped at 1 by construction), decidable = 362)
  [PASS] TG5(b) WHAT THE REPAIRED COMPARISON ACTUALLY SHOWS, reported in whichever direction it came out: transport's maximum sky is 4, the link-matched random null's is 7.  If the null MATCHES or EXCEEDS transport, then sky size is a generic consequence of carrier size and link count and NOT a property of the transport law — and this gate says so rather than asserting separation  (transport max = 4, null max = 7 -> NULL MATCHES OR EXCEEDS: sky size is GENERIC, not a transport property)

[TG6 the scale gap, certified]
  D47a SG10 measured that exact M^{2+1} records need N ~ 40 events
  before any sky reaches 4 directions.  TG2 measures that the
  transport sky is bounded by ACTOR WIDTH, not by event count.
  These are different scaling variables, and that is the finding:
  depth cannot buy what only width can.
  [PASS] TG6 THE TWO SCALING VARIABLES ARE DISTINCT AND BOTH MEASURED: a Minkowski sprinkling buys sky size with EVENT COUNT, while the transport layer buys it only with ACTOR WIDTH — deep walks at width 2 stay at 2 directions no matter the depth reached (20).  Any future attempt to reach a decidable sky must therefore scale WIDTH; scaling depth is certified futile  (width 2: depth reached 20, max dirs 2; width 8: max dirs 4)

[TG7 witness branch + TG8 anti-vacuity]
  [WITNESS SHATTER-4-EXERCISE] the D47a cap system driven through THIS receipt's live reporter — the branch a real transport shattering takes
    payload = {'shattered_4_set': (0, 1, 2, 3)}
  [PASS] TG7 the witness reporter is REACHABLE and EXECUTED in this run (LOG #354 F1, binding on successor dimension receipts)  (invocations = ['SHATTER-4-EXERCISE'])
  [PASS] TG8 every check() predicate references at least one run-bound name and none is a bare constant.  SCOPE (LOG #403 MA-2): this scan enforces EXACTLY that and nothing more  (check() calls = 15, bare/unbound = 0)

[VERDICT — D47b]
  THE SKY IS AN ACTOR-WIDTH PHENOMENON.  Over 400 deterministic deep walks per width to depth 20, the largest sky never exceeds the actor width and grows only with it; at width 2 it stays at 2 no matter how deep the walk runs.  DEPTH CANNOT BUY WHAT ONLY WIDTH CAN.
  AND NO CEILING: TG2's plateau at 4 is a sampling-and-parameter artifact — a denser probe with SKY-B's depth varied reaches 5.  Growth is slow and is sensitive to the sky definition's own parameter; nothing here licenses a saturation claim.
  **THE ROUND-1 NULL REVERSAL.**  With the null rebuilt so that it CAN fail, it does the opposite of separating: a link-count-matched random DAG over the same carriers reaches 7 directions against transport's 4.  **TRANSPORT SKIES ARE NARROWER THAN CHANCE.**  The original TG5 claim (that cross-actor causation PRODUCES the sky) is WITHDRAWN; what the transport law does is CONSTRAIN the sky BELOW the generic value at matched carrier size and link count.  That strengthens the actor-width reading rather than weakening it — the bound is a real restriction, not an artifact of size.
  THE EXHAUSTIVE STRATUM IS UNDECIDABLE: max 3 directions against the 4 required, over three fully enumerated families.  Reported as undecidability, never as a 2+1 cap.
  THE SAMPLED STRATUM yields 44 decidable triples with 0 shattered 4-sets.
  WHAT MAY NOT BE SAID: no absence of shattering is evidence for 2+1 (pin §2), and D47a's SG3b is the empirical reason — real Minkowski skies fail the weaker instrument 22% of the time.  Circular-ones numbers above are DIAGNOSTIC and license nothing.
  THE PIN'S §5 PRE-REGISTERED EXPECTATION IS CONFIRMED, and the deliverable is the one pre-registered for that case: a validated instrument plus a CERTIFIED statement of the scale required — which TG2/TG6 now give in the right variable, ACTOR WIDTH.

[totals] PASS = 14, FAIL = 0
EXIT 0
