[D55 A1 — shatter-5 via the generalized courier builder]
  banner: the builder is MECHANICAL from scd(m); m = 4 must
  reproduce D54's family (anchor, exit 1 on failure); m = 5 is
  the pre-registered question.  Menus initiator-restricted, with
  sampled full-menu equivalence GATED.  Every event selected
  from the committed layer's own menu.
  [PASS] G0 anchors: transport layer from committed d42b1; sky/shatter from committed D47a (AST extraction)  (single sources)

[the m = 4 anchor — the general machine vs D54's hand build]
  [PASS] G1 THE ANCHOR: the GENERAL builder at m = 4 re-derives D54's result — all 16 subsets realized, shattered 4-set returned — from scd(4) alone, with no hand-tuning.  (The record differs from D54's in actor accounting — 6 accumulators vs 4+2 late deliveries — but the trace FAMILY is the same: all of B4)  (actors = 22 (chains 6, couriers 11), events = 44, depth = 5, subsets = 16/16, shatter = True)
  [PASS] G2 TG-EQ [ANCHOR] the restricted menu equals the full menu filtered to those initiators — AS EVENT SETS.  Round-1 MAJOR 1 corrected the first draft's reason: admissible() DOES read the actor list in its delivery branch, so WEIGHTS can differ between restricted and full calls; MEMBERSHIP is what is preserved (referee: correct theorem proved + 354,319 comparisons, 0 membership mismatches [REFEREE-CARRIED]), and the builder discards every weight, so the record is unaffected  (samples = [('X delivers v1 to D0', True, True), ('D0 pads', True, True), ('mint C1 <- D2', True, True)])

[the m = 5 build — THE QUESTION]
  [PASS] G2b TG-EQ [m = 5] the membership equivalence gated ON THE m = 5 BUILD ITSELF (round-1 MINOR 1: the first draft computed these samples and discarded them), including a late courier step  (samples = [('X delivers v1 to D0', True, True), ('mint C7 <- D0', True, True), ('A9 <- D1 (clean first)', True, True)])
  [PASS] G3 THE m = 5 BUILD IS ADMISSIBLE END TO END: 84 events over 42 actors (10 accumulator chains, 26 couriers), every event offered by the committed layer's own menu — the layer, not the author, decided  (events = 84, refusal = None)
  [PASS] G4 the five directions are a genuine sky: pairwise incomparable, one height, above E; depth reported  (|dirs| = 5, depth = 6)
  [PASS] G5 [partly DERIVED from G6 — round-1 MINOR 5] CAPACITY (the SC5 analog at m = 5): >= 5 directions, >= 32 DISTINCT traces, empty trace present  (distinct traces = 32, empty = True)
  [PASS] G6 **ALL 32 SUBSETS REALIZED AND A SHATTERED 5-SET RETURNED.**  WHAT THIS LICENSES, restated per round-1 BLOCKER 1 (the first draft re-used, one rung up, the arrow D54's round retired): this sky is NOT REALIZABLE BY CAPS ON S^2 (VC dim 4, Radon-certified).  'Not a 3+1 sky' would need the stipulation that a discrete 3+1 sky IS a cap system, which the corpus does not grant (the demotion, one rung down: 218/397 genuine 2+1 skies are non-arc).  **The licensed claim is CAPACITY: the layer does not cap the shatter ladder at the sphere's rung.**  The empirical 3+1 separation has only a THIN control so far (round 1: 1,351 genuine M^{3+1} SKY-B skies, 33 SC5-capable, zero shatter-5 [REFEREE-CARRIED]) and is stated as such  (subsets = 32/32; shattered 5-set = ['D0', 'D1', 'D2', 'D3', 'D4'])
  [WITNESS TRANSPORT-SHATTER-5] actors = 42, events = 84, depth = 6, set = ['D0', 'D1', 'D2', 'D3', 'D4']
  [PASS] G7 DILWORTH CONSISTENCY at m = 5: per-initiator traces are chains (zero crossings); contributing actors >= C(5,2) = 10 (the gate's price, paid); and the realized family contains the 10-element middle layer, so its min chain cover is EXACTLY 10 — Dilworth-tight  (nested = True, contributing = 32 (bound 10), middle layer present = True)

  per-depth table, FULL range 1..17 (round-1 MINOR 2: the first draft silently capped at 9):
    d=1: |dirs|=1, traces=1, max-shatter=0
    d=2: |dirs|=2, traces=4, max-shatter=2
    d=3: |dirs|=3, traces=8, max-shatter=3
    d=4: |dirs|=4, traces=16, max-shatter=4
    d=5: |dirs|=5, traces=32, max-shatter=5
    d=6: |dirs|=5, traces=32, max-shatter=5
    d=7: |dirs|=5, traces=32, max-shatter=5
    d=8: |dirs|=6, traces=29, max-shatter=4
    d=9: |dirs|=7, traces=26, max-shatter=4
    d=10: |dirs|=8, traces=23, max-shatter=4
    d=11: |dirs|=9, traces=17, max-shatter=3
    d=12: |dirs|=9, traces=17, max-shatter=3
    d=13: |dirs|=6, traces=10, max-shatter=2
    d=14: |dirs|=6, traces=9, max-shatter=2
    d=15: |dirs|=2, traces=3, max-shatter=1
    d=16: |dirs|=2, traces=3, max-shatter=1
    d=17: |dirs|=2, traces=3, max-shatter=1
  [PASS] G8 PER-DEPTH REPORTING over the record's FULL height range, with the MAX-SHATTER METER per reading — round-1 MAJOR 2's point stands and is embraced: **the meter is a property of a (record, sky-reading) PAIR, not of a record** (this record reads 0 under SKY-A/C and 1..5 under SKY-B depending on depth); the record's meter value is the SUP over committed readings, which is 5  (shatter-5 depths = [5, 6, 7]; max-shatter by depth = [0, 2, 3, 4, 5, 5, 5, 4, 4, 4, 3, 3, 2, 2, 1, 1, 1])
  [PASS] G9 AST anti-vacuity (no bare-constant predicates; scope per LOG #403 MA-2: exactly that, nothing more)  (check() calls = 12, bare = 0)

[VERDICT — D55 A1]
  SHATTER-5 IS CONSTRUCTIBLE.  The generalized courier
  builder, mechanical from scd(5), yields a 42-actor,
  84-event record whose SKY-B sky realizes all 32
  subsets of its 5 directions.  THE LICENSED CLAIM (round-1
  B1): the layer DOES NOT CAP THE SHATTER LADDER at the
  sphere's rung — a CAPACITY statement; 'not 3+1' would need
  the cap-system stipulation the corpus does not grant, and
  the empirical 3+1 control is thin (33 capable, 0 shatter,
  referee-carried).  Selection, if it exists, is NOT in the
  admissibility layer; candidate homes include the measure,
  resource cost, and counting typicality (round-1 MINOR 6:
  the measure is not the only candidate).
  Scope: reading-relative to SKY-B, depths enumerated; ONE
  engineered record — NO genericity claim (not posable at
  transport scope, D52).

[d55] 11 PASS / 0 FAIL
EXIT 0
RC=0
