[D62 — (H2): the update table, gated against the committed layer]
  banner: the THEOREM is carried by note-d62-h2-update-table.md
  (the four rows + O1/O2/O3, prose-over-code).  This receipt
  implements THE TABLE as one function of (serialised sigma,
  renamed event) — it never sees a history — and compares it
  with the layer's own sigma(h+e).  TWO-ACTOR d42a ONLY.
  [PASS] N0(a) SINGLE SOURCES: d42b3's admission layer (candidates_for / admissible / event_poset / regs_of / vname / V0) and d44a's sigma_raw / ser / canon_sigma / _rename_event / _menu_extras / canon_pair extracted VERBATIM by text slice (the d61 idiom); the slices carry the expected definitions, not merely callables  (d42b3 prefix + 3 d44a slices)
  [PASS] N0(b) SLICE HYGIENE (the d50 lesson): the three d44a slices are PURE DEFINITIONS — zero sys.exit, zero top-level check(), zero top-level print() survive the extraction, so nothing of d44a's own gate protocol can execute inside this receipt; the d42b3 prefix is cut before its first print, as in d61  (stray (exit, check, print) per slice = [('blk1', 0, 0, 0), ('blk2', 0, 0, 0), ('blk3', 0, 0, 0)])
  [PASS] N0(c) CODE-FACTS: every source line the note's rows and the three obligations read is present VERBATIM in the committed d42b3 source (17 lines: vname's structure, regs_of, View's superseded/resolved/live, holdings, edges' incomparability clause, both admissibility refusals, and arb_components_in_view's proposer test)  (quoted lines = 17, missing = [])
  [PASS] N0(d) CODE-FACTS: the four d44a source lines that define WHAT THE TABLE TRANSFORMS (hold's None convention, refs, ser's restriction of sup to refs, and canon_pair's 100+i extension for a base outside the sigma renaming — the O1 token)  (quoted lines = 4, missing = [])
  [PASS] N0(e) THE TABLE IS BLIND TO HISTORY, checked through its WHOLE call graph (round-1 MINOR 4: the first draft inspected TABLE and comps_of_live only, so a history read one call down would have passed): TABLE, comps_of_live, canon_parts and parse_sigma together mention no history, poset, view or layer enumerator — the table reads its two arguments and calls only the committed ser()  (call-graph global reads = ['AB', 'NEW', 'append', 'ast', 'canon_parts', 'comps_of_live', 'dict', 'items', 'len', 'literal_eval', 'parse_sigma', 'permutations', 'range', 'repr', 'ser', 'setdefault', 'sorted', 'tuple'])

  family depth CAP = 6: 34375 histories, census by depth = [1, 6, 32, 176, 976, 5280, 27904]
  TRANSITIONS GATED: every cached transition out of EVERY one of these histories — i.e. into depth 7.  No silent cap.
  [PASS] N0(f) CENSUS ANCHOR: the committed layer's own history census [1, 6, 32, 176, 976, 5280, 27904] (d44a / the D61 round-1 review's independent reproduction), total 34,375 at depth 6  (census = [1, 6, 32, 176, 976, 5280, 27904], histories = 34375)

[T1 — TABLE(sigma(h), renamed e) vs the layer's sigma(h+e), every cached transition into depth 7]
  [PASS] T1(a) THE TABLE REPRODUCES THE LAYER: at every one of the 179782 cached transitions into depth 7, the row's prediction from (sigma(h), renamed e) ALONE equals the committed canon_sigma(h + [e]) — string-identical serialisation.  The mismatch COUNT is total (round-1 MINOR 1: only the printed examples are capped at three)  (transitions = 179782, mismatches = 0, per-row mismatches = 0)
  [PASS] T1(b) THE ABSTRACT TRANSITION SYSTEM, anchored to d44a's committed numbers: the distinct (sigma, renamed event) keys number exactly 176 (d44a CG3a's traversed-edge count; CG2's 160 cached keys + CG7c's 16 depth-6->7 keys) and the sigma states exactly 36 (d44a CG1/CG3a)  (keys = 176, states = 36)
  [PASS] T1(c) CLOSURE: no cached transition leaves the BFS-reachable sigma set — every parent state AND every successor state of every cached transition is one of the abstract system's reachable states (d44a CG3a's 'reachable == cache-realized', re-gated depth-independently against the BFS below)  (reachable = 36, parent states = 36, successor states = 36, escapes = 0)
  [PASS] T1(d) ROW 0 (obligation O3): comps is a FUNCTION OF live at EVERY state — the layer's components()/edges()/incomparable() output equals the Lemma-7b-driven reconstruction (same base + opposite bits, no poset test), so the table never has to transport a poset  (states checked = 34375, reconstruction failures = 0)
  [PASS] T1(e) [COROLLARY OF T1(a) — round-1 MAJOR 1(a): TABLE never reads e[3], so once T1(a) passes this CANNOT fail; printed as a reporting line in D58-A3 style, worth seeing and not worth counting as independent evidence]: the successor sigma does not depend on the WINNER key W — keys differing only in wkey have the same layer target (the minted name vname(b, W, x) is abstracted to one fresh token, so arbitration's winner is invisible to sigma)  (arb (sigma, ckey)-groups = 52, groups with split targets = 0)
  [t = 55.0s]

[T4 — row coverage: every transition matched to exactly one row of the note's table]
  [PASS] T4(a) ROW COVERAGE, INDEPENDENTLY CLASSIFIED (round-1 MAJOR 1(c): the first draft's `unassigned` counter could not fire): an independent classifier re-derives each cached transition's row from (event tag, base-in-refs, |proposers(ckey)|) through its own parse, and agrees with TABLE's row label at every key; the five rows partition the classes and none is empty  (keys re-classified = 176, disagreements = 0; per-row counts = {'R1-idle': 68750, 'R2-propose-held': 57020, "R2'-propose-dropped-base": 9656, 'R3-self-arb': 35412, 'R4-pair-arb': 8944})
  [PASS] T4(b) ROW CENSUS ANCHORS (independent numbers this receipt did not choose): R1 = 68,750 = 2 x 34,375 (an idle by each actor at every history — the D61 round-1 review's 68,750 (h, actor) pairs); R2' = 9,656 = exactly the review's count of cone-extra propose options caused by MISSED SUPERSESSION (the dropped-base proposes ARE that excess); R3 + R4 = 44,356 = the review's admissible-arb census  (R1 = 68750, R2' = 9656, R3+R4 = 44356)
  [PASS] T4(c) ROW PRECONDITIONS at every instance: R2's base is the actor's own held token with no prior live proposal (5a + 5b); R2''s base is OUTSIDE refs with hold = None and no live own proposal, and canon_pair renames it to the single extra token 100 (O1); R3's ckey is a SINGLETON of the initiator's own live proposal on its token; R4's ckey is both actors' live proposals on one base that is both actors' NON-superseded token (Lemma 5's four cases, as preconditions)  (instances per row = {'R2': 57020, 'R1': 68750, 'R3': 35412, 'R4': 8944, "R2'": 9656}, precondition violations = 0)
  [PASS] T4(e) NON-VACUITY OF THE ROWS' SUB-CASES: every branch the note's row R3 distinguishes actually OCCURS in the family — including the two that carry the whole delicacy (the opponent's token dropped by an arb it cannot see, and the opponent left with a live proposal stranded on a base that is now superseded) — and states carrying two live proposals on ONE base with the SAME bit (two singleton components, no edge) exist too, so Row 0's same-bit branch is not vacuous  (sub-case counts = {'R3 x self-arbs its HELD token': 24236, "R3 x self-arbs its DROPPED token (after R2')": 11176, 'R3 opponent token DROPPED by the arb (shared base) — invisible supersession': 14772, 'R3 ... AND the opponent is left with a live proposal STRANDED on the superseded base': 8944, 'R3 opponent token already dropped': 6744, 'R3 opponent wholly untouched': 13896}; states with two same-bit live proposals on one base = 2236)
  [PASS] T4(d) TOKEN DISCIPLINE: no renamed event mentions a token outside refs u {100}, and NO ARB ever carries the extra token — an arb's base is live-carrying, hence in refs, so the dropped-base subtlety is confined to row R2'  (violations = 0)

[T3 — O1: the dropped-base row, isolated]
  [PASS] T3(a) O1's FORCEDNESS, at every instance: on a propose-on-a-dropped-base the discarded token is exactly X_x = own_alive(h, x) (5a), it IS in the full-view superseded set (hence hold[x] = None), and it is NOT in refs — the opponent does not hold it (5e) and no live proposal sits on it (5b + 5d).  So sigma(h) determines everything about it except its name, which the renamed event supplies  (dropped-base proposes = 9656, violations = 0)
  [PASS] T3(b) [COROLLARY OF T1(a) — round-1 MAJOR 1(b): each class's successors all equal TABLE(sb, eb), a single value, so once T1(a) passes this cannot fail; printed as a reporting line, not counted as independent evidence]: within each (sigma, renamed e) class of dropped-base proposes, the successor sigmas are pairwise IDENTICAL  (classes = 12, splitting classes = 0)
  [PASS] T3(c) O1's PREMISE — invariant (5e) — at every state: at most one actor's token is full-view superseded, i.e. at most one hold[a] is None.  If two were, two distinct dropped bases could be mentioned and the canonical renaming would have a genuine choice (the adopted note's §8 GAP 2)  (states = 34375, violations = 0)
  [t = 71.3s]

[T2 — O2: the minted version name is always fresh]
  [PASS] T2(a) THE COLLISION CENSUS, re-run: over every admissible arb at every cached transition, the minted vname(b, W, x) is NOT a base already present in h (present = V0 u the versions minted by h's arbs — candidates_for's own base set).  Anchored to the D61 round-1 review's census: 44,356 admissible arbs, 0 collisions  (admissible arbs = 44356, collisions = 0)
  [PASS] T2(b) O2's ARGUMENT ON A REACHABILITY-RESTRICTED SURFACE (round-1 MINOR 7: this pool is arbs of h plus arb CANDIDATES at every prefix — all layer-minted; the round built the truly adversarial surface, every well-formed arb over all uttered triples, 69,652 colliding candidates, and confirmed 0 admitted at 2.3x this surface): every arb event whose minted name is ALREADY present in h is REFUSED by the committed admissible() at h — including the events that are not in h at all.  This is the premise of the note's proof (a collision forces an earlier arb by x on the same base b; that arb lies in the candidate's view — the full view for a pair-arb, cone_x for a self-arb by Lemma 1(c) and the proposer test — so b is superseded there and arb_components_in_view skips it)  (pool = 157888, colliding-name candidates = 49964, ADMITTED (violations) = 0; by kind = {('in h', 'self'): 26972, ('NOT in h — a DIFFERENT event with the SAME minted name', 'pair'): 5880, ('in h', 'pair'): 11408, ('NOT in h — a DIFFERENT event with the SAME minted name', 'self'): 5704})
  [PASS] T2(c) THE NAMED WITNESS (O2 is not vacuous): at h = [pA(v0,0), pB(v0,1)] the self-arb and the pair-arb are BOTH admissible and mint the SAME name ('v', v0, (0,), ('A',), 'A') — vname keys on the WINNER, not the ckey, so distinct events can collide.  Once either fires, the other is REFUSED: the base is superseded in the survivor's view.  So the collision is excluded by admissibility, not by luck  (same minted name = True; both admissible at h = True; selfA after PAIR = False; selfA after selfA = False; PAIR after selfA = False)
  [t = 73.4s]

[T5 — coverage: the table on EVERY abstract transition key]
  [PASS] T5 THE FRONTIER-EXHAUSTED BFS on sigma-space (d44a CG3a, re-run): all 36 reachable states EXPANDED, 176 traversed edges, and the TABLE predicts the layer's successor on every one of them; every key the cached sweep saw is one of them (with equality at the anchored depth).  STATED HONESTLY: the BFS uses one representative per class, which is LICENSED BY the rows — this is coverage evidence, NOT an independent proof of (H2)  (expanded = 36, edges = 176, abstract keys = 176, table mismatches = 0, cached keys contained = True, key sets coincide = True)
  [PASS] T5(b) THE LAYER'S OWN SANITY COUNTERS (d44a's sigma port, carried through this receipt's whole sweep): alive-singleton, non-superseded-holdings, live-on-X and conflicting-pair-comparability violations all zero — the invariants the rows consume, as the committed port itself counts them  (SG_VIOL = {'alive': 0, 'nonsup': 0, 'liveX': 0, 'cmp': 0})

[VERDICT]
  (H2) IS A THEOREM at two-actor delivery-free d42a scope:
  sigma(h + [e]) is a function of (sigma(h), renamed e) at
  EVERY depth.  Carried by note-d62-h2-update-table.md's
  five rows — each a reading of the committed layer plus
  D61's Lemma 5 invariants — with all THREE obligations
  discharged as proofs: O1 (the dropped-base token is
  forced by 5e + 5b, its superseded mark computed not
  read), O2 (a minted vname can never collide: the
  collision forces an earlier arb by the same actor on the
  same base, which lies in the candidate's own view and
  supersedes it there, so the arb is inadmissible), O3
  (comps is a function of live by Lemma 7b + 5b, so no
  poset is transported).  The gates above are EVIDENCE for
  the rows and were never premises of them.
  CONSEQUENCES (pin §3, and no more than these):
  - (H0) discharged (D61), (H1) THEOREM (D61), (H2) THEOREM
    (here) => D44a's closure theorem is UNCONDITIONAL at
    two-actor delivery-free d42a scope.
  - The 36-state closure, the six-state chain and the
    Perron package hold AT EVERY DEPTH there.
  - RESIDUE 1 IS CLOSED AT THAT SCOPE; D49's root-free
    completion is unconditional at every depth there —
    still within the stationary form (D50: the form
    remains a choice), still DELIVERY-FREE (transport
    untouched).  The D61 quotation embargo lifts.
  - Paper 30/32 and book updates land AFTER this unit's
    hostile round, per discipline.
  RESIDUES: Lean-grade mechanization of the induction
  (unchanged from D61); three actors OUT OF SCOPE (the
  wall is Lemma 2's proposer test); transport untouched.

[d62] 24 PASS / 0 FAIL  [family depth 6, transitions into depth 7, runtime 73.4s]
