[D64 — THE COCYCLE: do the wide crystal's charts carry non-identity transitions?]
  banner: the substrate is D63's DOUBLE-RING(8, 10, 8),
  imported as D63's own function object; the charts are D58's
  SKY-B charts; the coordinates are WIRE WORDS read off
  event_poset's generating relation P, and the P build is
  GATED against the committed order on every grammar
  substrate.  Every definitional choice in the labeling is
  printed and run BOTH WAYS.  G1 / G2 / G3 is decided by the
  census; no outcome sentence exceeds it.
  [PASS] C0a ANCHORS — every layer a SINGLE SOURCE and the strip is GATED not asserted: the transport grammar by text-slice from committed d42b1 (cut at its own banner print), and the sky instrument (d47a), the repaired sprinkling generator (d55c), the atlas (d58), D60's blueprint machinery and **D63's OWN `double_ring` / `wide_brick` BLUEPRINT** by AST extraction.  The substrate this unit charts is D63's function object, not a re-typing of it.  The gate reads: no reference to `exit`, `quit` or `_exit` — in CALL or in bare NAME/ATTRIBUTE form, so an aliased exit is caught too (round-1 NIT 3) — survives the slice (checked textually AND by AST) or any extracted body.  SCOPE: a syntactic scan for those three names; it decides no reachability and cannot see an exit reached through getattr on a computed string  (slice = 16129 of 40838 chars, exit-free (text) = True, exit-free (AST) = True; extracted bodies = {'d47a_sky_instrument_exact.py': 16, 'd55c_m31_control_exact.py': 9, 'd58_atlas_instrument_exact.py': 5, 'd60_crystal_exact.py': 10, 'd63_wide_crystal_exact.py': 15}, all exit-free = True)

[C0 THE ANCHOR — the substrate against D63's committed row, and the brick control against D60's]
    DR(8,10,8)  : n= 177  d=2 homog 47/59 (~0.7966)  |D|>=4 1/3 (~0.3333)  max|D| 4  omega 100/137 (~0.7299)  |  d=3 homog 137/177 (~0.7740)  |D|>=4 119/177 (~0.6723)  max|D| 4
    BRICK(8,14) : n=  65  d=2 homog 10/13 (~0.7692)  |D|>=4 0 (~0.0000)  max|D| 3  omega 125/192 (~0.6510)  |  d=3 homog 48/65 (~0.7385)  |D|>=4 38/65 (~0.5846)  max|D| 4
    sprinkling controls, generator parameters PRINTED (d55c's repaired `latt`, high-bit draws): M21: N=120, spatial dim=2, box=60, seed=8, T=4*box=240; M31: N=120, spatial dim=3, box=48, seed=8, T=4*box=192; orders by d55c's `mink4`.
    substrates built: BRICK(8,14) (65 events, grammar), DR(8,10,0) (97 events, grammar), DR(8,10,8) (177 events, grammar), M21 (120 events, sprinkling), M31 (120 events, sprinkling)  [2.3s]
  [PASS] C0 [ANCHOR, exit 1 on breakage] THE SUBSTRATE IS D63's WIDE CRYSTAL, EVENT FOR EVENT.  `double_ring(8, 10, 8)` — D63's own extracted function object — reproduces D63's committed profile row exactly at BOTH depths: 177 events, d = 2 homogeneity 47/59 (~0.7966), |D| >= 4 at 1/3, max |D| = 4, mean omega 100/137 (~0.7299); d = 3 homogeneity 137/177 and |D| >= 4 at 119/177 with max |D| = 4.  And the uncoupled BRICK control is D60's brick event-for-event, reproducing D60's published row (10/13, 125/192, 0, 3).  No refusal anywhere  (substrate exact row = True, decimals = True; brick event list identical to D60's = True, row = True; refusals = [])

[C0b INSTRUMENT VALIDATION — P is `event_poset`'s own generating relation, and the gate is that its transitive closure IS the committed order]
    BRICK(8,14) : n=  65  reg_tuple != regs_of at 0 events;  #P-successors <= |regs_of| everywhere = True;  closure(P) == committed order = True;  P-edges 119, cover-edges 116, P-edges that are NOT covers (the height-skipping edges) = 3
    DR(8,10,0)  : n=  97  reg_tuple != regs_of at 0 events;  #P-successors <= |regs_of| everywhere = True;  closure(P) == committed order = True;  P-edges 175, cover-edges 168, P-edges that are NOT covers (the height-skipping edges) = 7
    DR(8,10,8)  : n= 177  reg_tuple != regs_of at 0 events;  #P-successors <= |regs_of| everywhere = True;  closure(P) == committed order = True;  P-edges 335, cover-edges 328, P-edges that are NOT covers (the height-skipping edges) = 7
  [PASS] C0b THE INSTRUMENT IS VALIDATED, NOT ASSERTED.  On every grammar substrate: (i) `reg_tuple` is `regs_of` with an order — same set at every event; (ii) each event has at most |regs_of| P-successors (W4b's joint, the D63 round-1 referee's own section-G check); (iii) THE TRANSITIVE CLOSURE OF P EQUALS THE COMMITTED ORDER `poset_of` exactly, which is the gate that makes the wire words a reading of the committed layer rather than a new structure; (iv) the covering relation is contained in P (P has strictly more edges — the height-skipping ones), and the COV surrogate's own closure is the committed order on EVERY substrate including the sprinklings  (grammar substrates validated = 3; closure == order everywhere = True; reg_tuple == regs_of everywhere = True; successor bound = True; cover containment and COV closure = True)

[C1 THE CHART CENSUS — charts (|D| >= 2), the WIDE subatlas (|D| >= 4), and the overlapping pairs (>= 2 shared directions), at d = 2 and d = 3, substrate and every control]
    substrate     inst   d     n  charts  wide  pairs  widepairs  triples  word lengths realized
    BRICK(8,14)   COV    2    65      50     0     58          0       37  {1: 4, 2: 184}  [0.0s]
    BRICK(8,14)   COV    3    65      48    38     56         52       34  {1: 3, 2: 12, 3: 323}  [0.0s]
    BRICK(8,14)   REG    2    65      50     0     58          0       37  {1: 7, 2: 187}  [0.0s]
    BRICK(8,14)   REG    3    65      48    38     56         52       34  {1: 3, 2: 17, 3: 330}  [0.0s]
    BRICK(8,14)   REGA   2    65      50     0     58          0       37  {1: 7, 2: 187}  [0.0s]
    BRICK(8,14)   REGA   3    65      48    38     56         52       34  {1: 3, 2: 17, 3: 330}  [0.0s]
    DR(8,10,0)    COV    2    97      67     0     68          0       42  {1: 4, 2: 241}  [0.1s]
    DR(8,10,0)    COV    3    97      62    45     61         56       35  {1: 10, 2: 12, 3: 392}  [0.1s]
    DR(8,10,0)    REG    2    97      67     0     68          0       42  {1: 11, 2: 244}  [0.1s]
    DR(8,10,0)    REG    3    97      62    45     61         56       35  {1: 10, 2: 25, 3: 399}  [0.1s]
    DR(8,10,0)    REGA   2    97      67     0     68          0       42  {1: 11, 2: 244}  [0.1s]
    DR(8,10,0)    REGA   3    97      62    45     61         56       35  {1: 10, 2: 25, 3: 399}  [0.1s]
    DR(8,10,8)    COV    2   177     141    59    172        137      111  {1: 8, 2: 527}  [0.8s]
    DR(8,10,8)    COV    3   177     137   119    273        263      202  {1: 6, 2: 30, 3: 946}  [0.7s]
    DR(8,10,8)    REG    2   177     141    59    172        137      111  {1: 15, 2: 530}  [0.7s]
    DR(8,10,8)    REG    3   177     137   119    273        263      202  {1: 6, 2: 43, 3: 953}  [0.8s]
    DR(8,10,8)    REGA   2   177     141    59    172        137      111  {1: 15, 2: 530}  [0.8s]
    DR(8,10,8)    REGA   3   177     137   119    273        263      202  {1: 6, 2: 43, 3: 953}  [0.8s]
    M21           COV    2   120      87    60    247        153      420  {1: 217, 2: 433}  [0.3s]
    M21           COV    3   120      98    79    383        279      938  {1: 131, 2: 848, 3: 643}  [0.3s]
    M31           COV    2   120      82    60    370        217     1045  {1: 326, 2: 448}  [0.3s]
    M31           COV    3   120      91    83    518        484     1983  {1: 293, 2: 1339, 3: 590}  [0.3s]
  [PASS] C1 THE CHART CENSUS, AND TWO STRUCTURAL FACTS IT GATES.  (i) The P-path enumeration reaches EXACTLY SKY-B's direction set D_e(d) at every base event of every substrate at both depths — the coordinates cover the charts, nothing is labelled that is not a direction and no direction is left unlabelled.  (ii) EVERY overlapping chart pair is SAME-HEIGHT: D_e(d) lies in the single height layer h[e] + d, so two charts can share a direction only if their base events share a height.  This is why the pair census is layer-local and why it is small  (measurements = 22; P-reach == SKY-B everywhere = True; cross-height overlapping pairs across every substrate/instrument/depth = 0)

[C2 THE TRANSITION CENSUS — identity vs non-identity per overlapping pair, ALL FOUR LABELINGS, both depths, substrate and controls, the WIDE subatlas broken out]
  --- instrument REG (P + the layer's own register tuple order — the canonical labeling) ---
      substrate      d  pairs |         RAW id/non |        ROLE id/non |   FIRST-raw id/non |  FIRST-role id/non
      BRICK(8,14)    2     58 |      0/58          |      0/58          |      0/58          |      0/58         
      BRICK(8,14)    3     56 |      0/56          |      0/56          |      0/56          |      0/56         
      DR(8,10,0)     2     68 |      0/68          |      0/68          |      0/68          |      0/68         
      DR(8,10,0)     3     61 |      0/61          |      0/61          |      0/61          |      1/60         
      DR(8,10,8)     2    172 |      0/172         |     57/115         |      0/172         |     57/115        
      DR(8,10,8)     3    273 |      0/273         |     54/219         |      0/273         |    148/125        
      WIDE SUBATLAS ONLY (both charts |D| >= 4):
      substrate      d widepairs |         RAW id/non |        ROLE id/non |   FIRST-raw id/non |  FIRST-role id/non
      BRICK(8,14)    2         0 |      0/0           |      0/0           |      0/0           |      0/0          
      BRICK(8,14)    3        52 |      0/52          |      0/52          |      0/52          |      0/52         
      DR(8,10,0)     2         0 |      0/0           |      0/0           |      0/0           |      0/0          
      DR(8,10,0)     3        56 |      0/56          |      0/56          |      0/56          |      0/56         
      DR(8,10,8)     2       137 |      0/137         |     29/108         |      0/137         |     29/108        
      DR(8,10,8)     3       263 |      0/263         |     54/209         |      0/263         |    148/115        
  --- instrument REGA (P + registers sorted by name — the ALTERNATIVE port order, run so the convention is visible) ---
      substrate      d  pairs |         RAW id/non |        ROLE id/non |   FIRST-raw id/non |  FIRST-role id/non
      BRICK(8,14)    2     58 |      0/58          |      0/58          |      0/58          |      5/53         
      BRICK(8,14)    3     56 |      0/56          |      0/56          |      0/56          |      0/56         
      DR(8,10,0)     2     68 |      0/68          |      0/68          |      0/68          |      6/62         
      DR(8,10,0)     3     61 |      0/61          |      0/61          |      0/61          |      0/61         
      DR(8,10,8)     2    172 |      0/172         |     85/87          |      0/172         |     85/87         
      DR(8,10,8)     3    273 |      0/273         |    105/168         |      0/273         |    176/97         
      WIDE SUBATLAS ONLY (both charts |D| >= 4):
      substrate      d widepairs |         RAW id/non |        ROLE id/non |   FIRST-raw id/non |  FIRST-role id/non
      BRICK(8,14)    2         0 |      0/0           |      0/0           |      0/0           |      0/0          
      BRICK(8,14)    3        52 |      0/52          |      0/52          |      0/52          |      0/52         
      DR(8,10,0)     2         0 |      0/0           |      0/0           |      0/0           |      0/0          
      DR(8,10,0)     3        56 |      0/56          |      0/56          |      0/56          |      0/56         
      DR(8,10,8)     2       137 |      0/137         |     57/80          |      0/137         |     57/80         
      DR(8,10,8)     3       263 |      0/263         |    105/158         |      0/263         |    176/87         
  --- instrument COV (covering relation + cover-index ports — the register-free surrogate, the only instrument defined on sprinklings) ---
      substrate      d  pairs |         RAW id/non |        ROLE id/non |   FIRST-raw id/non |  FIRST-role id/non
      BRICK(8,14)    2     58 |      0/58          |      0/58          |      0/58          |     10/48         
      BRICK(8,14)    3     56 |      0/56          |      0/56          |      0/56          |      0/56         
      DR(8,10,0)     2     68 |      0/68          |      0/68          |      0/68          |     12/56         
      DR(8,10,0)     3     61 |      0/61          |      0/61          |      0/61          |      0/61         
      DR(8,10,8)     2    172 |     57/115         |     85/87          |     57/115         |     85/87         
      DR(8,10,8)     3    273 |     54/219         |    105/168         |     54/219         |    176/97         
      M21            2    247 |     37/210         |      3/244         |     37/210         |      3/244        
      M21            3    383 |     15/368         |      1/382         |     15/368         |      2/381        
      M31            2    370 |     66/304         |      4/366         |     66/304         |      5/365        
      M31            3    518 |     51/467         |      2/516         |     51/467         |      2/516        
      WIDE SUBATLAS ONLY (both charts |D| >= 4):
      substrate      d widepairs |         RAW id/non |        ROLE id/non |   FIRST-raw id/non |  FIRST-role id/non
      BRICK(8,14)    2         0 |      0/0           |      0/0           |      0/0           |      0/0          
      BRICK(8,14)    3        52 |      0/52          |      0/52          |      0/52          |      0/52         
      DR(8,10,0)     2         0 |      0/0           |      0/0           |      0/0           |      0/0          
      DR(8,10,0)     3        56 |      0/56          |      0/56          |      0/56          |      0/56         
      DR(8,10,8)     2       137 |     29/108         |     57/80          |     29/108         |     57/80         
      DR(8,10,8)     3       263 |     54/209         |    105/158         |     54/209         |    176/87         
      M21            2       153 |     12/141         |      2/151         |     12/141         |      2/151        
      M21            3       279 |      6/273         |      1/278         |      6/273         |      1/278        
      M31            2       217 |     26/191         |      0/217         |     26/191         |      0/217        
      M31            3       484 |     42/442         |      2/482         |     42/442         |      2/482        

[C2b THE ARTIFACT PROBES — a labeling can produce G1 or G3 for a reason that has nothing to do with the geometry, and both directions are tested]
  PROBE 1 (blind labeling => G1 is an artifact): is the label of a direction the SAME in every chart that sees it?  If it is always the same, the labeling is a function of the direction alone and CANNOT see a transition.
      substrate     inst   d  dirs in >=2 charts |         RAW const |        ROLE const |   FIRST-raw const |  FIRST-role const
      BRICK(8,14)   COV    2                  45 |      0       |      0       |      0       |      2      
      BRICK(8,14)   COV    3                  45 |      0       |      1       |      0       |      1      
      BRICK(8,14)   REG    2                  45 |      0       |      0       |      0       |      2      
      BRICK(8,14)   REG    3                  45 |      0       |      0       |      0       |      2      
      BRICK(8,14)   REGA   2                  45 |      0       |      0       |      0       |      1      
      BRICK(8,14)   REGA   3                  45 |      0       |      0       |      0       |      2      
      DR(8,10,0)    COV    2                  55 |      0       |      0       |      0       |      3      
      DR(8,10,0)    COV    3                  55 |      0       |      2       |      0       |      3      
      DR(8,10,0)    REG    2                  55 |      0       |      0       |      0       |      2      
      DR(8,10,0)    REG    3                  55 |      0       |      0       |      0       |      5      
      DR(8,10,0)    REGA   2                  55 |      0       |      0       |      0       |      1      
      DR(8,10,0)    REGA   3                  55 |      0       |      0       |      0       |      4      
      DR(8,10,8)    COV    2                 120 |     58       |     72       |     58       |     76      
      DR(8,10,8)    COV    3                 134 |      4       |     32       |      4       |     74      
      DR(8,10,8)    REG    2                 120 |      0       |     58       |      0       |     62      
      DR(8,10,8)    REG    3                 134 |      0       |      4       |      0       |     60      
      DR(8,10,8)    REGA   2                 120 |      0       |     72       |      0       |     76      
      DR(8,10,8)    REGA   3                 134 |      0       |     32       |      0       |     74      
      M21           COV    2                  93 |      5       |      1       |      5       |      2      
      M21           COV    3                  88 |      0       |      0       |      0       |      0      
      M31           COV    2                  89 |      0       |      0       |      0       |      2      
      M31           COV    3                  80 |      0       |      0       |      0       |      0      
  PROBE 2 (forced non-identity => G3/G2 is an artifact): for each overlapping pair, how many registers do the two BASE events share?  A RAW word's first letter is always a register of its own base event, so if the two base events' register sets are DISJOINT the RAW labels cannot possibly agree and 'non-identity' is a tautology of the labeling, not a fact about the atlas.
      BRICK(8,14)   d=2: overlapping pairs by |regs(e) & regs(e')| = {0: 58}   <== ALL DISJOINT: RAW identity is IMPOSSIBLE here
      BRICK(8,14)   d=3: overlapping pairs by |regs(e) & regs(e')| = {0: 56}   <== ALL DISJOINT: RAW identity is IMPOSSIBLE here
      DR(8,10,0)    d=2: overlapping pairs by |regs(e) & regs(e')| = {0: 68}   <== ALL DISJOINT: RAW identity is IMPOSSIBLE here
      DR(8,10,0)    d=3: overlapping pairs by |regs(e) & regs(e')| = {0: 61}   <== ALL DISJOINT: RAW identity is IMPOSSIBLE here
      DR(8,10,8)    d=2: overlapping pairs by |regs(e) & regs(e')| = {0: 172}   <== ALL DISJOINT: RAW identity is IMPOSSIBLE here
      DR(8,10,8)    d=3: overlapping pairs by |regs(e) & regs(e')| = {0: 273}   <== ALL DISJOINT: RAW identity is IMPOSSIBLE here
  [PASS] C2b THE ARTIFACT PROBES DECIDE WHICH LABELING THE OUTCOME MAY BE READ AT, AND ONE OF THEM FIRES.  **PROBE 2 FIRES AGAINST THE RAW LABELING.**  On EVERY grammar substrate at BOTH depths EVERY overlapping chart pair has base events with DISJOINT register sets, and a raw word's first letter is always a register of its own base event — so RAW labels can never agree, its 'non-identity at 100% of pairs' is a TAUTOLOGY OF THE LABELING and not a fact about the atlas.  **NO OUTCOME IS READ AT RAW**, and any G2/G3 read there would be an instrument artifact.  **PROBE 1 DOES NOT FIRE ANYWHERE.**  No labeling on any substrate at any depth is blind: at every cell some direction carries different labels in different charts, so no labeling here is a function of the direction alone and a G1 reading would NOT have been an artifact of blindness.  The ROLE labeling — neither forced nor blind — is where the outcome is read, and its alternative port convention (REGA) is reported beside it because the two DISAGREE on the split (a definitional sensitivity, C2's tables)  (grammar substrate/depth cells with ALL base-register pairs disjoint = 6 of 6; labeling/substrate/depth cells that are BLIND (label constant across every chart containing the direction) = 0: [])

[C3 THE COCYCLE TEST — over chart triples with pairwise overlaps and a non-empty triple intersection]
  WHAT IS AND IS NOT CONTENT HERE, said before the numbers.  The labels are defined POINTWISE from one global record, so the SET-LEVEL correspondence `label_i(f) -> label_k(f)` composes by construction: the set-level cocycle is a TAUTOLOGY, it is therefore NOT COMPUTED and NO COLUMN FOR IT IS PRINTED (round-1 MINOR 1: the previous build printed a column whose predicate was literally `x == x`).  The test with content is at the FIBER-MAP level: each PAIR's transition is first condensed to one partial map sigma on wire words, determined by the pair's WHOLE overlap (which is larger than the triple intersection), and the test is whether sigma_ik = sigma_jk o sigma_ij on the triple's shared fiber points.  That can fail, and it is what is gated.
      substrate     inst   d  triples  fibre ok  VIOLATIONS  undefined
      BRICK(8,14)   COV    2       37         0           0         37
      BRICK(8,14)   COV    3       34         0           0         34
      BRICK(8,14)   REG    2       37         0           0         37
      BRICK(8,14)   REG    3       34         0           0         34
      BRICK(8,14)   REGA   2       37         0           0         37
      BRICK(8,14)   REGA   3       34         0           0         34
      DR(8,10,0)    COV    2       42         0           0         42
      DR(8,10,0)    COV    3       35         0           0         35
      DR(8,10,0)    REG    2       42         0           0         42
      DR(8,10,0)    REG    3       35         0           0         35
      DR(8,10,0)    REGA   2       42         0           0         42
      DR(8,10,0)    REGA   3       35         0           0         35
      DR(8,10,8)    COV    2      111       111           0          0
      DR(8,10,8)    COV    3      202         0           0        202
      DR(8,10,8)    REG    2      111       111           0          0
      DR(8,10,8)    REG    3      202         0           0        202
      DR(8,10,8)    REGA   2      111       111           0          0
      DR(8,10,8)    REGA   3      202         0           0        202
      M21           COV    2      420        70           0        350
      M21           COV    3      938        36           0        902
      M31           COV    2     1045       265           0        780
      M31           COV    3     1983       289           0       1694
  WHAT THE TESTED TRIPLES ACTUALLY EXERCISE (round-1 MINOR 2 — 'all triples clean' must say WHICH relation was checked and on HOW MANY fibre points):
      DR(8,10,8)    COV   d=2: tested triples by CLASS MULTISET {('identity', 'identity', 'identity'): 28, ('identity', 'length-changing', 'length-changing'): 3, ('identity', 'tau', 'tau'): 80}; fibre points tested per triple {2: 111} (total 222)
      DR(8,10,8)    REG   d=2: tested triples by CLASS MULTISET {('identity', 'length-changing', 'length-changing'): 3, ('identity', 'tau', 'tau'): 108}; fibre points tested per triple {2: 111} (total 222)
      DR(8,10,8)    REGA  d=2: tested triples by CLASS MULTISET {('identity', 'identity', 'identity'): 28, ('identity', 'length-changing', 'length-changing'): 3, ('identity', 'tau', 'tau'): 80}; fibre points tested per triple {2: 111} (total 222)
      M21           COV   d=2: tested triples by CLASS MULTISET {('identity', 'length-changing', 'length-changing'): 5, ('identity', 'other', 'other'): 2, ('length-changing', 'length-changing', 'length-changing'): 13, ('length-changing', 'length-changing', 'other'): 37, ('length-changing', 'other', 'other'): 1, ('other', 'other', 'other'): 12}; fibre points tested per triple {2: 39, 3: 18, 4: 7, 5: 4, 6: 2} (total 192)
      M21           COV   d=3: tested triples by CLASS MULTISET {('length-changing', 'length-changing', 'length-changing'): 10, ('length-changing', 'length-changing', 'other'): 24, ('other', 'other', 'other'): 2}; fibre points tested per triple {2: 14, 3: 1, 4: 16, 5: 5} (total 120)
      M31           COV   d=2: tested triples by CLASS MULTISET {('identity', 'length-changing', 'length-changing'): 7, ('identity', 'length-changing', 'other'): 3, ('identity', 'other', 'other'): 2, ('length-changing', 'length-changing', 'length-changing'): 75, ('length-changing', 'length-changing', 'other'): 115, ('length-changing', 'other', 'other'): 24, ('other', 'other', 'other'): 39}; fibre points tested per triple {1: 21, 2: 174, 3: 28, 4: 14, 5: 21, 6: 1, 7: 1, 8: 4, 9: 1} (total 668)
      M31           COV   d=3: tested triples by CLASS MULTISET {('identity', 'length-changing', 'length-changing'): 6, ('identity', 'other', 'other'): 16, ('length-changing', 'length-changing', 'length-changing'): 34, ('length-changing', 'length-changing', 'other'): 120, ('length-changing', 'other', 'other'): 9, ('other', 'other', 'other'): 104}; fibre points tested per triple {2: 55, 3: 2, 4: 17, 5: 25, 6: 85, 7: 33, 8: 49, 9: 22, 10: 1} (total 1650)
      => on the substrate at REG d = 2 the cocycle test has ONE SHAPE: it verifies tau o tau = identity (as 1 + 1 = 0) on 2 fibre points, 108 times, plus 3 triples of LENGTH-CHANGING maps, which C4 excludes from the group by name — so the cocycle's scope and the group's scope are not the same set.  There is no (identity, identity, identity) triple and no (tau, tau, tau) triple.
  [PASS] C3 THE COCYCLE HOLDS WHEREVER IT IS DEFINED — AND WHERE IT IS NOT DEFINED IS PRINTED, NOT HIDDEN.  The gate is the fibre-map form (the non-tautological one): zero triples anywhere in the census on which the composed transition disagrees with the direct one.  The COVERAGE, reported against the unit's interest: the test has CONTENT on the substrate at d = 2 (all 111 triples tested, all three instruments) and on the two sprinklings, and NO CONTENT AT ALL on the two grammar controls and on the substrate at d = 3 — there every triple is 'undefined' because some pair's correspondence is not single-valued (a shared direction carrying two wire words in both charts, or different word COUNTS in the two charts).  So 'the cocycle holds' is a d = 2 statement about the substrate and the sprinklings; on the controls it is untested, not confirmed  (triples tested with a defined composition = 993 of 5769; cocycle VIOLATIONS = 0; undefined = 4776; cells where the test has NO content (every triple undefined) = 15: [('BRICK(8,14)', 'COV', 2), ('BRICK(8,14)', 'COV', 3), ('BRICK(8,14)', 'REG', 2), ('BRICK(8,14)', 'REG', 3), ('BRICK(8,14)', 'REGA', 2), ('BRICK(8,14)', 'REGA', 3), ('DR(8,10,0)', 'COV', 2), ('DR(8,10,0)', 'COV', 3), ('DR(8,10,0)', 'REG', 2), ('DR(8,10,0)', 'REG', 3), ('DR(8,10,0)', 'REGA', 2), ('DR(8,10,0)', 'REGA', 3), ('DR(8,10,8)', 'COV', 3), ('DR(8,10,8)', 'REG', 3), ('DR(8,10,8)', 'REGA', 3)])

[C4 THE GROUP CENSUS — the transition maps, and their CLOSURE under composition where defined (the pin: 'the group is X' requires the closure computation, not an example)]
      BRICK(8,14)   COV   d=2: pairs with a single-valued transition = 19 of 58; DISTINCT maps = 4 ({'other': 4}); closed under composition => 14 maps (3 rounds, 294 compositions, CLOSED); LENGTH-PRESERVING sub-census: 4 maps closing to 14 CLOSED, closure inside <tau> = False, inside <sigma> = False (non-identity length-preserving closure elements = 12); pairs by class {'other': 19}  [0.0s]
      BRICK(8,14)   REG   d=2: pairs with a single-valued transition = 19 of 58; DISTINCT maps = 2 ({'sigma': 2}); closed under composition => 4 maps (2 rounds, 24 compositions, CLOSED); LENGTH-PRESERVING sub-census: 2 maps closing to 4 CLOSED, closure inside <tau> = False, inside <sigma> = True (non-identity length-preserving closure elements = 2); pairs by class {'sigma': 19}  [0.0s]
         [sigma          ] x  10  (0, 1)->(1, 0), (1, 0)->(0, 1)
         [sigma          ] x   9  (0, 0)->(1, 1), (1, 1)->(0, 0)
      BRICK(8,14)   REGA  d=2: pairs with a single-valued transition = 19 of 58; DISTINCT maps = 4 ({'other': 3, 'sigma': 1}); closed under composition => 24 maps (3 rounds, 800 compositions, CLOSED); LENGTH-PRESERVING sub-census: 4 maps closing to 24 CLOSED, closure inside <tau> = False, inside <sigma> = False (non-identity length-preserving closure elements = 20); pairs by class {'other': 14, 'sigma': 5}  [0.0s]
      DR(8,10,0)    COV   d=2: pairs with a single-valued transition = 22 of 68; DISTINCT maps = 4 ({'other': 4}); closed under composition => 14 maps (3 rounds, 294 compositions, CLOSED); LENGTH-PRESERVING sub-census: 4 maps closing to 14 CLOSED, closure inside <tau> = False, inside <sigma> = False (non-identity length-preserving closure elements = 12); pairs by class {'other': 22}  [0.0s]
      DR(8,10,0)    COV   d=3: pairs with a single-valued transition = 1 of 61; DISTINCT maps = 1 ({'length-changing': 1}); closed under composition => 1 maps (1 rounds, 2 compositions, CLOSED); LENGTH-PRESERVING sub-census: 0 maps closing to 0 CLOSED, closure inside <tau> = True, inside <sigma> = True **BOTH VACUOUSLY TRUE: this cell has ZERO length-preserving maps, so `all(...)` ranges over the empty set and neither flag is evidence**; pairs by class {'length-changing': 1}  [0.0s]
      DR(8,10,0)    REG   d=2: pairs with a single-valued transition = 22 of 68; DISTINCT maps = 2 ({'sigma': 2}); closed under composition => 4 maps (2 rounds, 24 compositions, CLOSED); LENGTH-PRESERVING sub-census: 2 maps closing to 4 CLOSED, closure inside <tau> = False, inside <sigma> = True (non-identity length-preserving closure elements = 2); pairs by class {'sigma': 22}  [0.0s]
         [sigma          ] x  12  (0, 1)->(1, 0), (1, 0)->(0, 1)
         [sigma          ] x  10  (0, 0)->(1, 1), (1, 1)->(0, 0)
      DR(8,10,0)    REG   d=3: pairs with a single-valued transition = 1 of 61; DISTINCT maps = 1 ({'length-changing': 1}); closed under composition => 1 maps (1 rounds, 2 compositions, CLOSED); LENGTH-PRESERVING sub-census: 0 maps closing to 0 CLOSED, closure inside <tau> = True, inside <sigma> = True **BOTH VACUOUSLY TRUE: this cell has ZERO length-preserving maps, so `all(...)` ranges over the empty set and neither flag is evidence**; pairs by class {'length-changing': 1}  [0.0s]
         [length-changing] x   1  (0, 0, 1)->(0,), (1, 1, 0)->(1,)
      DR(8,10,0)    REGA  d=2: pairs with a single-valued transition = 22 of 68; DISTINCT maps = 4 ({'other': 3, 'sigma': 1}); closed under composition => 24 maps (3 rounds, 800 compositions, CLOSED); LENGTH-PRESERVING sub-census: 4 maps closing to 24 CLOSED, closure inside <tau> = False, inside <sigma> = False (non-identity length-preserving closure elements = 20); pairs by class {'other': 16, 'sigma': 6}  [0.0s]
      DR(8,10,0)    REGA  d=3: pairs with a single-valued transition = 1 of 61; DISTINCT maps = 1 ({'length-changing': 1}); closed under composition => 1 maps (1 rounds, 2 compositions, CLOSED); LENGTH-PRESERVING sub-census: 0 maps closing to 0 CLOSED, closure inside <tau> = True, inside <sigma> = True **BOTH VACUOUSLY TRUE: this cell has ZERO length-preserving maps, so `all(...)` ranges over the empty set and neither flag is evidence**; pairs by class {'length-changing': 1}  [0.0s]
      DR(8,10,8)    COV   d=2: pairs with a single-valued transition = 145 of 172; DISTINCT maps = 7 ({'identity': 3, 'length-changing': 2, 'tau': 2}); closed under composition => 7 maps (1 rounds, 98 compositions, CLOSED); LENGTH-PRESERVING sub-census: 5 maps closing to 5 CLOSED, closure inside <tau> = True, inside <sigma> = False (non-identity length-preserving closure elements = 2); pairs by class {'identity': 58, 'length-changing': 7, 'tau': 80}  [0.0s]
      DR(8,10,8)    COV   d=3: pairs with a single-valued transition = 5 of 273; DISTINCT maps = 4 ({'identity': 2, 'length-changing': 2}); closed under composition => 4 maps (1 rounds, 32 compositions, CLOSED); LENGTH-PRESERVING sub-census: 2 maps closing to 2 CLOSED, closure inside <tau> = True, inside <sigma> = True (non-identity length-preserving closure elements = 0); pairs by class {'identity': 2, 'length-changing': 3}  [0.0s]
      DR(8,10,8)    REG   d=2: pairs with a single-valued transition = 145 of 172; DISTINCT maps = 6 ({'identity': 2, 'length-changing': 2, 'tau': 2}); closed under composition => 7 maps (2 rounds, 86 compositions, CLOSED); LENGTH-PRESERVING sub-census: 4 maps closing to 5 CLOSED, closure inside <tau> = True, inside <sigma> = False (non-identity length-preserving closure elements = 2); pairs by class {'identity': 30, 'length-changing': 7, 'tau': 108}  [0.0s]
         [tau            ] x  55  (1, 0)->(0, 0), (1, 1)->(0, 1)
         [tau            ] x  53  (0, 0)->(1, 0), (0, 1)->(1, 1)
         [identity       ] x  29  (0, 0)->(0, 0), (0, 1)->(0, 1), (1, 0)->(1, 0), (1, 1)->(1, 1)
         [length-changing] x   5  (0, 0)->(0,), (0, 1)->(1,)
         [length-changing] x   2  (1, 0)->(0,), (1, 1)->(1,)
         [identity       ] x   1  (0, 0)->(0, 0), (0, 1)->(0, 1)
      DR(8,10,8)    REG   d=3: pairs with a single-valued transition = 4 of 273; DISTINCT maps = 3 ({'identity': 2, 'length-changing': 1}); closed under composition => 3 maps (1 rounds, 18 compositions, CLOSED); LENGTH-PRESERVING sub-census: 2 maps closing to 2 CLOSED, closure inside <tau> = True, inside <sigma> = True (non-identity length-preserving closure elements = 0); pairs by class {'identity': 2, 'length-changing': 2}  [0.0s]
         [length-changing] x   2  (0, 0, 0)->(0,), (0, 0, 1)->(1,)
         [identity       ] x   1  (0, 0)->(0, 0), (0, 1)->(0, 1), (1, 0)->(1, 0), (1, 1)->(1, 1)
         [identity       ] x   1  (1, 0)->(1, 0), (1, 1)->(1, 1)
      DR(8,10,8)    REGA  d=2: pairs with a single-valued transition = 145 of 172; DISTINCT maps = 7 ({'identity': 3, 'length-changing': 2, 'tau': 2}); closed under composition => 7 maps (1 rounds, 98 compositions, CLOSED); LENGTH-PRESERVING sub-census: 5 maps closing to 5 CLOSED, closure inside <tau> = True, inside <sigma> = False (non-identity length-preserving closure elements = 2); pairs by class {'identity': 58, 'length-changing': 7, 'tau': 80}  [0.0s]
      DR(8,10,8)    REGA  d=3: pairs with a single-valued transition = 4 of 273; DISTINCT maps = 3 ({'identity': 2, 'length-changing': 1}); closed under composition => 3 maps (1 rounds, 18 compositions, CLOSED); LENGTH-PRESERVING sub-census: 2 maps closing to 2 CLOSED, closure inside <tau> = True, inside <sigma> = True (non-identity length-preserving closure elements = 0); pairs by class {'identity': 2, 'length-changing': 2}  [0.0s]
      M21           COV   d=2: pairs with a single-valued transition = 100 of 247; DISTINCT maps = 96 ({'identity': 3, 'length-changing': 62, 'other': 31}); closed under composition => 1315 maps (2 rounds, 405524 compositions, CAP/BUDGET BOUND — a LOWER BOUND, no group named here); LENGTH-PRESERVING sub-census: 34 maps closing to 315 CLOSED, closure inside <tau> = False, inside <sigma> = False (non-identity length-preserving closure elements = 294); pairs by class {'identity': 3, 'length-changing': 62, 'other': 35}  [0.6s]
         [other          ] x   3  (0,)->(0,), (1,)->(2,)
         [other          ] x   2  (0,)->(0,), (1,)->(3,)
         [other          ] x   2  (0,)->(0,), (2,)->(3,)
         [length-changing] x   1  (0, 0)->(0, 0), (0, 4)->(0, 4), (0, 5)->(0, 5), (1,)->(2,), (3,)->(5, 5), (5,)->(7,) ...
         [identity       ] x   1  (0, 0)->(0, 0), (1,)->(1,), (2, 2)->(2, 2), (3,)->(3,), (5, 3)->(5, 3), (6,)->(6,)
         [length-changing] x   1  (0, 0)->(0, 0), (1,)->(3,), (3,)->(7,), (5, 0)->(4,)
         [length-changing] x   1  (0, 0)->(0,), (1, 0)->(3,), (2, 0)->(1, 0), (2, 3)->(1, 3)
         [length-changing] x   1  (0, 0)->(0,), (6,)->(3, 3)
         ... and 88 further distinct maps (all counted above)
      M21           COV   d=3: pairs with a single-valued transition = 41 of 383; DISTINCT maps = 41 ({'identity': 1, 'length-changing': 27, 'other': 12, 'tau+sigma': 1}); closed under composition => 1485 maps (3 rounds, 3000002 compositions, CAP/BUDGET BOUND — a LOWER BOUND, no group named here); LENGTH-PRESERVING sub-census: 14 maps closing to 130 CLOSED, closure inside <tau> = False, inside <sigma> = False (non-identity length-preserving closure elements = 121); pairs by class {'identity': 1, 'length-changing': 27, 'other': 12, 'tau+sigma': 1}  [3.4s]
      M31           COV   d=2: pairs with a single-valued transition = 173 of 370; DISTINCT maps = 169 ({'identity': 4, 'length-changing': 102, 'other': 63}); closed under composition => 169 maps (1 rounds, 18844 compositions, CAP/BUDGET BOUND — a LOWER BOUND, no group named here); LENGTH-PRESERVING sub-census: 67 maps closing to 827 CAP-BOUND, closure inside <tau> = False, inside <sigma> = False (non-identity length-preserving closure elements = 795); pairs by class {'identity': 4, 'length-changing': 105, 'other': 64}  [0.3s]
         [other          ] x   2  (1,)->(1,), (3,)->(2,)
         [length-changing] x   2  (2, 4)->(2, 4), (3,)->(7, 0)
         [length-changing] x   2  (2,)->(1,), (5,)->(2, 4)
         [length-changing] x   2  (2,)->(3,), (7,)->(2, 4)
         [length-changing] x   1  (0, 0)->(0, 0), (0, 1)->(0, 3), (0, 2)->(2,), (0, 3)->(3,), (0, 4)->(0, 4), (2,)->(0, 2) ...
         [length-changing] x   1  (0, 0)->(0,), (0, 2)->(3,), (0, 4)->(5,), (0, 7)->(7,), (0, 8)->(10,)
         [length-changing] x   1  (0, 0)->(0,), (0, 4)->(5,), (2,)->(3,), (3,)->(7,), (4,)->(10,)
         [length-changing] x   1  (0, 0)->(4, 0), (0, 1)->(2,)
         ... and 161 further distinct maps (all counted above)
      M31           COV   d=3: pairs with a single-valued transition = 99 of 518; DISTINCT maps = 85 ({'identity': 2, 'length-changing': 45, 'other': 38}); closed under composition => 85 maps (1 rounds, 8616 compositions, CAP/BUDGET BOUND — a LOWER BOUND, no group named here); LENGTH-PRESERVING sub-census: 40 maps closing to 656 CAP-BOUND, closure inside <tau> = False, inside <sigma> = False (non-identity length-preserving closure elements = 633); pairs by class {'identity': 2, 'length-changing': 48, 'other': 49}  [0.1s]
  status of the pair correspondences (why some pairs carry no single-valued map):
      BRICK(8,14)   COV   d=2: {'card-mismatch': 39, 'ok': 19}
      BRICK(8,14)   COV   d=3: {'card-mismatch': 56}
      BRICK(8,14)   REG   d=2: {'card-mismatch': 39, 'ok': 19}
      BRICK(8,14)   REG   d=3: {'card-mismatch': 56}
      BRICK(8,14)   REGA  d=2: {'card-mismatch': 39, 'ok': 19}
      BRICK(8,14)   REGA  d=3: {'card-mismatch': 56}
      DR(8,10,0)    COV   d=2: {'card-mismatch': 46, 'ok': 22}
      DR(8,10,0)    COV   d=3: {'ok': 1, 'card-mismatch': 60}
      DR(8,10,0)    REG   d=2: {'card-mismatch': 46, 'ok': 22}
      DR(8,10,0)    REG   d=3: {'ok': 1, 'card-mismatch': 60}
      DR(8,10,0)    REGA  d=2: {'card-mismatch': 46, 'ok': 22}
      DR(8,10,0)    REGA  d=3: {'ok': 1, 'card-mismatch': 60}
      DR(8,10,8)    COV   d=2: {'ok': 145, 'ambiguous': 27}
      DR(8,10,8)    COV   d=3: {'ok': 4, 'ambiguous': 261, 'card-mismatch': 7, 'ambiguous-partial': 1}
      DR(8,10,8)    REG   d=2: {'ok': 145, 'ambiguous': 27}
      DR(8,10,8)    REG   d=3: {'ok': 3, 'card-mismatch': 8, 'ambiguous': 261, 'ambiguous-partial': 1}
      DR(8,10,8)    REGA  d=2: {'ok': 145, 'ambiguous': 27}
      DR(8,10,8)    REGA  d=3: {'ok': 3, 'card-mismatch': 8, 'ambiguous': 261, 'ambiguous-partial': 1}
      M21           COV   d=2: {'card-mismatch': 147, 'ambiguous-partial': 10, 'ok': 90}
      M21           COV   d=3: {'card-mismatch': 340, 'ambiguous-partial': 3, 'ok': 38, 'ambiguous': 2}
      M31           COV   d=2: {'ok': 170, 'card-mismatch': 197, 'ambiguous-partial': 3}
      M31           COV   d=3: {'card-mismatch': 419, 'ok': 96, 'ambiguous-partial': 3}
  [PASS] C4 THE MAPS, BY CLOSURE — AND THE NAME OF THE GROUP IS NOT DETERMINED BY THE DATA (round-1 MAJOR 1).  On the substrate at the canonical labeling and d = 2 the single-valued transitions fall into exactly THREE kinds.  (a) IDENTITY.  (b) TAU, the first-letter wire transposition (b1, b2) -> (1 - b1, b2): 'the direction chart e leaves by the wire it SENT on, chart e' leaves by the wire it RECEIVED on'.  No FOURTH length-preserving map occurs — the 'other' class is EMPTY on the substrate — and the length-preserving maps are CLOSED under composition, every closure element a restriction of the identity or of tau.  (c) LENGTH-CHANGING maps, which are NOT fibre permutations and belong to NO permutation group: they exist because P has edges that skip a height (C0b counts them), so one chart reaches a shared direction in ONE P-step where the other needs two.  They are excluded from the group by name, not by silence, and counted.  **WHAT THIS DOES NOT ESTABLISH: A GROUP NAME.**  Every non-identity transition here is a PARTIAL map on 2 of the 4 fibre points, so a group is reached only by EXTENDING partial bijections to S_4, and the extension is not unique — C4b computes the extensions exhaustively and finds TWO incomparable minimal-by-inclusion consistent subgroups, <tau> and a Z/4.  '<tau> is the smallest group containing them' is true by ORDER and false by INCLUSION; the convention-robust sentence is 'non-identity partial transitions exist and are mutually consistent', not 'the structure group is Z/2'.  The controls' length-preserving transitions are restrictions of SIGMA, the all-letter flip (b1, b2) -> (1 - b1, 1 - b2), and none of tau, while on the substrate none is a restriction of sigma — but see C4c: that contrast is width-confounded, holds at REG only, and the controls' sigma overlaps form a PERFECT MATCHING with nothing to compose, so 'the controls close to <sigma>' would overclaim.  What is measured is: each control transition is a sigma-RESTRICTION, pairwise  (substrate d=2 REG: distinct maps = 6 by class {'identity': 2, 'length-changing': 2, 'tau': 2}, pairs by class {'identity': 30, 'length-changing': 7, 'tau': 108}; 'other' (a fourth length-preserving map) = 0; length-preserving maps = 5 closing to True with every closure element in {identity, tau} = True; closures completed (not cap-bound): all-maps True, length-preserving True; substrate closure inside <sigma> = False (so <tau> and <sigma> are distinguished, not conflated); CONTROLS (REG): pairs-by-class, (inside-<tau>, inside-<sigma>) and VACUOUS? = {('BRICK(8,14)', 2): ({'sigma': 19}, (False, True), False), ('DR(8,10,0)', 2): ({'sigma': 22}, (False, True), False), ('DR(8,10,0)', 3): ({'length-changing': 1}, (True, True), True)}; control cells entering the sigma flag (non-vacuous only) = {('BRICK(8,14)', 2): True, ('DR(8,10,0)', 2): True}; control cells EXCLUDED as vacuous (zero length-preserving maps) = [('DR(8,10,0)', 3)]; 'other'-class maps per grammar cell = {('BRICK(8,14)', 'REG', 2): 0, ('BRICK(8,14)', 'REG', 3): 0, ('BRICK(8,14)', 'REGA', 2): 3, ('BRICK(8,14)', 'REGA', 3): 0, ('DR(8,10,0)', 'REG', 2): 0, ('DR(8,10,0)', 'REG', 3): 0, ('DR(8,10,0)', 'REGA', 2): 3, ('DR(8,10,0)', 'REGA', 3): 0, ('DR(8,10,8)', 'REG', 2): 0, ('DR(8,10,8)', 'REG', 3): 0, ('DR(8,10,8)', 'REGA', 2): 0, ('DR(8,10,8)', 'REGA', 3): 0})

[C4b THE NAME OF THE GROUP — exhaustive extension census.  A 2-point partial bijection is a restriction of MANY permutations; 'the group generated' presupposes a choice of extension, so every extension of every observed map, and every subgroup of S_4 consistent with all of them, is enumerated here]
      BRICK(8,14)   REG   d=2: fibre ['00', '01', '10', '11']; distinct length-preserving maps = 2; subgroups of S_4 enumerated = 30, CONSISTENT with every observed map = 9, MINIMAL BY INCLUSION = 1
         minimal, order  2: e, (00 11)(01 10)
         [sigma          ] 00->11, 11->00   extensions in S_4: (00 11), (00 11)(01 10)
         [sigma          ] 01->10, 10->01   extensions in S_4: (01 10), (00 11)(01 10)
      DR(8,10,0)    REG   d=2: fibre ['00', '01', '10', '11']; distinct length-preserving maps = 2; subgroups of S_4 enumerated = 30, CONSISTENT with every observed map = 9, MINIMAL BY INCLUSION = 1
         minimal, order  2: e, (00 11)(01 10)
         [sigma          ] 00->11, 11->00   extensions in S_4: (00 11), (00 11)(01 10)
         [sigma          ] 01->10, 10->01   extensions in S_4: (01 10), (00 11)(01 10)
      DR(8,10,8)    REG   d=2: fibre ['00', '01', '10', '11']; distinct length-preserving maps = 4; subgroups of S_4 enumerated = 30, CONSISTENT with every observed map = 10, MINIMAL BY INCLUSION = 2
         minimal, order  2: e, (00 10)(01 11)   <== <tau>
         minimal, order  4: e, (00 01)(10 11), (00 10 01 11), (00 11 01 10)
         [identity       ] 00->00, 01->01   extensions in S_4: e, (10 11)
         [identity       ] 00->00, 01->01, 10->10, 11->11   extensions in S_4: e
         [tau            ] 00->10, 01->11   extensions in S_4: (00 10)(01 11), (00 10 01 11)
         [tau            ] 10->00, 11->01   extensions in S_4: (00 10)(01 11), (00 11 01 10)
      DR(8,10,8)    REG   d=3: fibre ['00', '01', '10', '11']; distinct length-preserving maps = 2; subgroups of S_4 enumerated = 30, CONSISTENT with every observed map = 30, MINIMAL BY INCLUSION = 1
         minimal, order  1: e
         [identity       ] 00->00, 01->01, 10->10, 11->11   extensions in S_4: e
         [identity       ] 10->10, 11->11   extensions in S_4: e, (00 01)
      DR(8,10,8)    REGA  d=2: fibre ['00', '01', '10', '11']; distinct length-preserving maps = 5; subgroups of S_4 enumerated = 30, CONSISTENT with every observed map = 10, MINIMAL BY INCLUSION = 2
         minimal, order  2: e, (00 10)(01 11)   <== <tau>
         minimal, order  4: e, (00 01)(10 11), (00 10 01 11), (00 11 01 10)
         [identity       ] 00->00, 01->01   extensions in S_4: e, (10 11)
         [identity       ] 00->00, 01->01, 10->10, 11->11   extensions in S_4: e
         [tau            ] 00->10, 01->11   extensions in S_4: (00 10)(01 11), (00 10 01 11)
         [tau            ] 10->00, 11->01   extensions in S_4: (00 10)(01 11), (00 11 01 10)
         [identity       ] 10->10, 11->11   extensions in S_4: e, (00 01)
      DR(8,10,8)    REGA  d=3: fibre ['00', '01', '10', '11']; distinct length-preserving maps = 2; subgroups of S_4 enumerated = 30, CONSISTENT with every observed map = 30, MINIMAL BY INCLUSION = 1
         minimal, order  1: e
         [identity       ] 00->00, 01->01, 10->10, 11->11   extensions in S_4: e
         [identity       ] 10->10, 11->11   extensions in S_4: e, (00 01)
      THE Z/4 READING, TESTED ON THE SAME TRIPLES: lift each map to its unique element of the cyclic group generated by (00 10 01 11) — 138 pairs lift, 0 do not; triples with all three pairs lifted = 108, VIOLATIONS of v_ik = v_ij + v_jk (mod 4) = 0.  The cocycle does not discriminate between the two candidate names either.
  [PASS] C4b THE DATA DO NOT NAME THE GROUP (round-1 MAJOR 1).  Every non-identity length-preserving transition on the substrate is a 2-point partial map, and every one of them is EQUALLY a restriction of tau (the double transposition) and of an order-4 element: the number of transitions whose S_4 extensions all lie inside <tau> is ZERO.  Exhaustively, TWO subgroups of S_4 are minimal by inclusion among those consistent with every observed map, and they are INCOMPARABLE: <tau> = Z/2 and a Z/4.  '<tau> is the smallest group containing them' is true by ORDER only.  The Z/4 reading passes the cocycle on the same triples, so no test in this unit discriminates.  WHAT SURVIVES THE CONVENTION: 'non-identity partial transitions exist and are mutually consistent'.  WHAT DOES NOT: 'the structure group is Z/2 = <tau>'.  This gate verifies the enumeration itself (every reported minimal subgroup really is consistent with every observed map, and really is minimal) and reports the count  (substrate d=2 REG: consistent subgroups = 10, minimal by inclusion = 2 of orders [2, 4]; tau-classified pairs = 108, of which UNIQUELY-tau (no other S_4 extension) = 0; Z/4 cocycle (triples, violations, unliftable, lifted pairs) = (108, 0, 0, 138); cells enumerated = [('BRICK(8,14)', 'REG', 2), ('DR(8,10,0)', 'REG', 2), ('DR(8,10,8)', 'REG', 2), ('DR(8,10,8)', 'REG', 3), ('DR(8,10,8)', 'REGA', 2), ('DR(8,10,8)', 'REGA', 3)])

[C4c THE CONFOUNDS, MEASURED — what the identity fraction is, and what the substrate/control involution contrast rests on]
  (i) THE 57/115 SPLIT IS THE CHART-DUPLICATION SPLIT.  Cross-tabulating 'do the two charts have the IDENTICAL direction set?' against 'is the transition the identity?':
      BRICK(8,14)   REG   d=2: (identical direction set, identity transition) = {(False, False): 58}   <== biconditional but ONE-SIDED: this cell has no pairs of charts with identical direction sets at all, so only the (False, False) half is exercised
      BRICK(8,14)   REG   d=3: (identical direction set, identity transition) = {(False, False): 4, (True, False): 52}   <== NOT a biconditional
      DR(8,10,0)    REG   d=2: (identical direction set, identity transition) = {(False, False): 68}   <== biconditional but ONE-SIDED: this cell has no pairs of charts with identical direction sets at all, so only the (False, False) half is exercised
      DR(8,10,0)    REG   d=3: (identical direction set, identity transition) = {(False, False): 5, (True, False): 56}   <== NOT a biconditional
      DR(8,10,8)    REG   d=2: (identical direction set, identity transition) = {(False, False): 115, (True, True): 57}   <== EXACT BICONDITIONAL, both cells occupied
      DR(8,10,8)    REG   d=3: (identical direction set, identity transition) = {(False, False): 218, (True, False): 1, (True, True): 54}   <== NOT a biconditional
      => on the substrate at d = 2 the identity fraction is exactly the set of DUPLICATE charts (distinct base events carrying the whole same d = 2 chart); the controls have NO such pairs, which is the whole of their '0 identity'.  It is not a theorem: at d = 3 the biconditional fails in both directions.
  (ii) THE tau/sigma CONTRAST IS WIDTH-CONFOUNDED.  Substrate pairs by (class, chart widths):
      {('identity', (2, 2)): 1, ('identity', (4, 4)): 29, ('length-changing', (4, 2)): 7, ('no-correspondence', (2, 2)): 27, ('tau', (4, 4)): 108}
      the controls have 0 and 0 wide charts at d = 2, so every control sigma pair is NARROW: the comparison is tau-on-(4,4) against sigma-on-(2,2), and no matched comparison exists in this census.
  (iii) COVERAGE (round-1 MINOR 3): the fraction of overlapping pairs carrying a single-valued transition at all — every universal statement about a cell ranges over THIS set only:
      BRICK(8,14)   REG   d=2: 19 of 58 pairs (33%); the rest by status {'card-mismatch': 39, 'ok': 19}
      BRICK(8,14)   REG   d=3: 0 of 56 pairs (0%); the rest by status {'card-mismatch': 56}
      BRICK(8,14)   REGA  d=2: 19 of 58 pairs (33%); the rest by status {'card-mismatch': 39, 'ok': 19}
      BRICK(8,14)   REGA  d=3: 0 of 56 pairs (0%); the rest by status {'card-mismatch': 56}
      DR(8,10,0)    REG   d=2: 22 of 68 pairs (32%); the rest by status {'card-mismatch': 46, 'ok': 22}
      DR(8,10,0)    REG   d=3: 1 of 61 pairs (2%); the rest by status {'ok': 1, 'card-mismatch': 60}
      DR(8,10,0)    REGA  d=2: 22 of 68 pairs (32%); the rest by status {'card-mismatch': 46, 'ok': 22}
      DR(8,10,0)    REGA  d=3: 1 of 61 pairs (2%); the rest by status {'ok': 1, 'card-mismatch': 60}
      DR(8,10,8)    REG   d=2: 145 of 172 pairs (84%); the rest by status {'ok': 145, 'ambiguous': 27}
      DR(8,10,8)    REG   d=3: 4 of 273 pairs (1%); the rest by status {'ok': 3, 'card-mismatch': 8, 'ambiguous': 261, 'ambiguous-partial': 1}
      DR(8,10,8)    REGA  d=2: 145 of 172 pairs (84%); the rest by status {'ok': 145, 'ambiguous': 27}
      DR(8,10,8)    REGA  d=3: 4 of 273 pairs (1%); the rest by status {'ok': 3, 'card-mismatch': 8, 'ambiguous': 261, 'ambiguous-partial': 1}
  (iv) THE CONTROLS' sigma OVERLAP GRAPH HAS NOTHING TO COMPOSE.  Charts / labelled overlaps / components / component sizes:
      BRICK(8,14)   REG   d=2:  38 charts,  19 labelled overlaps,  19 components, sizes {2: 19}   <== a PERFECT MATCHING: no two labelled overlaps share a chart, so no composition, no triple and no closure content exists here
      BRICK(8,14)   REG   d=3:   0 charts,   0 labelled overlaps,   0 components, sizes {}
      BRICK(8,14)   REGA  d=2:  10 charts,   5 labelled overlaps,   5 components, sizes {2: 5}   <== a PERFECT MATCHING: no two labelled overlaps share a chart, so no composition, no triple and no closure content exists here
      BRICK(8,14)   REGA  d=3:   0 charts,   0 labelled overlaps,   0 components, sizes {}
      DR(8,10,0)    REG   d=2:  44 charts,  22 labelled overlaps,  22 components, sizes {2: 22}   <== a PERFECT MATCHING: no two labelled overlaps share a chart, so no composition, no triple and no closure content exists here
      DR(8,10,0)    REG   d=3:   0 charts,   0 labelled overlaps,   0 components, sizes {}
      DR(8,10,0)    REGA  d=2:  12 charts,   6 labelled overlaps,   6 components, sizes {2: 6}   <== a PERFECT MATCHING: no two labelled overlaps share a chart, so no composition, no triple and no closure content exists here
      DR(8,10,0)    REGA  d=3:   0 charts,   0 labelled overlaps,   0 components, sizes {}
      DR(8,10,8)    REG   d=2:  60 charts, 138 labelled overlaps,   9 components, sizes {2: 1, 4: 1, 6: 1, 8: 6}
      DR(8,10,8)    REG   d=3:   4 charts,   2 labelled overlaps,   2 components, sizes {2: 2}   <== a PERFECT MATCHING: no two labelled overlaps share a chart, so no composition, no triple and no closure content exists here
      DR(8,10,8)    REGA  d=2:  60 charts, 138 labelled overlaps,   9 components, sizes {2: 1, 4: 1, 6: 1, 8: 6}
      DR(8,10,8)    REGA  d=3:   4 charts,   2 labelled overlaps,   2 components, sizes {2: 2}   <== a PERFECT MATCHING: no two labelled overlaps share a chart, so no composition, no triple and no closure content exists here
  (v) AND IT IS CONVENTION-BOUND.  Pairs by class at d = 2 under each of this unit's three instruments:
      BRICK(8,14)   COV  : {'other': 19}
      BRICK(8,14)   REG  : {'sigma': 19}
      BRICK(8,14)   REGA : {'other': 14, 'sigma': 5}
      DR(8,10,0)    COV  : {'other': 22}
      DR(8,10,0)    REG  : {'sigma': 22}
      DR(8,10,0)    REGA : {'other': 16, 'sigma': 6}
      DR(8,10,8)    COV  : {'identity': 58, 'length-changing': 7, 'tau': 80}
      DR(8,10,8)    REG  : {'identity': 30, 'length-changing': 7, 'tau': 108}
      DR(8,10,8)    REGA : {'identity': 58, 'length-changing': 7, 'tau': 80}
  [PASS] C4c THE SUBSTRATE/CONTROL INVOLUTION CONTRAST IS A REG-CONVENTION OBSERVATION, NOT A STRUCTURAL FACT (round-1 MAJORs 2/3/4).  Three things are measured here and all three cut against the previous reading.  (1) The identity fraction is the DUPLICATE-CHART fraction: on the substrate at d = 2, two charts transition by the identity IF AND ONLY IF they have the identical direction set — an exact biconditional both ways over all 172 pairs — and the controls' 'zero identity' is exactly their having no duplicate charts.  So the 57 are not 'a trivializable part of the atlas'; they are distinct base events sharing a whole chart.  (2) The tau/sigma comparison is NOT MATCHED: every tau pair is a (4,4) wide-wide pair and the controls have no wide charts at d = 2 at all, so it compares tau-on-maximal-width against sigma-on-narrow; and the controls' universal statements range over 19 of 58 and 22 of 68 pairs.  (3) The controls' sigma overlap graph is a PERFECT MATCHING — every component has exactly 2 charts — so there is no composition, no triple and no closure behind '<sigma>': what is measured is that each control transition is a sigma-RESTRICTION, pairwise.  And the contrast holds at the REG convention ONLY: at REGA and at the register-free COV surrogate the controls carry an 'other' class and no group can be named for them.  'The coupling changed which involution the atlas carries' is therefore WITHDRAWN as a structural claim and kept only as a labelled REG-convention observation  (duplication cross-tabs = {('BRICK(8,14)', 2): Counter({(False, False): 58}), ('BRICK(8,14)', 3): Counter({(True, False): 52, (False, False): 4}), ('DR(8,10,0)', 2): Counter({(False, False): 68}), ('DR(8,10,0)', 3): Counter({(True, False): 56, (False, False): 5}), ('DR(8,10,8)', 2): Counter({(False, False): 115, (True, True): 57}), ('DR(8,10,8)', 3): Counter({(False, False): 218, (True, True): 54, (True, False): 1})}; substrate pairs by (class, widths) = {('identity', (2, 2)): 1, ('identity', (4, 4)): 29, ('length-changing', (4, 2)): 7, ('no-correspondence', (2, 2)): 27, ('tau', (4, 4)): 108}; controls' labelled overlap graphs at REG d=2 = {'BRICK(8,14)': (38, 19, 19, {2: 19}), 'DR(8,10,0)': (44, 22, 22, {2: 22})}; controls purely-sigma at REG = True, at REGA = False, at COV = False)

[THE PIN'S LEAN, CHECKED EXPLICITLY (pin §4: 'the inter-ring coupling alternates direction with round parity, so chart neighbourhoods at even vs odd heights are NOT congruent; a non-identity wire transposition AT COUPLED WIRES is plausible')]
    by number of INTER-RING (coupled) base events in the pair (identity?, #coupled bases): {(False, 0): 108, (False, 1): 7, (True, 0): 30, (True, 2): 27}
    by HEIGHT PARITY of the base layer (identity?, h mod 2): {(False, 1): 115, (True, 0): 28, (True, 1): 29}
    per height layer (h: identity / non-identity): 17: 0/1, 18: 1/0, 19: 2/6, 20: 1/0, 21: 3/12, 22: 2/0, 23: 4/16, 24: 4/0, 25: 4/16, 26: 4/0, 27: 4/16, 28: 4/0, 29: 4/16, 30: 4/0, 31: 4/16, 32: 4/0, 33: 4/16, 34: 4/0
    WHICH PAIRS EXIST, BY PARITY (round-1 MAJOR 5 — the census above alternates because the PAIR POPULATION alternates, not because a transition value alternates).  (h mod 2, class) = {(0, 'identity'): 1, (0, 'no-correspondence'): 27, (1, 'identity'): 29, (1, 'length-changing'): 7, (1, 'tau'): 108}
    (h mod 2, both charts wide) = {(0, False): 28, (1, False): 7, (1, True): 137}
    AND THE TWO 27s ARE THE SAME 27 PAIRS: the both-coupled pairs (27) and the pairs carrying NO single-valued correspondence (27) are the identical set = True.  So at the coupled wires there is no transition VALUE to be non-identity: the lean is UNTESTED there at the fibre-map level, not refuted.
  [PASS] THE LEAN, RESTATED AS WHAT IT MEASURES (round-1 MAJOR 5).  HALF ONE, the parity half, is CONFIRMED BUT IT IS A FACT ABOUT WHICH PAIRS EXIST: every non-identity pair on the substrate sits in an ODD height layer — because ALL 137 wide-wide pairs are odd and the even layers contain almost nothing but the both-coupled pairs.  The alternating per-layer census (4 identity / 16 non-identity, then 4 / 0) is the alternation of the PAIR POPULATION, established by the blueprint's placement of the inter-ring deliveries before any labeling is chosen; it is not an alternation of transition values.  HALF TWO, the coupled-wire half, is UNTESTED, NOT REFUTED: the pairs both of whose bases are inter-ring deliveries are EXACTLY the pairs that carry no single-valued correspondence at all (the same 27 pairs, gated as a set identity here), so at the coupled wires there is no fibre map to be non-identity.  The previous build reported those same 27 pairs twice — once as a refutation ('27 of 27 are IDENTITY') and once as a limitation ('27 carry no correspondence') — without disclosing they are one set.  They are.  What survives: the transposition is carried by the brick circuit's own direction alternation on wide charts, and the coupling's own wires are silent  (non-identity pairs all at odd height = True; every both-bases-coupled pair identity-by-label = True; both-coupled set == no-correspondence set = True (27 pairs); pairs by (parity, class) = {(0, 'identity'): 1, (0, 'no-correspondence'): 27, (1, 'identity'): 29, (1, 'length-changing'): 7, (1, 'tau'): 108}; census {(False, 0): 108, (False, 1): 7, (True, 0): 30, (True, 2): 27})

[C5 THE CONTROLS, BOTH COLUMNS — the same instrument on the uncoupled brick, the uncoupled double ring and the two genuine sprinklings]
      substrate     inst   d  pairs  ROLE id  ROLE non-id  wide pairs  wide non-id  cocycle viol
      DR(8,10,8)    COV    2    172       85           87         137           80             0
      DR(8,10,8)    COV    3    273      105          168         263          158             0
      DR(8,10,8)    REG    2    172       57          115         137          108             0
      DR(8,10,8)    REG    3    273       54          219         263          209             0
      DR(8,10,8)    REGA   2    172       85           87         137           80             0
      DR(8,10,8)    REGA   3    273      105          168         263          158             0
      BRICK(8,14)   COV    2     58        0           58           0            0             0
      BRICK(8,14)   COV    3     56        0           56          52           52             0
      BRICK(8,14)   REG    2     58        0           58           0            0             0
      BRICK(8,14)   REG    3     56        0           56          52           52             0
      BRICK(8,14)   REGA   2     58        0           58           0            0             0
      BRICK(8,14)   REGA   3     56        0           56          52           52             0
      DR(8,10,0)    COV    2     68        0           68           0            0             0
      DR(8,10,0)    COV    3     61        0           61          56           56             0
      DR(8,10,0)    REG    2     68        0           68           0            0             0
      DR(8,10,0)    REG    3     61        0           61          56           56             0
      DR(8,10,0)    REGA   2     68        0           68           0            0             0
      DR(8,10,0)    REGA   3     61        0           61          56           56             0
      M21           COV    2    247        3          244         153          151             0
      M21           COV    3    383        1          382         279          278             0
      M31           COV    2    370        4          366         217          217             0
      M31           COV    3    518        2          516         484          482             0
  [PASS] C5 THE CONTROLS SEPARATE — AND THE SEPARATION RUNS THE OTHER WAY FROM THE OBVIOUS GUESS, WHICH IS THE FINDING.  Not one control is FLAT: the uncoupled brick (D60's own record) and the uncoupled double ring have ZERO identity transitions at the canonical labeling at BOTH depths — 58/58, 56/56, 68/68, 61/61 non-identity — and the two genuine sprinklings are non-identity at 244/247, 382/383, 366/370, 516/518 under the register-free surrogate.  So a non-identity atlas is the GENERIC case here, not a property D63's coupling bought.  What the wide crystal has that nothing else does is (i) DUPLICATE CHARTS — 57 of 172 pairs are pairs of distinct base events carrying the identical d = 2 direction set, and C4c gates that this is EXACTLY the identity fraction (an iff), so what separates the substrate here is chart duplication and NOT a 'trivializable part' of the atlas; and (ii) the WIDE SUBATLAS: pairs of 4-direction charts, which exist at d = 2 ONLY on the coupled substrate (brick 0, uncoupled double ring 0, substrate 137), so only there is this a transition between charts of the delivery grammar's MAXIMAL width.  THE THIRD SEPARATION IS DEMOTED (round-1 MAJORs 3/4): the substrate's transitions restrict to tau and the controls' to sigma at REG, but that contrast dies at REGA and at COV, compares wide against narrow pairs, rests on 19 of 58 and 22 of 68 control pairs, and the controls' overlap graph is a perfect matching with nothing to compose — so 'the coupling changed WHICH involution the atlas carries' is NOT a structural claim of this unit; it is a REG-convention observation, so labelled, gated in C4c.  The cocycle is clean on every substrate  (grammar controls' ROLE non-identity pairs = {('BRICK(8,14)', 2): 58, ('BRICK(8,14)', 3): 56, ('DR(8,10,0)', 2): 68, ('DR(8,10,0)', 3): 61} (of {('BRICK(8,14)', 2): 58, ('BRICK(8,14)', 3): 56, ('DR(8,10,0)', 2): 68, ('DR(8,10,0)', 3): 61}, i.e. zero identity everywhere = True); sprinkling controls (COV) = {('M21', 2): 244, ('M21', 3): 382, ('M31', 2): 366, ('M31', 3): 516}; substrate identity = 57 of 172; wide charts at d = 2: brick 0, DR(8,10,0) 0, substrate 59; cocycle violations across the whole census = 0)

[C7 THE DECISIVE COMPUTATION — IS THE Z/2 TRANSITION COCHAIN A COBOUNDARY?  (round-1 BLOCKER 1)]
  WHY THIS IS THE QUESTION.  'Non-identity transitions + a clean cocycle' does NOT distinguish a non-trivial bundle from a trivial one.  A structure group has content only if its transition class is not a coboundary: if there is a 0-cochain eps: charts -> Z/2 with g_ac = eps_a + eps_c, then a per-chart choice of which port is 'port 0' removes EVERY non-identity transition at once, the holonomy of every loop in the nerve is trivial, H^1 = 0, and a connection/curvature programme built on the atlas starts at zero.  The previous build never asked.  (Its own global (sender, receiver) swap is the CONSTANT eps, and constants are coboundaries — which is exactly why a global swap could not move the split.  Nobody asked what a NON-CONSTANT eps does.)
  THE COMPUTATION.  (a) every length-preserving CLASSIFIED pair gets g = 0 (identity) or g = 1 (non-identity); the length-changing and the no-correspondence pairs carry NO value and are excluded by name.  (b) eps is propagated over the labelled overlap graph by DFS from one root per component; the OBSTRUCTION count is the number of labelled overlaps on which g != d(eps) — zero means the class is a coboundary.  (c) the verification is independent of (b): the whole transition census is RE-RUN with the relabelling applied (the named involution acting on the labels of every eps = 1 chart) and the surviving non-identity transitions are counted.  (d) the referee's cleaner Cech form g_ik = g_ij + g_jk is counted on triples.
      substrate     inst   d      gen  charts  edges  comps  INCONSIST    eps 0/1  SURVIVING  identity now  Cech t/viol
      BRICK(8,14)   REG    2    sigma      38     19     19          0   19/19             0     19/58         0/0     
      BRICK(8,14)   REG    3 identity       0      0      0          0    0/0              0      0/56         0/0     
      BRICK(8,14)   REGA   2    sigma      10      5      5          0    5/5              0      5/58         0/0     
      BRICK(8,14)   REGA   3 identity       0      0      0          0    0/0              0      0/56         0/0     
      DR(8,10,0)    REG    2    sigma      44     22     22          0   22/22             0     22/68         0/0     
      DR(8,10,0)    REG    3 identity       0      0      0          0    0/0              0      0/61         0/0     
      DR(8,10,0)    REGA   2    sigma      12      6      6          0    6/6              0      6/68         0/0     
      DR(8,10,0)    REGA   3 identity       0      0      0          0    0/0              0      0/61         0/0     
      DR(8,10,8)    REG    2      tau      60    138      9          0   32/28             0    165/172      108/0     
      DR(8,10,8)    REG    3 identity       4      2      2          0    4/0              0     54/273        0/0     
      DR(8,10,8)    REGA   2      tau      60    138      9          0   40/20             0    165/172      108/0     
      DR(8,10,8)    REGA   3 identity       4      2      2          0    4/0              0    105/273        0/0     
    THE SUBSTRATE AT REG, d = 2, IN FULL: 60 charts carry a labelled overlap, 138 labelled overlaps, 9 components; COBOUNDARY INCONSISTENCIES = 0; eps distribution = 32 charts at 0, 28 charts at 1.
    VERIFICATION, the census re-run with that relabelling — (old class -> identity now?): {('identity', 'identity'): 30, ('length-changing', 'NON-identity'): 7, ('no-correspondence', 'identity'): 27, ('tau', 'identity'): 108}
    => 165 of 172 pairs are the identity after the relabelling; surviving non-identity among the 138 length-preserving labelled pairs = 0.
    THE CECH FORM (the cleaner test): 108 triples carry a Z/2 value on all three pairs, violations of g_ik = g_ij + g_jk = 0.
    AND IT IS NOT A REG ARTEFACT: the same computation at REGA gives 0 inconsistencies, eps 40/20, surviving non-identity 0.
  [PASS] C7 THE CLASS IS A COBOUNDARY: H^1 = 0 AND THE ATLAS IS GLOBALLY TRIVIALIZABLE.  There is an explicit per-chart port choice eps after which EVERY length-preserving transition on the wide crystal is the identity — zero obstructions on the labelled overlap graph, and the independent verification (the census re-run under eps) confirms it pair by pair: the only survivors are the length-changing correspondences, which are not fibre maps at all.  The Cech form agrees on every triple carrying a value.  So the 'structure group' found by C4 is PURE GAUGE: the holonomy of every loop in the nerve is trivial, no non-trivial structure group is exhibited on the delivery crystal at this labeling, and a tensor/curvature programme built on this atlas starts at ZERO.  G3's LETTER fired on the pin's predicate ('non-identity transitions + clean cocycle'), but G1's SENTENCE — 'the atlas is globally trivializable at this labeling' — is the true one; the measured cell (non-identity + clean cocycle + TRIVIAL class) is a gap in the pin's trichotomy, and the pin gets the credit for having a trichotomy sharp enough to expose its own gap.  THE GATE IS THE SELF-CONSISTENCY OF THE TWO INDEPENDENT ROUTES, not the verdict: the propagation's obstruction count is zero IF AND ONLY IF the re-run census has no surviving non-identity transition, in EVERY grammar cell; either verdict exits 0 and the answer is the deliverable  (substrate REG d=2: labelled overlaps 138 over 60 charts in 9 components; INCONSISTENCIES 0; eps 32/28; surviving non-identity after relabelling 0; identity after relabelling 165 of 172; Cech 108 triples / 0 violations; REGA inconsistencies 0, surviving 0; all grammar cells consistent = True; COBOUNDARY = True)

[THE VERDICT — decided by the census at the canonical labeling, on the substrate, at d = 2, AND BY C7's COBOUNDARY COMPUTATION]
  [PASS] C2/C3/C7 [THE OUTCOME DECIDES] **G3's LETTER FIRED AND G1's SENTENCE IS TRUE.**  Non-identity transitions exist between overlapping charts of the wide crystal at the canonical wire-word labeling, and they satisfy the cocycle identity wherever the composition is defined — so the pin's G3 predicate is what the census computes.  BUT the class those transitions define is a COBOUNDARY (C7): a per-chart port choice trivializes every one of them, H^1 = 0, and the atlas is globally trivializable at this labeling — which is G1's sentence.  No non-trivial structure group is exhibited, and the group's NAME is undetermined by the data anyway (C4b).  What is licensed: non-identity partial transitions exist, they are mutually consistent, and they are pure gauge.  The predicate is the pre-registered trichotomy itself together with C7's coboundary computation, both read off the census  (substrate d=2 canonical labeling: overlapping pairs 172, identity 57, NON-IDENTITY 115 (of which 108 carry a tau-classified fibre map and 7 are length-changing); wide-subatlas pairs 137 (29 identity / 108 non-identity); triples 111, cocycle violations 0; coboundary obstructions 0; trichotomy letter = G3, class trivial = True)
  [PASS] C6 AST anti-vacuity, d47a's SG8 form (round-1 NIT 2): every check() predicate is a bare constant NOWHERE and references at least one run-bound name, and the outcome gate reads the pre-registered trichotomy together with C7's coboundary computation, so G1, G2 and a non-trivial G3 would each have been reported by the same lines that report this outcome.  SCOPE (LOG #403 MA-2): this scan enforces EXACTLY that and nothing more — it does not detect a vacuous gate in arbitrary syntactic form and must not be described as if it did (C4's own vacuous-`all()` halves were found by a referee, not by this scan, and are now flagged in the cell that prints them)  (check() calls = 15, bare-constant or unbound predicates = 0)

[C6 DEPTHS, CAPS, RANGES AND POPULATIONS — all printed, none silent]
    SKY-B depths measured: 2 (primary) and 3 (reported); committed SKYB_DEPTH = 2; the sky, atlas and profile instruments are the committed ones, unmodified.
    substrates: 5 — BRICK(8,14) [CONTROL: the uncoupled brick (D60)] n=65; DR(8,10,0) [CONTROL: the uncoupled double ring] n=97; DR(8,10,8) [THE SUBSTRATE (D63 F3 winner)] n=177; M21 [CONTROL: genuine M21 sprinkling] n=120; M31 [CONTROL: genuine M31 sprinkling] n=120.
    instruments per substrate: grammar substrates carry REG (the layer's tuple port order), REGA (registers sorted by name) and COV; sprinklings carry COV only, because a sprinkling has no register alphabet — that is a fact about the objects, not a cut.
    labelings per instrument: 4 — ['RAW', 'ROLE', 'FIRST-raw', 'FIRST-role']; all four printed at every substrate/instrument/depth cell.
    chart predicate |D_e| >= 2 and wide predicate |D_e| >= 4 are D58's own columns; overlap predicate is the pin's (>= 2 shared directions); triple predicate is the pin's (pairwise overlaps and >= 1 shared direction).  NO OTHER THRESHOLD IS USED ANYWHERE IN THIS UNIT.
    group closure caps, PRINTED: size 3000 maps, 3000000 compositions.  Largest closure computed = 1485 maps; cells where a cap BOUND = [('M21', 'COV', 2), ('M21', 'COV', 3), ('M31', 'COV', 2), ('M31', 'COV', 3)] (those cells name no group and say so in their own line).
    measurement cells computed = 22 (substrate x instrument x depth); overlapping pairs examined = 3582; triples examined = 5769.  Per-cell cost: DR(8,10,8)/REGA/d2 0.8s, DR(8,10,8)/COV/d2 0.8s, DR(8,10,8)/REG/d3 0.8s, DR(8,10,8)/REGA/d3 0.8s, DR(8,10,8)/REG/d2 0.7s, DR(8,10,8)/COV/d3 0.7s (six most expensive).
    NOTHING WAS CUT: every substrate, instrument, labeling and depth in the design above is computed and printed; no census was truncated for runtime.  Total wall clock at this line: 19.0s.
  [PASS] C6b DETERMINISM IS GATED, NOT ASSERTED — ON THE SUBSTRATE'S REG CELLS ONLY, WHICH IS SAID IN THE LABEL (round-1 MINOR 7).  (D63's round-1 MINOR 5 carried forward; the layer reads next(iter(frozenset)) in load-bearing places — `regs_of` breaks an 'r' event's tie by `next(iter(...))` where this receipt's `reg_tuple` sorts by repr, a DIFFERENT tie-break that is harmless only because every arbitration in these records has a single proposer, and C0b would catch a divergence — and this unit iterates over direction SETS and over label sets.)  THE DIGEST COVERS: the substrate's REG census at both depths — charts, pairs, triples, all four labelings, the correspondence statuses, the cocycle counts and the full map multiset — recomputed in probe mode under PYTHONHASHSEED 0 / 7 / 999, byte-identical stdout.  IT DOES NOT COVER: the two grammar controls, on which C4c's demoted sigma observation lives, nor the REGA/COV instruments; the round-1 referee reports an external hash-seed check of the full substrate-plus-control census, and this gate is not it  (probe runs = 3, distinct outputs = 1  [41.6s])

[VERDICT — D64, ROUND-1 REPAIRED]
  G3's LETTER FIRED AND G1's SENTENCE IS THE TRUE ONE, AT THE CANONICAL (ROLE)
  WIRE-WORD LABELING.  THE TRANSITIONS ARE NON-TRIVIAL PAIR BY PAIR, THE COCYCLE
  IS CLEAN, AND THE CLASS IS A COBOUNDARY: H^1 = 0.
    The wide crystal DOUBLE-RING(8, 10, 8): 141 charts (|D| >= 2) of which 59 are WIDE (|D| = 4, the delivery
    grammar's ceiling), 172 overlapping chart pairs at d = 2, of which 137 are wide-wide.
    TRANSITIONS: 57 identity, 115 NON-IDENTITY (wide-wide: 29 / 108).  The 115 split
    into 108 pairs carrying a tau-classified fibre map and 7 carrying a LENGTH-CHANGING
    correspondence, which is no permutation of any fibre: the group-relevant
    non-identity population is 108, not 115.  The length-changing ones come from the
    7 P-edges that skip a height and are excluded by name.
    COCYCLE: 111 triples, 111 tested with a defined composition, 0 VIOLATIONS — and the test
    has ONE SHAPE: tau o tau = identity on 2 fibre points, 108 times.
    THE DECISIVE COMPUTATION (C7): the Z/2 cochain on the 138 length-preserving
    labelled overlaps is the COBOUNDARY of a per-chart port choice — 0 obstructions,
    eps = 32 charts at 0 / 28 at 1, and re-running the census under eps leaves
    0 non-identity length-preserving transitions (165 of 172 pairs identity; the only
    survivors are the length-changing ones).  Cech form: 108 triples, 0 violations.
    Same at REGA (0 obstructions).  So the atlas is GLOBALLY TRIVIALIZABLE at this
    labeling: the transitions are PURE GAUGE, no non-trivial structure group is
    exhibited, and a tensor/curvature programme built here starts at ZERO.
    THE NAME IS UNDETERMINED ANYWAY (C4b): every non-identity transition is a
    2-point partial map and 0 of 108 are uniquely tau; TWO incomparable subgroups of
    S_4 are minimal-by-inclusion among those consistent with the data — <tau> = Z/2
    and a Z/4 — and the Z/4 reading passes the cocycle too.  What is licensed is
    'non-identity partial transitions exist and are mutually consistent'.
  READ AT WHICH LABELING, AND WHY (C2b): NOT at the RAW labeling, where every
  overlapping pair's base events have DISJOINT register sets so 'non-identity'
  is a tautology.  PROBE 1 finds NO blind labeling anywhere, so a G1 reading
  would not have been an artifact either.  The alternative port convention
  (REGA) gives a DIFFERENT split (85/87 instead of 57/115): the EXISTENCE of
  non-identity, the clean cocycle AND THE TRIVIALITY OF THE CLASS are
  convention-robust across REG and REGA; the SPLIT is not.
  CONTROLS (C5), and they run the other way from the obvious guess: NO control
  is flat — D60's uncoupled brick, the uncoupled double ring and both genuine
  sprinklings are non-identity at (almost) every pair.  A non-identity atlas is
  GENERIC.  What the wide crystal alone has is DUPLICATE CHARTS — C4c gates that
  its identity fraction is EXACTLY its pairs of charts with identical direction
  sets, an iff over all 172 pairs — and the WIDE SUBATLAS, 4-direction chart
  pairs, which exist at d = 2 only there.  THE tau-VS-sigma CONTRAST IS DEMOTED
  (C4c): it holds at REG only, dies at REGA and COV, compares wide against
  narrow pairs, and the controls' overlap graph is a PERFECT MATCHING with
  nothing to compose — 'the coupling changed which involution the atlas carries'
  is withdrawn as a structural claim and kept as a labelled REG-convention
  observation.  THE SUCCESSOR QUESTION IS NOT 'is Z/2 enough' BUT 'CAN ANY
  SUBSTRATE CARRY A TRANSITION CLASS THAT IS NOT A COBOUNDARY'.
  SCOPE (pin §5): grammar layer; the swept substrates only.  No measure,
  no typicality, no physical-object claim (#440).  Chart width is capped
  at 4 by W4b on every delivery substrate, so every tensor sentence this
  licenses is a WIDTH-<= 4 statement.  Transfer to the identified click
  law runs through the missing map (D59) and is not claimed.  D63's ends
  caveat applies to any band-membership sentence, and this unit makes none.

[d64] 15 PASS / 0 FAIL   [total wall clock 60.6s]
[exit protocol, pin C6] exit 1 ONLY on ANCHOR breakage — the C0 FAMILY, i.e. C0 (the substrate reproduces D63's committed row), C0a (single sources) and C0b (instrument validation), the three gates that carry anchor=True in this receipt; the pin's 'exit 1 only on C0' names this family and the result note says the same three (round-1 NIT 1: code, note and pin now agree).  Every substantive negative — including C7's verdict, whichever way it lands — exits 0.  anchor broken = False
