[D67 — THE k = 4 DOUBLE GRID: sprinkling-grade width, or the reason why not]
  banner: the objects below are FOUR-PROPOSER conflict crystals of the committed
  d42b1 layer.  Every event is offered by the layer's own menu and specified by
  its FULL EVENT TUPLE.  The sky (D47a), the atlas (D58), the sprinkling controls
  (D55c), D60/D63's blueprint machinery, D66's DOUBLE-GRID / CONFLICT-GRID /
  ARBCHAIN blueprints and D64's WHOLE cocycle instrument are imported as single
  sources and re-run in this process.  D66's committed DOUBLE-GRID(3, 2/4) rows
  and D64's committed C7 row are ANCHORS of this receipt.  K-I / K-II / K-III is
  decided by the sweep.
  [PASS] K0a [ANCHOR] EVERY LAYER A SINGLE SOURCE, AND THE STRIP IS GATED NOT ASSERTED.  The transport grammar by text-slice from committed d42b1 (cut at its own banner print); the sky (d47a), the repaired sprinkling generator (d55c), the atlas (d58), D60's blueprint machinery, D63's `double_ring` / `wide_brick`, D64's ENTIRE cocycle instrument and **D66's own `double_grid`, `conflict_grid`, `arbchain`, `_pick`, `_skyB`, `my_ord_tuple`, `uf_trivialize`, `parity_obstruction`, `_c7_edges`, `interior_of` and `full_menu_replay`** by AST extraction — this unit re-implements NO committed layer and NO committed instrument.  The gate reads: no reference to `exit`, `quit` or `_exit`, in CALL or bare NAME/ATTRIBUTE form, survives the slice (checked textually AND by AST) or any extracted body  (slice = 16129 of 40838 chars, exit-free (text) = True, exit-free (AST) = True; extracted bodies = {'d47a_sky_instrument_exact.py': 16, 'd55c_m31_control_exact.py': 9, 'd58_atlas_instrument_exact.py': 5, 'd60_crystal_exact.py': 10, 'd63_wide_crystal_exact.py': 15, 'd64_cocycle_exact.py': 32, 'd66_arbitration_crystal_exact.py': 26}, all exit-free = True)

[the blueprints and every parameter, printed]
    V1 DOUBLE-GRID(g, R) [MINTS-FIRST, PHASE-SEPARATED]: 2g groups (g rows + g columns) on g^2 actors, 2g independent base lineages minted once (2 events each) and spread by 2g(g-1) bootstrap deliveries; then each round is 2g^2 proposals + g ROW arbitrations + g COLUMN arbitrations and ZERO deliveries.  At g = 4: 16 actors, 8 groups, k = 4 proposers per arbitration, 40 bootstrap events (8 mints, 24 deliveries) and 40 events per round.
    V2 SHARED-BASE(g): one lineage, spread to every actor, rows and columns conflicting on THAT base.  Built until it breaks; the break is gated against `prop_options_in_view` itself.
    V3 CONFLICT-GRID(g, R) [ROTATION]: D66's committed rotating blueprint — rounds alternate ROW and COLUMN groups on one lineage per actor, g - 1 deliveries per group per round.
    V4 DOUBLE-GRID(g, R, order='inter'): V1 with the arbitration order interleaved (row 0, col 0, row 1, col 1, ...).  Same events, same groups, same bootstrap; ONLY the arbitration order differs.
    ARBCHAIN*(m, k): one k-proposer arbitration, m k-proposer arbitration consumers and k - m delivery consumers, so the refined bound predicts |D_e(2)| = k*m + 2*(k - m) over [2k, k^2].
    SKY-B depths measured = (2, 3); committed SKYB_DEPTH = 2.  Full-menu replay budgets: 240s per record, 150s for the headline.
    swept configurations = 9: DOUBLE-GRID(g=4,R=1); DOUBLE-GRID(g=4,R=2); DOUBLE-GRID(g=4,R=3); DOUBLE-GRID(g=3,R=2); DOUBLE-GRID(g=3,R=4); DGRID-INTERLEAVED(g=3,R=2); DGRID-INTERLEAVED(g=4,R=2); CONFLICT-GRID(g=4,R=4); CONFLICT-GRID(g=4,R=6)

[K0b THE DELIVERY ANCHORS — D63's delivery crystal and D60's brick, RE-RUN here]
    DR(8,10,8): n=177, d=2 homog 47/59 (~0.7966), |D|>=4 1/3, max|D| 4, omega 100/137; d=3 homog 137/177, |D|>=4 119/177, max|D| 4
    BRICK(8,14): d=2 homog 10/13, omega 125/192, |D|>=4 0, max|D| 3  [5.8s]
  [PASS] K0b [ANCHOR, exit 1 on breakage] THE DELIVERY CONTROLS REPRODUCE THEIR COMMITTED ROWS EXACTLY.  D63's own `double_ring` function object gives 177 events, d = 2 homogeneity 47/59, |D| >= 4 at 1/3, max |D| = 4, mean omega 100/137 and D63's d = 3 row; D60's brick is reproduced EVENT FOR EVENT with its published row.  Every comparison this unit makes is against these re-run objects, never against a re-typed number  (DR row exact = True; brick event list identical = True, row = True)

[K0c THE SPRINKLING COMPARATORS — D58's atlas re-run on the same eleven genuine configurations D60/D63/D66 used.  THE WIDTH RANGE THIS UNIT IS SHOOTING AT IS READ OFF THESE, NOT TYPED]
    M21 box= d47a: homog 0.6417, |D|>=4 0.4250, mean|D| 3.26, max|D| 11, mean omega 0.1197
    M21 box=   30: homog 0.8000, |D|>=4 0.6417, mean|D| 4.15, max|D| 11, mean omega 0.1104
    M21 box=   40: homog 0.7500, |D|>=4 0.4500, mean|D| 3.64, max|D| 10, mean omega 0.1145
    M21 box=   60: homog 0.7250, |D|>=4 0.5000, mean|D| 3.99, max|D| 11, mean omega 0.1125
    M21 box=   90: homog 0.6667, |D|>=4 0.4250, mean|D| 3.32, max|D| 11, mean omega 0.1329
    M31 box=   20: homog 0.7333, |D|>=4 0.6333, mean|D| 5.15, max|D| 15, mean omega 0.0811
    M31 box=   24: homog 0.7167, |D|>=4 0.5667, mean|D| 4.29, max|D| 14, mean omega 0.0629
    M31 box=   40: homog 0.7667, |D|>=4 0.6000, mean|D| 5.17, max|D| 17, mean omega 0.0689
    M31 box=   48: homog 0.6833, |D|>=4 0.5000, mean|D| 4.84, max|D| 15, mean omega 0.0646
    M31 box=   60: homog 0.7083, |D|>=4 0.5167, mean|D| 4.65, max|D| 16, mean omega 0.0481
    M31 box=   90: homog 0.7500, |D|>=4 0.6500, mean|D| 6.41, max|D| 14, mean omega 0.0999
    d = 2: BAND homogeneity [77/120, 4/5] (~[0.6417, 0.8000]); |D|>=4 band [17/40, 13/20] (~[0.4250, 0.6500]); **max|D| RANGE [10, 17]**
    d = 3: BAND homogeneity [41/60, 49/60] (~[0.6833, 0.8167]); |D|>=4 band [3/5, 91/120] (~[0.6000, 0.7583]); **max|D| RANGE [11, 17]**
    [34.8s]
  [PASS] K0c [ANCHOR, exit 1 on breakage] THE COMPARATORS ARE RE-RUN, NOT RE-TYPED, and reproduce D60/D63/D66's committed bands exactly: homogeneity [77/120, 4/5] and |D| >= 4 [17/40, 13/20] at d = 2, and the sprinkling max |D| RANGE [10, 17] at d = 2 — the range the pin's K3 question is asked against, and the k = 4 bound k^2 = 16 sits INSIDE it.  Every threshold used anywhere below is one of these measured numbers or one of D58's own columns; this unit invents none  (11 genuine configurations; d = 2 band (Fraction(77, 120), Fraction(4, 5)), |D|>=4 band (Fraction(17, 40), Fraction(13, 20)), sprinkling max|D| range (10, 17); d = 3 max|D| range (11, 17))

[K1a THE SWEEP — every configuration built by the layer's own menu, every event specified by its FULL EVENT TUPLE.  All figures at d = 2; 'band' = K0c's recomputed sprinkling band]
    DOUBLE-GRID(g=4,R=1)             n=  80 arb 0.2000 homog 0.3250  |D|>=4 0.1125  max|D|  4  mean|D| 1.34  omega 0.4867  [15.1s]
    DOUBLE-GRID(g=4,R=2)             n= 120 arb 0.2000 homog 0.4083  |D|>=4 0.2667  max|D| 16  mean|D| 2.09  omega 0.5035  [107.9s]
    DOUBLE-GRID(g=4,R=3)             n= 160 arb 0.2000 homog 0.4562  |D|>=4 0.3500  max|D| 16  mean|D| 2.57  omega 0.5023  [399.9s]
    DOUBLE-GRID(g=3,R=2)             n=  72 arb 0.2500 homog 0.4444  |D|>=4 0.0694  max|D|  9  mean|D| 1.96  omega 0.5576  [9.1s]
    DOUBLE-GRID(g=3,R=4)             n= 120 arb 0.2500 homog 0.5167  |D|>=4 0.0917  max|D|  9  mean|D| 2.38  omega 0.5566  [84.5s]
    DGRID-INTERLEAVED(g=3,R=2)       n=  72 arb 0.2500 homog 0.2361  |D|>=4 0.0694  max|D|  5  mean|D| 1.06  omega 0.4352  [8.9s]
    DGRID-INTERLEAVED(g=4,R=2)       n= 120 arb 0.2000 homog 0.2583  |D|>=4 0.0833  max|D|  7  mean|D| 1.11  omega 0.4527  [104.4s]
    CONFLICT-GRID(g=4,R=4)           n= 116 arb 0.1379 homog 0.4483  |D|>=4 0.1466  max|D|  8  mean|D| 1.69  omega 0.4420  [6.5s]
    CONFLICT-GRID(g=4,R=6)           n= 180 arb 0.1333 homog 0.4667  |D|>=4 0.1500  max|D|  8  mean|D| 1.76  omega 0.4339  [37.8s]
    swept 9 configurations, 1040 events built [774.2s]
    event species over the whole sweep: {'d': 228, 'p': 610, 'r': 202}; refusals = 0 ; max menu hits per specification over every step of every record = 1
  [PASS] K1a [THE PIN'S K-I DOES NOT FIRE] THE 4-PROPOSER SCHEDULE FORCES. Every one of the swept records — including the k = 4 DOUBLE GRID at every R — is admissible at every step against the layer's own restricted menu, and every specification (a FULL EVENT TUPLE, so the winner key and the ckey are part of the specification) matched EXACTLY ONE candidate.  WHAT THIS GATE MEASURES (D63 MINOR 4 / D66 A1(a)): uniqueness is STRUCTURAL — menu events are pairwise distinct and a full tuple can match at most one — so the gated content is that the specified event IS OFFERED (hits = 1, never 0) and that no step was refused  (records = 9, events = 1040, max hits = 1, refusals = 0)

[K0d THE COMMITTED DOUBLE-GRID ANCHOR — D66's own (3, 2) and (3, 4) rows, reproduced by THIS unit's generalized blueprint]
    DOUBLE-GRID(g=3,R=2)             n=72 arb 1/4 deliveries 12 d2 homog 4/9 |D|>=4 5/72 max|D| 9 | d3 homog 23/36 max|D| 9  ==  D66's committed row: True; event list IDENTICAL to d66's own `double_grid` = True
    DOUBLE-GRID(g=3,R=4)             width histogram at d = 2 = {0: 10, 1: 48, 2: 5, 3: 46, 4: 2, 9: 9} (committed {0: 10, 1: 48, 2: 5, 3: 46, 4: 2, 9: 9})
    DOUBLE-GRID(g=3,R=4)             n=120 arb 1/4 deliveries 12 d2 homog 31/60 |D|>=4 11/120 max|D| 9 | d3 homog 47/60 max|D| 9  ==  D66's committed row: True; event list IDENTICAL to d66's own `double_grid` = True
  [PASS] K0d [ANCHOR, exit 1 on breakage] THIS UNIT'S GENERALIZED BLUEPRINT IS D66's BLUEPRINT.  `dgrid(3, R, 'phase', 'mints')` produces the SAME EVENT LIST, event for event, as the committed `d66.double_grid(3, R)` function object — the strong form, not the profile-coincidence form D66's own A1(d) had to settle for — and both reproduce D66's committed rows for (3, 2) and (3, 4) exactly: 72 and 120 events, arbitration share 1/4, 12 bootstrap deliveries, d = 2 homogeneity 4/9 and 31/60, max |D| = 9, d = 3 homogeneity 47/60, and (3, 4)'s full width histogram {0:10, 1:48, 2:5, 3:46, 4:2, 9:9}.  So the g = 4 rows below are produced by the object that reproduces the committed g = 3 ones  (committed rows reproduced = True; event lists identical to d66's function object = True (at 2 configurations))
  [PASS] K0e THE HOISTED SKY-B (D66's `_skyB`, imported) AGREES WITH THE COMMITTED d47a `sky` EVENT FOR EVENT.  The bulk bound-checking reads SKY-B with the height vector computed once per record instead of once per event; that is an optimisation, not a definition, and it is gated against the committed instrument at every event of two whole records at both depths — one of them the HEADLINE k = 4 record.  Every chart this unit EXHIBITS is read from the committed `sky` directly  (records compared event for event at both depths = 2 (DOUBLE-GRID(g=3,R=2), DOUBLE-GRID(g=4,R=2)); disagreements = 0)

[K1b THE SCHEDULE VARIANTS — the pin's §3 K1 asks for TWO variants before any conclusion about forcedness.  FOUR were built; the one that REFUSES is reported with its mechanism, not papered over]
  [REFUSAL] 'COLUMN proposal by S01 ON THE SAME BASE' at prefix 18; menu types ['n', 'r']
    V2 SHARED-BASE(4): REFUSAL = ('COLUMN proposal by S01 ON THE SAME BASE', 18).  At that prefix (18 events: 1 mint + 15 deliveries + 1 proposal) the actor S01 holds the single lineage and already has a LIVE proposal on it.
      the layer's own option list `prop_options_in_view(view, S01)` = [] — EMPTY, because d42b1 skips a base on which the actor already has a live proposal; live triples in view = [('S01', ('v', ('v', 'v0'), (0,), ('S00',), 'S00'), 1)]; the whole menu offered to S01 has kinds ['n', 'r'] and contains NO proposal at all.
      MECHANISM, stated: a k-proposer conflict needs k live proposals ON ONE BASE, and one actor may hold AT MOST ONE live proposal per base.  A 4 x 4 grid whose rows and columns conflict CONCURRENTLY therefore needs TWO distinct unsuperseded bases per actor — i.e. 2g independent lineages — which is exactly what V1's mints-first bootstrap builds and why it cannot be replaced by a single mint-and-spread.
  [PASS] K1b(i) [A FIRST-CLASS NEGATIVE, GATED AGAINST THE LAYER ITSELF] THE ONE-LINEAGE k = 4 SCHEDULE REFUSES, AND THE REFUSAL IS NOT A MISSING MENU HIT BUT THE LAYER'S OWN OPTION LIST BEING EMPTY.  `prop_options_in_view` returns NO option for the actor's second proposal on the shared base, so the menu offered to it contains no proposal of any kind; the mints-first bootstrap of V1 is FORCED by the grammar rather than chosen for convenience.  This is the pin's second variant and it is reported as a finding  (refusal at prefix 18; prop_options_in_view = []; menu kinds = ['n', 'r']; live triples = 1)

    THE DELIVERY COUNT, per variant (the pin's 'count deliveries'):
      DOUBLE-GRID(g=4,R=1)             deliveries  24 total,  24 in the bootstrap (first 40 events),   0 IN ROUNDS (0.3000 of the record)
      DOUBLE-GRID(g=4,R=2)             deliveries  24 total,  24 in the bootstrap (first 40 events),   0 IN ROUNDS (0.2000 of the record)
      DOUBLE-GRID(g=4,R=3)             deliveries  24 total,  24 in the bootstrap (first 40 events),   0 IN ROUNDS (0.1500 of the record)
      DOUBLE-GRID(g=3,R=2)             deliveries  12 total,  12 in the bootstrap (first 24 events),   0 IN ROUNDS (0.1667 of the record)
      DOUBLE-GRID(g=3,R=4)             deliveries  12 total,  12 in the bootstrap (first 24 events),   0 IN ROUNDS (0.1000 of the record)
      DGRID-INTERLEAVED(g=3,R=2)       deliveries  12 total,  12 in the bootstrap (first 24 events),   0 IN ROUNDS (0.1667 of the record)
      DGRID-INTERLEAVED(g=4,R=2)       deliveries  24 total,  24 in the bootstrap (first 40 events),   0 IN ROUNDS (0.2000 of the record)
      CONFLICT-GRID(g=4,R=4)           deliveries  36 total,   0 in the bootstrap (first 0 events),  36 IN ROUNDS (0.3103 of the record)
      CONFLICT-GRID(g=4,R=6)           deliveries  60 total,   0 in the bootstrap (first 0 events),  60 IN ROUNDS (0.3333 of the record)
  [PASS] K1b(ii) THE DELIVERY ECONOMICS OF THE k = 4 ROTATION, MEASURED.  The concurrent (DOUBLE-GRID) schedule pays 2g(g-1) = 24 deliveries ONCE, in the bootstrap, and ZERO in every round thereafter — because `View.holdings` gives the minted version to ALL FOUR proposers and each actor's two axes live on two distinct unsuperseded bases.  The rotating (CONFLICT-GRID) schedule pays g(g-1) = 12 deliveries EVERY round, forever.  So at k = 4 the rotation is not merely more expensive, it is asymptotically more expensive, and the two-base holding pattern is what buys the difference  (in-round deliveries: DOUBLE-GRID/INTERLEAVED = 0 at every R (True); CONFLICT-GRID > 0 at every R (True); bootstrap deliveries at g = 4 = 24 of 120 events)

[K1c THE CONFLICT BUDGET AT k = 4 — how much of a record CAN be arbitration?  (pin: 'the budget bound gives <= 1/5 for conflict groups at k = 4')]
  BOUND (D66's counting theorem of the layer, re-run here, not re-derived).  An
  arbitration's ckey is a set of k live proposal triples and a proposal is
  resolved by at most one arbitration in any record, so #proposals >= k * #arbs
  and the arbitration share of a record is at most 1/(k+1) with k the smallest
  proposer count in it.  Deliveries only lower it.  The step D66's round-1
  MINOR 3 supplied: two arbitrations consuming the same proposal triple share
  that proposer's register, `event_poset` makes them causally COMPARABLE, and
  the later one's View has the triple in `resolved` — so `admissible` refuses it.
    DOUBLE-GRID(g=4,R=1)             n=  80 arbs= 16 (k_min=1, k_conflict=4) arb share 1/5 (~0.2000) vs 1/(k_min+1) = 1/2; = 1/(k_conflict+1) = 1/5   <== THE CONFLICT GROUPS SATURATE
    DOUBLE-GRID(g=4,R=2)             n= 120 arbs= 24 (k_min=1, k_conflict=4) arb share 1/5 (~0.2000) vs 1/(k_min+1) = 1/2; = 1/(k_conflict+1) = 1/5   <== THE CONFLICT GROUPS SATURATE
    DOUBLE-GRID(g=4,R=3)             n= 160 arbs= 32 (k_min=1, k_conflict=4) arb share 1/5 (~0.2000) vs 1/(k_min+1) = 1/2; = 1/(k_conflict+1) = 1/5   <== THE CONFLICT GROUPS SATURATE
    DOUBLE-GRID(g=3,R=2)             n=  72 arbs= 18 (k_min=1, k_conflict=3) arb share 1/4 (~0.2500) vs 1/(k_min+1) = 1/2; = 1/(k_conflict+1) = 1/4   <== THE CONFLICT GROUPS SATURATE
    DOUBLE-GRID(g=3,R=4)             n= 120 arbs= 30 (k_min=1, k_conflict=3) arb share 1/4 (~0.2500) vs 1/(k_min+1) = 1/2; = 1/(k_conflict+1) = 1/4   <== THE CONFLICT GROUPS SATURATE
    DGRID-INTERLEAVED(g=3,R=2)       n=  72 arbs= 18 (k_min=1, k_conflict=3) arb share 1/4 (~0.2500) vs 1/(k_min+1) = 1/2; = 1/(k_conflict+1) = 1/4   <== THE CONFLICT GROUPS SATURATE
    DGRID-INTERLEAVED(g=4,R=2)       n= 120 arbs= 24 (k_min=1, k_conflict=4) arb share 1/5 (~0.2000) vs 1/(k_min+1) = 1/2; = 1/(k_conflict+1) = 1/5   <== THE CONFLICT GROUPS SATURATE
    CONFLICT-GRID(g=4,R=4)           n= 116 arbs= 16 (k_min=4, k_conflict=4) arb share 4/29 (~0.1379) vs 1/(k_min+1) = 1/5
    CONFLICT-GRID(g=4,R=6)           n= 180 arbs= 24 (k_min=4, k_conflict=4) arb share 2/15 (~0.1333) vs 1/(k_min+1) = 1/5
    THE k = 4 READING.  The DOUBLE-GRIDs mint their 2g base lineages with SINGLE-proposer arbitrations in the bootstrap, so k_min = 1 and the only GENERAL bound is 1/2 — but every conflict group of the g = 4 records has k = 4 and the measured share is EXACTLY 1/(4+1) = 1/5 = 1/5: the rounds saturate the conflict bound and the bootstrap spends none of the slack.  Records whose share equals 1/(k_conflict+1): ['DOUBLE-GRID(g=4,R=1)', 'DOUBLE-GRID(g=4,R=2)', 'DOUBLE-GRID(g=4,R=3)', 'DOUBLE-GRID(g=3,R=2)', 'DOUBLE-GRID(g=3,R=4)', 'DGRID-INTERLEAVED(g=3,R=2)', 'DGRID-INTERLEAVED(g=4,R=2)'].
  [PASS] K1c [WHAT THIS GATE MEASURES: not the prose inequality but the STRICTLY STRONGER per-arbitration equality #proposals = SUM of proposer counts, together with 'no consumed triple occurs twice'] THE CONFLICT SHARE AT k = 4 IS EXACTLY 1/5, THE BUDGET BOUND, SATURATED.  The pin's budget remark is confirmed as an attained equality and not merely an inequality: the k = 4 DOUBLE GRID is one fifth arbitration, event for event, bootstrap included, at every R swept  (records checked = 9, proposal-consumption equalities = 9, repeated consumed triples = 0 (True), general-bound violations = 0; k = 4 headline share = 1/5 = 1/(k+1))

[K2a THE ATLAS CENSUS — every swept record at d = 2 AND d = 3, with the delivery crystal, the brick and the sprinkling bands beside them.  Orderings reported BOTH WAYS because the depths disagree (D60's MINOR-4 lesson)]
    DOUBLE-GRID(g=4,R=1)             d=2: homog 0.3250[below] |D|>=4 0.1125 max  4 omega 0.4867  |  d=3: homog 0.4625[below] |D|>=4 0.2375 max  7 omega 0.4664
    DOUBLE-GRID(g=4,R=2)             d=2: homog 0.4083[below] |D|>=4 0.2667 max 16 omega 0.5035  |  d=3: homog 0.5417[below] |D|>=4 0.3917 max 16 omega 0.4911
    DOUBLE-GRID(g=4,R=3)             d=2: homog 0.4562[below] |D|>=4 0.3500 max 16 omega 0.5023  |  d=3: homog 0.6562[below] |D|>=4 0.5437 max 16 omega 0.5401
    DOUBLE-GRID(g=3,R=2)             d=2: homog 0.4444[below] |D|>=4 0.0694 max  9 omega 0.5576  |  d=3: homog 0.6389[below] |D|>=4 0.2083 max  9 omega 0.5710
    DOUBLE-GRID(g=3,R=4)             d=2: homog 0.5167[below] |D|>=4 0.0917 max  9 omega 0.5566  |  d=3: homog 0.7833[in] |D|>=4 0.3250 max  9 omega 0.6195
    DGRID-INTERLEAVED(g=3,R=2)       d=2: homog 0.2361[below] |D|>=4 0.0694 max  5 omega 0.4352  |  d=3: homog 0.2917[below] |D|>=4 0.1250 max  6 omega 0.4435
    DGRID-INTERLEAVED(g=4,R=2)       d=2: homog 0.2583[below] |D|>=4 0.0833 max  7 omega 0.4527  |  d=3: homog 0.3250[below] |D|>=4 0.1250 max  7 omega 0.4580
    CONFLICT-GRID(g=4,R=4)           d=2: homog 0.4483[below] |D|>=4 0.1466 max  8 omega 0.4420  |  d=3: homog 0.5517[below] |D|>=4 0.3448 max  8 omega 0.5048
    CONFLICT-GRID(g=4,R=6)           d=2: homog 0.4667[below] |D|>=4 0.1500 max  8 omega 0.4339  |  d=3: homog 0.5778[below] |D|>=4 0.3556 max  8 omega 0.4944
    DR(8,10,8) [D63 control]         d=2: homog 0.7966[in] |D|>=4 0.3333 max  4 omega 0.7299  |  d=3: homog 0.7740[in] |D|>=4 0.6723 max  4 omega 0.6803
    BRICK(8,14) [D60]                d=2: homog 0.7692[in] |D|>=4 0.0000 max  3 omega 0.6510  |  d=3: homog 0.7385[in] |D|>=4 0.5846 max  4 omega 0.7120
    d = 2: in the homogeneity band = 0 of 9 []
    d = 3: in the homogeneity band = 1 of 9 ['DOUBLE-GRID(g=3,R=4)']
  [PASS] K2a THE CENSUS IS REPORTED AT BOTH DEPTHS FOR EVERY RECORD, so every width and homogeneity sentence in this unit is depth-labelled.  The population, the controls and the bands are printed in full beside the swept records; no record is summarised away  (records censused = 11 (sweep 9 + 2 controls) at both depths; in-band at d = 2 = 0, at d = 3 = 1; band-membership flips between the depths at 1 records)

[K2b THE BRANCHING BOUNDS AT k = 4 — W4b with each record's OWN measured B, W4c with its OWN measured live Bl, and the refined depth-2 bound with THE RECORD'S OWN MEASURED k*b (pin K2)]
  W4b (D63): if every event carries at most B registers then |D_e(d)| <= B^d.
  W4c (D66, PROVED there from the committed layer): the version register an
  arbitration mints is a BIRTH WIRE with no P-successor, so |D_e(d)| <= Bl^d with
  Bl the maximum LIVE out-degree, and for an arbitration b <= #proposers = |regs| - 1.
  THE DEPTH-2 REFINEMENT (D66 BLOCKER 1): the EXACT containment D_e(2) SUBSET
  succ(e) u U{succ(y) : y in succ(e)} holds always; where no P-edge out of e skips
  a height layer it sharpens to |D_e(2)| <= SUM_y b(y) <= b(e)*Bl <= k*Bl <= k^2.
  At k = 4 that ceiling is 16 — INSIDE the sprinkling range [10, 17].
    DOUBLE-GRID(g=4,R=1)             B=5 (W4b 25) live Bl=4 (W4c 16) k=4 (k^2=16); MEASURED max SUM_y b(y) =  4; measured max|D| d2= 4 d3= 7; version registers occurring twice = 0; arbitrations with b < k = 4
    DOUBLE-GRID(g=4,R=2)             B=5 (W4b 25) live Bl=4 (W4c 16) k=4 (k^2=16); MEASURED max SUM_y b(y) = 16; measured max|D| d2=16 d3=16; version registers occurring twice = 0; arbitrations with b < k = 4
    DOUBLE-GRID(g=4,R=3)             B=5 (W4b 25) live Bl=4 (W4c 16) k=4 (k^2=16); MEASURED max SUM_y b(y) = 16; measured max|D| d2=16 d3=16; version registers occurring twice = 0; arbitrations with b < k = 4
    DOUBLE-GRID(g=3,R=2)             B=4 (W4b 16) live Bl=3 (W4c 9) k=3 (k^2=9); MEASURED max SUM_y b(y) =  9; measured max|D| d2= 9 d3= 9; version registers occurring twice = 0; arbitrations with b < k = 3
    DOUBLE-GRID(g=3,R=4)             B=4 (W4b 16) live Bl=3 (W4c 9) k=3 (k^2=9); MEASURED max SUM_y b(y) =  9; measured max|D| d2= 9 d3= 9; version registers occurring twice = 0; arbitrations with b < k = 3
    DGRID-INTERLEAVED(g=3,R=2)       B=4 (W4b 16) live Bl=3 (W4c 9) k=3 (k^2=9); MEASURED max SUM_y b(y) =  9; measured max|D| d2= 5 d3= 6; version registers occurring twice = 0; arbitrations with b < k = 5
    DGRID-INTERLEAVED(g=4,R=2)       B=5 (W4b 25) live Bl=4 (W4c 16) k=4 (k^2=16); MEASURED max SUM_y b(y) = 16; measured max|D| d2= 7 d3= 7; version registers occurring twice = 0; arbitrations with b < k = 7
    CONFLICT-GRID(g=4,R=4)           B=5 (W4b 25) live Bl=4 (W4c 16) k=4 (k^2=16); MEASURED max SUM_y b(y) =  8; measured max|D| d2= 8 d3= 8; version registers occurring twice = 0; arbitrations with b < k = 4
    CONFLICT-GRID(g=4,R=6)           B=5 (W4b 25) live Bl=4 (W4c 16) k=4 (k^2=16); MEASURED max SUM_y b(y) =  8; measured max|D| d2= 8 d3= 8; version registers occurring twice = 0; arbitrations with b < k = 4
    DR(8,10,8)                       B=2 (W4b 4) live Bl=2 (W4c 4) k=1 (k^2=1); MEASURED max SUM_y b(y) =  4; measured max|D| d2= 4 d3= 4; version registers occurring twice = 0; arbitrations with b < k = 0
    BRICK(8,14)                      B=2 (W4b 4) live Bl=2 (W4c 4) k=1 (k^2=1); MEASURED max SUM_y b(y) =  4; measured max|D| d2= 3 d3= 4; version registers occurring twice = 0; arbitrations with b < k = 0
  [PASS] K2b BOTH BOUNDS HOLD ON EVERY RECORD AT BOTH DEPTHS, THE EXACT CONTAINMENT HOLDS EVENT BY EVENT, AND THE SHARP SUM FORM IS GATED WITH THE RECORD'S OWN MEASURED k*b.  Across every record built here every version register occurs in EXACTLY ONE event's `regs_of` — W4c's dead-wire step — so an arbitration's live out-degree is at most its proposer count.  The exceptions to the SHARP form are counted AND characterised (D66's repair): they are exactly the events all of whose P-successors sit two or more layers above them  (records checked = 11, W4b/W4c violations = 0, exact-containment violations = 0 (True), events where the SHARP sum form does not apply = 9 (every one has NO P-successor at height + 1: True), version registers occurring more than once = 0)

[K2c THE INTERIOR CONTROL (D60's C7 excision, D66's `interior_of`) ON EVERY SWEPT RECORD AND AT BOTH DEPTHS — is any width or any band membership an ENDS artefact?]
    DOUBLE-GRID(g=4,R=1)             n   80->  52  d=2 0.3250[below] -> 0.4038[below]  |  d=3 0.4625[below] -> 0.6154[below]  max|D| d2  4-> 4 d3  7-> 7
    DOUBLE-GRID(g=4,R=2)             n  120->  80  d=2 0.4083[below] -> 0.4125[below]  |  d=3 0.5417[below] -> 0.7500[IN ]  max|D| d2 16->16 d3 16->16
    DOUBLE-GRID(g=4,R=3)             n  160-> 120  d=2 0.4562[below] -> 0.4750[below]  |  d=3 0.6562[below] -> 0.8333[ABOVE]  max|D| d2 16->16 d3 16->16
    DOUBLE-GRID(g=3,R=2)             n   72->  45  d=2 0.4444[below] -> 0.5111[below]  |  d=3 0.6389[below] -> 0.9333[ABOVE]  max|D| d2  9-> 9 d3  9-> 9
    DOUBLE-GRID(g=3,R=4)             n  120->  93  d=2 0.5167[below] -> 0.5699[below]  |  d=3 0.7833[IN ] -> 0.9677[ABOVE]  max|D| d2  9-> 9 d3  9-> 9
    DGRID-INTERLEAVED(g=3,R=2)       n   72->  57  d=2 0.2361[below] -> 0.2982[below]  |  d=3 0.2917[below] -> 0.2982[below]  max|D| d2  5-> 5 d3  6-> 6
    DGRID-INTERLEAVED(g=4,R=2)       n  120-> 101  d=2 0.2583[below] -> 0.3069[below]  |  d=3 0.3250[below] -> 0.3366[below]  max|D| d2  7-> 7 d3  7-> 7
    CONFLICT-GRID(g=4,R=4)           n  116->  76  d=2 0.4483[below] -> 0.5263[below]  |  d=3 0.5517[below] -> 0.5789[below]  max|D| d2  8-> 8 d3  8-> 8
    CONFLICT-GRID(g=4,R=6)           n  180-> 140  d=2 0.4667[below] -> 0.5143[below]  |  d=3 0.5778[below] -> 0.6000[below]  max|D| d2  8-> 8 d3  8-> 8
    EXCISION MOVES A RECORD INTO THE BAND AT: [('DOUBLE-GRID(g=4,R=2)', 3)]
  [PASS] K2c THE WIDTH IS THE CIRCUIT'S, NOT THE PREFIX'S.  Excising the bottom two and top three height layers leaves max |D| unchanged at both depths on every swept record — so no wide chart anywhere in this unit, including the k = 4 charts, is a boundary artefact — and it never LOWERS homogeneity, so the band verdicts below are reported with their interior values beside them  (records controlled = 9 of 9 at BOTH depths; (record, depth) cells where interior homogeneity strictly rises = 18 of 18; never falls = True; interior max|D| = full max|D| everywhere = True; cells the excision moves INTO the band = 1)

[K3 THE WIDTH VERDICT — max |D| at d = 2 against the sprinkling range [10, 17] and the k = 4 bound k^2 = 16]
    DOUBLE-GRID(g=4,R=1)             k=4  width histogram at d = 2: {0: 27, 1: 27, 2: 7, 3: 10, 4: 9}
    DOUBLE-GRID(g=4,R=2)             k=4  width histogram at d = 2: {0: 28, 1: 43, 2: 7, 3: 10, 4: 29, 16: 3}
    DOUBLE-GRID(g=4,R=3)             k=4  width histogram at d = 2: {0: 28, 1: 59, 2: 7, 3: 10, 4: 49, 16: 7}
    DOUBLE-GRID(g=3,R=2)             k=3  width histogram at d = 2: {0: 10, 1: 30, 2: 5, 3: 22, 4: 2, 9: 3}
    DOUBLE-GRID(g=3,R=4)             k=3  width histogram at d = 2: {0: 10, 1: 48, 2: 5, 3: 46, 4: 2, 9: 9}
    DGRID-INTERLEAVED(g=3,R=2)       k=3  width histogram at d = 2: {0: 31, 1: 24, 2: 6, 3: 6, 4: 3, 5: 2}
    DGRID-INTERLEAVED(g=4,R=2)       k=4  width histogram at d = 2: {0: 58, 1: 31, 2: 10, 3: 11, 4: 6, 5: 1, 6: 1, 7: 2}
    CONFLICT-GRID(g=4,R=4)           k=4  width histogram at d = 2: {0: 24, 1: 40, 2: 35, 4: 11, 6: 3, 8: 3}
    CONFLICT-GRID(g=4,R=6)           k=4  width histogram at d = 2: {0: 32, 1: 64, 2: 57, 4: 17, 6: 5, 8: 5}
    max |D| at d = 2 by proposer count k: DOUBLE-GRID(g=4,R=1) k=4 -> 4, DOUBLE-GRID(g=4,R=2) k=4 -> 16, DOUBLE-GRID(g=4,R=3) k=4 -> 16, DOUBLE-GRID(g=3,R=2) k=3 -> 9, DOUBLE-GRID(g=3,R=4) k=3 -> 9, DGRID-INTERLEAVED(g=3,R=2) k=3 -> 5, DGRID-INTERLEAVED(g=4,R=2) k=4 -> 7, CONFLICT-GRID(g=4,R=4) k=4 -> 8, CONFLICT-GRID(g=4,R=6) k=4 -> 8
    RECORDS AT OR ABOVE THE SPRINKLING FLOOR (10): ['DOUBLE-GRID(g=4,R=2)', 'DOUBLE-GRID(g=4,R=3)']

    THE WIDTH WITNESSES, EXHIBITED EVENT BY EVENT (the D66-round standard: a width claim is not an instrument artefact until it is read off the committed sky and the committed order) — DOUBLE-GRID(g=4,R=2): 3 charts of width 16, at base events [73, 74, 75]
      base  73: r-event by D11, height 10, 5 registers (4 proposers), live out-degree b(e) = 4; D(1) = [76, 77, 78, 79] kinds ['r', 'r', 'r', 'r'] out-degrees [4, 4, 4, 4]; SUM_y b(y) = 16, k^2 = 16
        |D| = 16 directions [80, 81, 82, 83, 84, 85, 86, 87, 88, 89, 90, 91, 92, 93, 94, 95]; all distinct / ordered after the base in the committed poset / at height + 2 = True
          direction  80: kind p by D00, height 12 (= 10 + 2), ordered after base = True; P-paths (raw ; role) = ['D10', 'D00'] ; (0, 0)
          direction  81: kind p by D01, height 12 (= 10 + 2), ordered after base = True; P-paths (raw ; role) = ['D11', 'D01'] ; (1, 0)
          direction  82: kind p by D02, height 12 (= 10 + 2), ordered after base = True; P-paths (raw ; role) = ['D12', 'D02'] ; (2, 0)
          direction  83: kind p by D03, height 12 (= 10 + 2), ordered after base = True; P-paths (raw ; role) = ['D13', 'D03'] ; (3, 0)
          direction  84: kind p by D10, height 12 (= 10 + 2), ordered after base = True; P-paths (raw ; role) = ['D10', 'D10'] ; (0, 1)
          direction  85: kind p by D11, height 12 (= 10 + 2), ordered after base = True; P-paths (raw ; role) = ['D11', 'D11'] ; (1, 1)
          direction  86: kind p by D12, height 12 (= 10 + 2), ordered after base = True; P-paths (raw ; role) = ['D12', 'D12'] ; (2, 1)
          direction  87: kind p by D13, height 12 (= 10 + 2), ordered after base = True; P-paths (raw ; role) = ['D13', 'D13'] ; (3, 1)
          direction  88: kind p by D20, height 12 (= 10 + 2), ordered after base = True; P-paths (raw ; role) = ['D10', 'D20'] ; (0, 2)
          direction  89: kind p by D21, height 12 (= 10 + 2), ordered after base = True; P-paths (raw ; role) = ['D11', 'D21'] ; (1, 2)
          direction  90: kind p by D22, height 12 (= 10 + 2), ordered after base = True; P-paths (raw ; role) = ['D12', 'D22'] ; (2, 2)
          direction  91: kind p by D23, height 12 (= 10 + 2), ordered after base = True; P-paths (raw ; role) = ['D13', 'D23'] ; (3, 2)
          direction  92: kind p by D30, height 12 (= 10 + 2), ordered after base = True; P-paths (raw ; role) = ['D10', 'D30'] ; (0, 3)
          direction  93: kind p by D31, height 12 (= 10 + 2), ordered after base = True; P-paths (raw ; role) = ['D11', 'D31'] ; (1, 3)
          direction  94: kind p by D32, height 12 (= 10 + 2), ordered after base = True; P-paths (raw ; role) = ['D12', 'D32'] ; (2, 3)
          direction  95: kind p by D33, height 12 (= 10 + 2), ordered after base = True; P-paths (raw ; role) = ['D13', 'D33'] ; (3, 3)
      base  74: r-event by D22, height 10, 5 registers (4 proposers), live out-degree b(e) = 4; D(1) = [76, 77, 78, 79] kinds ['r', 'r', 'r', 'r'] out-degrees [4, 4, 4, 4]; SUM_y b(y) = 16, k^2 = 16
        |D| = 16 directions [80, 81, 82, 83, 84, 85, 86, 87, 88, 89, 90, 91, 92, 93, 94, 95]; all distinct / ordered after the base in the committed poset / at height + 2 = True
          direction  80: kind p by D00, height 12 (= 10 + 2), ordered after base = True; P-paths (raw ; role) = ['D20', 'D00'] ; (0, 0)
          direction  81: kind p by D01, height 12 (= 10 + 2), ordered after base = True; P-paths (raw ; role) = ['D21', 'D01'] ; (1, 0)
          direction  82: kind p by D02, height 12 (= 10 + 2), ordered after base = True; P-paths (raw ; role) = ['D22', 'D02'] ; (2, 0)
          direction  83: kind p by D03, height 12 (= 10 + 2), ordered after base = True; P-paths (raw ; role) = ['D23', 'D03'] ; (3, 0)
          direction  84: kind p by D10, height 12 (= 10 + 2), ordered after base = True; P-paths (raw ; role) = ['D20', 'D10'] ; (0, 1)
          direction  85: kind p by D11, height 12 (= 10 + 2), ordered after base = True; P-paths (raw ; role) = ['D21', 'D11'] ; (1, 1)
          direction  86: kind p by D12, height 12 (= 10 + 2), ordered after base = True; P-paths (raw ; role) = ['D22', 'D12'] ; (2, 1)
          direction  87: kind p by D13, height 12 (= 10 + 2), ordered after base = True; P-paths (raw ; role) = ['D23', 'D13'] ; (3, 1)
          direction  88: kind p by D20, height 12 (= 10 + 2), ordered after base = True; P-paths (raw ; role) = ['D20', 'D20'] ; (0, 2)
          direction  89: kind p by D21, height 12 (= 10 + 2), ordered after base = True; P-paths (raw ; role) = ['D21', 'D21'] ; (1, 2)
          direction  90: kind p by D22, height 12 (= 10 + 2), ordered after base = True; P-paths (raw ; role) = ['D22', 'D22'] ; (2, 2)
          direction  91: kind p by D23, height 12 (= 10 + 2), ordered after base = True; P-paths (raw ; role) = ['D23', 'D23'] ; (3, 2)
          direction  92: kind p by D30, height 12 (= 10 + 2), ordered after base = True; P-paths (raw ; role) = ['D20', 'D30'] ; (0, 3)
          direction  93: kind p by D31, height 12 (= 10 + 2), ordered after base = True; P-paths (raw ; role) = ['D21', 'D31'] ; (1, 3)
          direction  94: kind p by D32, height 12 (= 10 + 2), ordered after base = True; P-paths (raw ; role) = ['D22', 'D32'] ; (2, 3)
          direction  95: kind p by D33, height 12 (= 10 + 2), ordered after base = True; P-paths (raw ; role) = ['D23', 'D33'] ; (3, 3)
      base  75: r-event by D33, height 10, 5 registers (4 proposers), live out-degree b(e) = 4; D(1) = [76, 77, 78, 79] kinds ['r', 'r', 'r', 'r'] out-degrees [4, 4, 4, 4]; SUM_y b(y) = 16, k^2 = 16
        |D| = 16 directions [80, 81, 82, 83, 84, 85, 86, 87, 88, 89, 90, 91, 92, 93, 94, 95]; all distinct / ordered after the base in the committed poset / at height + 2 = True
          direction  80: kind p by D00, height 12 (= 10 + 2), ordered after base = True; P-paths (raw ; role) = ['D30', 'D00'] ; (0, 0)
          direction  81: kind p by D01, height 12 (= 10 + 2), ordered after base = True; P-paths (raw ; role) = ['D31', 'D01'] ; (1, 0)
          direction  82: kind p by D02, height 12 (= 10 + 2), ordered after base = True; P-paths (raw ; role) = ['D32', 'D02'] ; (2, 0)
          direction  83: kind p by D03, height 12 (= 10 + 2), ordered after base = True; P-paths (raw ; role) = ['D33', 'D03'] ; (3, 0)
          direction  84: kind p by D10, height 12 (= 10 + 2), ordered after base = True; P-paths (raw ; role) = ['D30', 'D10'] ; (0, 1)
          direction  85: kind p by D11, height 12 (= 10 + 2), ordered after base = True; P-paths (raw ; role) = ['D31', 'D11'] ; (1, 1)
          direction  86: kind p by D12, height 12 (= 10 + 2), ordered after base = True; P-paths (raw ; role) = ['D32', 'D12'] ; (2, 1)
          direction  87: kind p by D13, height 12 (= 10 + 2), ordered after base = True; P-paths (raw ; role) = ['D33', 'D13'] ; (3, 1)
          direction  88: kind p by D20, height 12 (= 10 + 2), ordered after base = True; P-paths (raw ; role) = ['D30', 'D20'] ; (0, 2)
          direction  89: kind p by D21, height 12 (= 10 + 2), ordered after base = True; P-paths (raw ; role) = ['D31', 'D21'] ; (1, 2)
          direction  90: kind p by D22, height 12 (= 10 + 2), ordered after base = True; P-paths (raw ; role) = ['D32', 'D22'] ; (2, 2)
          direction  91: kind p by D23, height 12 (= 10 + 2), ordered after base = True; P-paths (raw ; role) = ['D33', 'D23'] ; (3, 2)
          direction  92: kind p by D30, height 12 (= 10 + 2), ordered after base = True; P-paths (raw ; role) = ['D30', 'D30'] ; (0, 3)
          direction  93: kind p by D31, height 12 (= 10 + 2), ordered after base = True; P-paths (raw ; role) = ['D31', 'D31'] ; (1, 3)
          direction  94: kind p by D32, height 12 (= 10 + 2), ordered after base = True; P-paths (raw ; role) = ['D32', 'D32'] ; (2, 3)
          direction  95: kind p by D33, height 12 (= 10 + 2), ordered after base = True; P-paths (raw ; role) = ['D33', 'D33'] ; (3, 3)

    THE UNFILLED SUCCESSOR CENSUS (the pin's K-II ask, reported whichever outcome fires): for every ARBITRATION of the headline record, how much of its own SUM_y b(y) budget the chart actually realizes at d = 2:
      16 conflict arbitrations: 15 REALIZE THEIR WHOLE SUM_y b(y) BUDGET (|D(2)| = SUM_y b(y), including the ones whose budget is itself small), 1 FALL SHORT of it, and 3 ATTAIN THE CEILING k^2 = 16.  The three counts are different questions and are reported separately.
       base  k b(e) SUM b(y) |D(2)|  k^2  successor height offsets
         72  4    4       16      4   16  [2]
         73  4    4       16     16   16  [1]   <== SATURATES k^2
         74  4    4       16     16   16  [1]   <== SATURATES k^2
         75  4    4       16     16   16  [1]   <== SATURATES k^2
         76  4    4        4      4   16  [1]
         77  4    4        4      4   16  [1]
         78  4    4        4      4   16  [1]
         79  4    4        4      4   16  [1]
        112  4    4        0      0   16  [1]
        113  4    4        0      0   16  [1]
        114  4    4        0      0   16  [1]
        115  4    4        0      0   16  [1]
        116  4    0        0      0   16  []
        117  4    0        0      0   16  []
        118  4    0        0      0   16  []
        119  4    0        0      0   16  []
      THE SHORTFALLS, CHARACTERISED: the arbitrations that do not realize SUM_y b(y) have successor height offsets in [(2,)] — a chart counts only directions at EXACTLY height + 2, so a successor that skips a layer (offset >= 2) contributes its own successors at height + 3 or beyond and nothing at depth 2.  Where every successor sits at offset 1 the whole budget is realized.
  [PASS] K3a [THE WIDTH VERDICT] **SPRINKLING-GRADE WIDTH FROM PURE INTERACTION.**  The k = 4 DOUBLE GRID carries max |D| = 16 at d = 2 — at or above the genuine sprinkling floor of 10 and inside the measured sprinkling range [10, 17] — with every witnessing chart read from the COMMITTED d47a `sky`, every direction verified ordered after the base in the COMMITTED `poset_of` order and sitting exactly two height layers above it, and every direction's P-paths printed.  The base is an arbitration over FOUR DISTINCT PROPOSERS whose four depth-1 successors are themselves four-proposer ARBITRATIONS.  The predicate is the width census itself, computed from the sweep and compared with the RE-RUN sprinkling range, not with a typed number  (headline max |D| = 16 at d = 2 (16 at d = 3) vs sprinkling range (10, 17); witnessing charts = 3, all verified against the committed sky and order = True; records at or above the sprinkling floor = 2 of 9)

[K3b THE SMALLEST WITNESSES — ARBCHAIN*(m, k), and a CORRECTION TO D66's OWN BLUEPRINT.  D66's `arbchain(m, k)` docstring claims |D_e(2)| = k*m + 2*(k - m) 'sweeps the WHOLE interval [2k, k^2] as m runs 0..k', but its secondary arbitrations are hardcoded to THREE proposers and its gate only ever ran k = 3.  Both families are built here and both are measured]
    ARBCHAIN*(m=0, k=3): n= 17 actors= 6 hits=1 successors ['d', 'd', 'd'] out-degrees [2, 2, 2]; |D_e(2)| =  6  (refined prediction k*m + 2*(k-m) =  6, MET); Bl = 3, W4c bound 9
    ARBCHAIN*(m=1, k=3): n= 25 actors= 7 hits=1 successors ['r', 'd', 'd'] out-degrees [3, 2, 2]; |D_e(2)| =  7  (refined prediction k*m + 2*(k-m) =  7, MET); Bl = 3, W4c bound 9
    ARBCHAIN*(m=2, k=3): n= 33 actors= 8 hits=1 successors ['r', 'r', 'd'] out-degrees [3, 3, 2]; |D_e(2)| =  8  (refined prediction k*m + 2*(k-m) =  8, MET); Bl = 3, W4c bound 9
    ARBCHAIN*(m=3, k=3): n= 41 actors= 9 hits=1 successors ['r', 'r', 'r'] out-degrees [3, 3, 3]; |D_e(2)| =  9  (refined prediction k*m + 2*(k-m) =  9, MET); Bl = 3, W4c bound 9
    ARBCHAIN*(m=0, k=4): n= 22 actors= 8 hits=1 successors ['d', 'd', 'd', 'd'] out-degrees [2, 2, 2, 2]; |D_e(2)| =  8  (refined prediction k*m + 2*(k-m) =  8, MET); Bl = 4, W4c bound 16
    ARBCHAIN*(m=1, k=4): n= 33 actors=10 hits=1 successors ['r', 'd', 'd', 'd'] out-degrees [4, 2, 2, 2]; |D_e(2)| = 10  (refined prediction k*m + 2*(k-m) = 10, MET); Bl = 4, W4c bound 16
    ARBCHAIN*(m=2, k=4): n= 44 actors=12 hits=1 successors ['r', 'r', 'd', 'd'] out-degrees [4, 4, 2, 2]; |D_e(2)| = 12  (refined prediction k*m + 2*(k-m) = 12, MET); Bl = 4, W4c bound 16
    ARBCHAIN*(m=3, k=4): n= 55 actors=14 hits=1 successors ['r', 'r', 'r', 'd'] out-degrees [4, 4, 4, 2]; |D_e(2)| = 14  (refined prediction k*m + 2*(k-m) = 14, MET); Bl = 4, W4c bound 16
    ARBCHAIN*(m=4, k=4): n= 66 actors=16 hits=1 successors ['r', 'r', 'r', 'r'] out-degrees [4, 4, 4, 4]; |D_e(2)| = 16  (refined prediction k*m + 2*(k-m) = 16, MET); Bl = 4, W4c bound 16
    ARBCHAIN*(m=0, k=5): n= 27 actors=10 hits=1 successors ['d', 'd', 'd', 'd', 'd'] out-degrees [2, 2, 2, 2, 2]; |D_e(2)| = 10  (refined prediction k*m + 2*(k-m) = 10, MET); Bl = 5, W4c bound 25
    ARBCHAIN*(m=1, k=5): n= 41 actors=13 hits=1 successors ['r', 'd', 'd', 'd', 'd'] out-degrees [5, 2, 2, 2, 2]; |D_e(2)| =  9  (refined prediction k*m + 2*(k-m) = 13, NOT MET); Bl = 5, W4c bound 25
    ARBCHAIN*(m=2, k=5): n= 55 actors=16 hits=1 successors ['r', 'r', 'd', 'd', 'd'] out-degrees [5, 5, 2, 2, 2]; |D_e(2)| = 12  (refined prediction k*m + 2*(k-m) = 16, NOT MET); Bl = 5, W4c bound 25
    ARBCHAIN*(m=3, k=5): n= 69 actors=19 hits=1 successors ['r', 'r', 'r', 'd', 'd'] out-degrees [5, 5, 5, 2, 2]; |D_e(2)| = 15  (refined prediction k*m + 2*(k-m) = 19, NOT MET); Bl = 5, W4c bound 25
    ARBCHAIN*(m=4, k=5): n= 83 actors=22 hits=1 successors ['r', 'r', 'r', 'r', 'd'] out-degrees [5, 5, 5, 5, 2]; |D_e(2)| = 18  (refined prediction k*m + 2*(k-m) = 22, NOT MET); Bl = 5, W4c bound 25
    ARBCHAIN*(m=5, k=5): n= 97 actors=25 hits=1 successors ['r', 'r', 'r', 'r', 'r'] out-degrees [5, 5, 5, 5, 5]; |D_e(2)| = 17  (refined prediction k*m + 2*(k-m) = 25, NOT MET); Bl = 5, W4c bound 25
    d66 ARBCHAIN(m=0, k=4): n= 22 actors= 8 hits=1 successors ['d', 'd', 'd', 'd'] out-degrees [2, 2, 2, 2]; |D_e(2)| =  8  (refined prediction k*m + 2*(k-m) =  8, MET); Bl = 4, W4c bound 16
    d66 ARBCHAIN(m=1, k=4): n= 30 actors= 9 hits=1 successors ['r', 'd', 'd', 'd'] out-degrees [3, 2, 2, 2]; |D_e(2)| =  9  (refined prediction k*m + 2*(k-m) = 10, NOT MET); Bl = 4, W4c bound 16
    d66 ARBCHAIN(m=2, k=4): n= 38 actors=10 hits=1 successors ['r', 'r', 'd', 'd'] out-degrees [3, 3, 2, 2]; |D_e(2)| = 10  (refined prediction k*m + 2*(k-m) = 12, NOT MET); Bl = 4, W4c bound 16
    d66 ARBCHAIN(m=3, k=4): n= 46 actors=11 hits=1 successors ['r', 'r', 'r', 'd'] out-degrees [3, 3, 3, 2]; |D_e(2)| = 11  (refined prediction k*m + 2*(k-m) = 14, NOT MET); Bl = 4, W4c bound 16
    d66 ARBCHAIN(m=4, k=4): n= 54 actors=12 hits=1 successors ['r', 'r', 'r', 'r'] out-degrees [3, 3, 3, 3]; |D_e(2)| = 12  (refined prediction k*m + 2*(k-m) = 16, NOT MET); Bl = 4, W4c bound 16
    d66 ARBCHAIN(m=0, k=5): n= 27 actors=10 hits=1 successors ['d', 'd', 'd', 'd', 'd'] out-degrees [2, 2, 2, 2, 2]; |D_e(2)| = 10  (refined prediction k*m + 2*(k-m) = 10, MET); Bl = 5, W4c bound 25
    d66 ARBCHAIN(m=1, k=5): n= 35 actors=11 hits=1 successors ['r', 'd', 'd', 'd', 'd'] out-degrees [3, 2, 2, 2, 2]; |D_e(2)| = 11  (refined prediction k*m + 2*(k-m) = 13, NOT MET); Bl = 5, W4c bound 25
    d66 ARBCHAIN(m=2, k=5): n= 43 actors=12 hits=1 successors ['r', 'r', 'd', 'd', 'd'] out-degrees [3, 3, 2, 2, 2]; |D_e(2)| = 12  (refined prediction k*m + 2*(k-m) = 16, NOT MET); Bl = 5, W4c bound 25
    d66 ARBCHAIN(m=3, k=5): n= 51 actors=13 hits=1 successors ['r', 'r', 'r', 'd', 'd'] out-degrees [3, 3, 3, 2, 2]; |D_e(2)| = 13  (refined prediction k*m + 2*(k-m) = 19, NOT MET); Bl = 5, W4c bound 25
    d66 ARBCHAIN(m=4, k=5): n= 59 actors=14 hits=1 successors ['r', 'r', 'r', 'r', 'd'] out-degrees [3, 3, 3, 3, 2]; |D_e(2)| = 14  (refined prediction k*m + 2*(k-m) = 22, NOT MET); Bl = 5, W4c bound 25
    d66 ARBCHAIN(m=5, k=5): n= 67 actors=15 hits=1 successors ['r', 'r', 'r', 'r', 'r'] out-degrees [3, 3, 3, 3, 3]; |D_e(2)| = 15  (refined prediction k*m + 2*(k-m) = 25, NOT MET); Bl = 5, W4c bound 25
    ARBCHAIN* at k = 3 gives [6, 7, 8, 9] — D66's committed 6, 7, 8, 9 exactly, so the corrected blueprint is a strict generalization that AGREES with its parent where the parent was gated.
    ARBCHAIN* at k = 4 gives [8, 10, 12, 14, 16] = k*m + 2*(k-m) = 8, 10, 12, 14, 16: the WHOLE interval [2k, k^2] = [8, 16] is occupied and W4c's k^2 = 16 is SATURATED in a 66-event record over 16 actors.
    D66's OWN `arbchain` at k = 4 gives [8, 9, 10, 11, 12], which is [8, 9, 10, 11, 12] = 3m + 2(k - m) and NOT k*m + 2*(k - m): its secondary arbitrations have THREE proposers whatever k is (its out-degree columns above read 3, never 4).  D66's NOTE and D66's GATE are both k = 3 statements and neither is touched; what is corrected here is the BLUEPRINT's claim to general k.
    AT k = 5 THE CEILING IS NOT REACHED BY EITHER FAMILY: ARBCHAIN* gives [10, 9, 12, 15, 18, 17] against the refined prediction [10, 13, 16, 19, 22, 25] and the ceiling k^2 = 25.  The reason is printed in the out-degree/height columns above — the longer bootstrap delivery chains at k = 5 push some depth-1 successors off height + 1, and a chart counts only what sits at EXACTLY height + 2.  So: the k^2 ceiling is REALIZED at k = 3 and k = 4 and UNREALIZED at k = 5 by every schedule this unit built.
  [PASS] K3b THE REFINED BOUND IS EXACTLY RIGHT AT k = 4 AND THE WHOLE INTERVAL [2k, k^2] = [8, 16] IS OCCUPIED BY FORCED, MENU-OFFERED RECORDS — 8, 10, 12, 14, 16 at m = 0..4 — while D66's own ARBCHAIN blueprint, whose docstring claims the same formula for general k, realizes 3m + 2(k - m) instead.  Both families are printed; the correction is to the blueprint's generality, not to any gated D66 number (at k = 3 the two agree exactly: 6, 7, 8, 9)  (ARBCHAIN* meets k*m + 2*(k-m) at every m for k = 3 and k = 4 = True; k = 3 values [6, 7, 8, 9]; k = 4 values [8, 10, 12, 14, 16]; d66's k = 4 values [8, 9, 10, 11, 12] = 3m + 2(k-m) [8, 9, 10, 11, 12]; k = 5 values [10, 9, 12, 15, 18, 17] vs prediction [10, 13, 16, 19, 22, 25]; refusals over all 26 chains = 0)

[K3c WHAT THE SCHEDULE'S PHASE SEPARATION IS WORTH — V1 against V4, the SAME objects with the arbitration order interleaved]
    DOUBLE-GRID(g=3,R=2)             n= 72 max|D| d2= 9 d3= 9 homog d2=0.4444   vs   DGRID-INTERLEAVED(g=3,R=2)       n= 72 max|D| d2= 5 d3= 6 homog d2=0.2361
    DOUBLE-GRID(g=4,R=2)             n=120 max|D| d2=16 d3=16 homog d2=0.4083   vs   DGRID-INTERLEAVED(g=4,R=2)       n=120 max|D| d2= 7 d3= 7 homog d2=0.2583
    READ IT.  V4 has the same actors, the same 2g lineages, the same bootstrap, the same 2g^2 proposals and the same 2g arbitrations per round, and ZERO in-round deliveries — it differs from V1 in NOTHING but the ORDER of the arbitrations inside a round.  Interleaving them destroys the width.  So what buys the k^2 chart is not concurrency alone but the PHASE SEPARATION that puts every row arbitration one layer below every column arbitration of the same round: only then does each proposer register of a row arbitration get consumed by a k-proposer arbitration AT HEIGHT + 1.
  [PASS] K3c THE WIDTH IS A PROPERTY OF THE SCHEDULE'S PHASE SEPARATION, NOT OF CONCURRENCY ALONE, AND THE CONTROL IS A ONE-LINE CHANGE.  Interleaving the row and column arbitrations of a round — same actors, same lineages, same bootstrap, same events, same zero in-round deliveries — collapses max |D| at both g = 3 and g = 4. D66's design finding ('what a second direction needs is a second CONCURRENT consumer') is therefore refined: the consumer must also sit at height + 1  (DOUBLE-GRID(g=3,R=2) 9 -> DGRID-INTERLEAVED(g=3,R=2) 5; DOUBLE-GRID(g=4,R=2) 16 -> DGRID-INTERLEAVED(g=4,R=2) 7)

[K1d THE FULL-MENU REPLAY (D60's C1 grade) — every step re-driven with ALL actors offered, against a PRINTED budget]
    ARBCHAIN*(m=0,k=4)               ( 22 events,  8 actors): OK at step 22/22, max hits per specification = 1, widest full menu = 164 candidates  [0.4s]
    ARBCHAIN*(m=4,k=4)               ( 66 events, 16 actors): OK at step 66/66, max hits per specification = 1, widest full menu = 896 candidates  [45.7s]
    DOUBLE-GRID(g=3,R=2)             ( 72 events,  9 actors): OK at step 72/72, max hits per specification = 1, widest full menu = 536 candidates  [89.7s]
    DOUBLE-GRID(g=4,R=2)             (120 events, 16 actors): BUDGET-CUT at step 71/120, max hits per specification = 1, widest full menu = 1056 candidates  [152.6s]
  [PASS] K1d [C1 GRADE] ADMISSIBLE AGAINST THE UNRESTRICTED LAYER.  Replayed with ALL actors offered at every step, every specification is OFFERED among the hundreds of candidates the layer enumerates and matches EXACTLY ONE — no step refused, none ambiguous.  A COMPLETE k = 4 WIDE record is replayed END TO END: ARBCHAIN*(m=4, k=4), the 16-direction witness itself.  The headline DOUBLE-GRID(4, 2) carries a PRINTED budget and its cut point is reported, never hidden; WHERE THE PREFIX BITES is said out loud — the restricted-menu drive of K1a already establishes admissibility of every event against the whole prefix, so what a cut tail lacks is exactly the 'offered among ALL actors' property, which is what D60's C1 grade is.  AND THE REPLAY INSTRUMENT IS ANCHORED IN PASSING: DOUBLE-GRID(3, 2) is replayed 72/72 at widest menu 536 candidates, D66's committed figures to the digit  (ARBCHAIN*(m=0,k=4): OK step 22 hits 1 menu 164; ARBCHAIN*(m=4,k=4): OK step 66 hits 1 menu 896; DOUBLE-GRID(g=3,R=2): OK step 72 hits 1 menu 536; DOUBLE-GRID(g=4,R=2): BUDGET-CUT step 71 hits 1 menu 1056)

[K4 THE BAND QUESTION AT BOTH DEPTHS — is any k = 4 record IN-BAND while WIDE?  (D66's flagship managed it at d = 3 with max |D| = 9; the pin's honest lean is that the budget bound thins conflicts as k grows, so band membership should get HARDER)]
    record                            k max|D| d2   d3   homog d2    pos   homog d3    pos  interior d2 interior d3
    DOUBLE-GRID(g=4,R=1)              4         4    7     0.3250  below     0.4625  below       0.4038      0.6154
    DOUBLE-GRID(g=4,R=2)              4        16   16     0.4083  below     0.5417  below       0.4125      0.7500
    DOUBLE-GRID(g=4,R=3)              4        16   16     0.4562  below     0.6562  below       0.4750      0.8333
    DOUBLE-GRID(g=3,R=2)              3         9    9     0.4444  below     0.6389  below       0.5111      0.9333
    DOUBLE-GRID(g=3,R=4)              3         9    9     0.5167  below     0.7833    IN        0.5699      0.9677
    DGRID-INTERLEAVED(g=3,R=2)        3         5    6     0.2361  below     0.2917  below       0.2982      0.2982
    DGRID-INTERLEAVED(g=4,R=2)        4         7    7     0.2583  below     0.3250  below       0.3069      0.3366
    CONFLICT-GRID(g=4,R=4)            4         8    8     0.4483  below     0.5517  below       0.5263      0.5789
    CONFLICT-GRID(g=4,R=6)            4         8    8     0.4667  below     0.5778  below       0.5143      0.6000
    THE R-TREND (homogeneity rises with rounds at both g):
      g = 4: R=1 d2 0.3250 [below] d3 0.4625 [below] max|D| 4, R=2 d2 0.4083 [below] d3 0.5417 [below] max|D| 16, R=3 d2 0.4562 [below] d3 0.6562 [below] max|D| 16
      g = 3: R=2 d2 0.4444 [below] d3 0.6389 [below] max|D| 9, R=4 d2 0.5167 [below] d3 0.7833 [IN ] max|D| 9
    IN-BAND k = 4 RECORDS: d = 2 [], d = 3 []; under the INTERIOR control: d = 2 [], d = 3 ['DOUBLE-GRID(g=4,R=2)'].
    THE MECHANISM, MEASURED RATHER THAN GUESSED: the pin's lean was that the budget bound 1/(k+1) thins conflicts as k grows.  The k = 4 conflict share IS 1/5 against k = 3's 1/4 (K1c), and the width histograms of K3 show WHERE the homogeneity goes: the k = 4 records carry a large population of width-0 and width-1 charts (the bootstrap deliveries and the round's proposals) against a handful of very wide ones.  A wider record at fixed round count is a MORE heterogeneous record.
    THE ANSWER HAS TWO HALVES AND BOTH ARE STATED.  On the WHOLE record, no k = 4 record is in band at either depth: in-band-AND-sprinkling-grade-wide = d2 [], d3 [].  Under D60's OWN INTERIOR EXCISION — the control D66 used to answer its own residue 2, applied here to every record at both depths (K2c) — in-band-AND-wide = d2 [], d3 ['DOUBLE-GRID(g=4,R=2)'].
  [PASS] K4 [THE BAND VERDICT] **UNIFORMITY DOES NOT SURVIVE THE WIDTH AT k = 4 ON THE WHOLE RECORD — BUT IT DOES ON THE INTERIOR.**  The two halves, both measured, neither elided.  (i) NO swept k = 4 record is inside the recomputed sprinkling homogeneity band at either depth, so the pin's honest lean is CONFIRMED for whole records: k = 3 buys 9 directions and d = 3 band membership together (D66's flagship, re-run here at 47/60), k = 4 buys 16 and is out of band at both depths at every R this receipt could afford.  (ii) Under D60's OWN interior excision — the control D66 used to ANSWER its own residue 2, run here on every record at both depths — DOUBLE-GRID(4, 2) moves INTO the d = 3 band (0.5417 -> 0.7500) while its max |D| is unchanged at 16, so the campaign's first sprinkling-grade-wide-AND-in-band object exists at the SAME grade of evidence at which D66 closed its residue 2, and the shortfall of the whole record is to that extent an ENDS effect.  What does NOT happen at k = 4 is what happened at k = 3: no WHOLE k = 4 record is in band.  The predicate is band membership computed against the RE-RUN sprinkling band, with the interior control beside it.  THE NEGATIVE IS NOT AN ARTEFACT OF A MIS-SET BAND, and the gate says so: the SAME pipeline, the SAME re-run band and the SAME depth put D66's committed k = 3 flagship DOUBLE-GRID(3, 4) INSIDE the d = 3 band while it carries max |D| = 9 — so the instrument demonstrably CAN detect 'in-band and wide' where it exists, and the k = 4 rows are a measurement rather than a blind spot  (k = 4 records = 6; in band at d = 2 = 0, at d = 3 = 0; in band AND at/above the sprinkling width floor = d2 [] d3 []; the SAME on the INTERIOR = d2 [] d3 ['DOUBLE-GRID(g=4,R=2)']; the g = 3 anchor DOUBLE-GRID(3,4) is at d = 3 homogeneity 47/60 [IN ] with max |D| = 9)

[K5 THE COBOUNDARY GATE — D64's C7, BOTH ROUTES, at five port conventions, plus the convention-comparable PARITY route and the FREE-RELABELLING route.  The gauge question rides along at zero marginal cost and the pin declares NO LEAN either way]
  THE PORT CONVENTIONS FOR 5-REGISTER EVENTS (a k = 4 arbitration carries four
  proposers plus the minted version), all five run, all defined in D66 and
  imported here unmodified: REG (the layer's own tuple order), REGA (all
  registers sorted by name), ARBLOSE (losers, winners, version), ARBVFIRST
  (version first), COV (the register-free surrogate, the only one also defined
  on sprinklings).

  [K5a INSTRUMENT VALIDATION (D64's C0b) — re-run on every k = 4 record: P is `event_poset`'s own generating relation and its transitive closure must BE the committed order]
      ARBCHAIN*(m=4,k=4)               n=  66 reg_tuple != regs_of at 0; #P-successors <= |regs_of| = True; closure(P) == committed order = True; P-edges 80, covers 80, height-skipping 0
      CONFLICT-GRID(g=4,R=4)           n= 116 reg_tuple != regs_of at 0; #P-successors <= |regs_of| = True; closure(P) == committed order = True; P-edges 184, covers 184, height-skipping 0
      DGRID-INTERLEAVED(g=4,R=2)       n= 120 reg_tuple != regs_of at 0; #P-successors <= |regs_of| = True; closure(P) == committed order = True; P-edges 176, covers 158, height-skipping 18
      DOUBLE-GRID(g=3,R=4)             n= 120 reg_tuple != regs_of at 0; #P-successors <= |regs_of| = True; closure(P) == committed order = True; P-edges 171, covers 171, height-skipping 0
      DOUBLE-GRID(g=4,R=1)             n=  80 reg_tuple != regs_of at 0; #P-successors <= |regs_of| = True; closure(P) == committed order = True; P-edges 112, covers 112, height-skipping 0
      DOUBLE-GRID(g=4,R=2)             n= 120 reg_tuple != regs_of at 0; #P-successors <= |regs_of| = True; closure(P) == committed order = True; P-edges 176, covers 176, height-skipping 0
      DR(8,10,8)                       n= 177 reg_tuple != regs_of at 0; #P-successors <= |regs_of| = True; closure(P) == committed order = True; P-edges 335, covers 328, height-skipping 7
  [PASS] K5a [ANCHOR] THE COCYCLE INSTRUMENT IS VALIDATED ON THE k = 4 SUBSTRATES, NOT ASSUMED.  On every k = 4 record and every control: `reg_tuple` is `regs_of` with an order; each event has at most |regs_of| P-successors; THE TRANSITIVE CLOSURE OF P EQUALS the committed order `poset_of`; the covering relation is contained in P; the COV surrogate's own closure is the committed order on every substrate including the sprinklings; and D66's `my_ord_tuple` reproduces D64's own `ord_tuple` value for value on every event at both committed conventions  (grammar substrates validated = 7; closure == order everywhere = True; reg_tuple == regs_of = True; successor bound = True; COV closure and cover containment = True; ord_tuple agrees with d64 = True)

  [K5b THE TRANSITION CENSUS — 74 cells (substrate x instrument x depth)  [18.7s]]
      substrate                        inst       d  charts  wide  pairs  triples    ROLE id/non   classes
      ARBCHAIN*(m=4,k=4)               REG        2      19    10      7        2      5/2       {'identity': 5, 'other': 2}
      ARBCHAIN*(m=4,k=4)               REG        3      21    15     20       13      3/17      {'identity': 3, 'length-changing': 11}
      ARBCHAIN*(m=4,k=4)               REGA       2      19    10      7        2      5/2       {'identity': 5, 'other': 2}
      ARBCHAIN*(m=4,k=4)               REGA       3      21    15     20       13      3/17      {'identity': 3, 'length-changing': 11}
      ARBCHAIN*(m=4,k=4)               ARBLOSE    2      19    10      7        2      3/4       {'identity': 3, 'other': 4}
      ARBCHAIN*(m=4,k=4)               ARBLOSE    3      21    15     20       13      3/17      {'identity': 3, 'length-changing': 11}
      ARBCHAIN*(m=4,k=4)               ARBVFIRST  2      19    10      7        2      3/4       {'identity': 3, 'other': 2, 'tau': 2}
      ARBCHAIN*(m=4,k=4)               ARBVFIRST  3      21    15     20       13      3/17      {'identity': 3, 'length-changing': 11}
      ARBCHAIN*(m=4,k=4)               COV        2      19    10      7        2      5/2       {'identity': 5, 'other': 2}
      ARBCHAIN*(m=4,k=4)               COV        3      21    15     20       13      3/17      {'identity': 3, 'length-changing': 11}
      CONFLICT-GRID(g=4,R=4)           REG        2      52    17     52       67     43/9       {'identity': 43, 'length-changing': 9}
      CONFLICT-GRID(g=4,R=4)           REG        3      64    40    158      340     60/98      {'identity': 58, 'length-changing': 90}
      CONFLICT-GRID(g=4,R=4)           REGA       2      52    17     52       67     43/9       {'identity': 43, 'length-changing': 9}
      CONFLICT-GRID(g=4,R=4)           REGA       3      64    40    158      340     60/98      {'identity': 58, 'length-changing': 90}
      CONFLICT-GRID(g=4,R=4)           ARBLOSE    2      52    17     52       67     16/36      {'identity': 16, 'length-changing': 9, 'other': 27}
      CONFLICT-GRID(g=4,R=4)           ARBLOSE    3      64    40    158      340     32/126     {'identity': 32, 'length-changing': 90, 'other': 26}
      CONFLICT-GRID(g=4,R=4)           ARBVFIRST  2      52    17     52       67     43/9       {'identity': 43, 'length-changing': 9}
      CONFLICT-GRID(g=4,R=4)           ARBVFIRST  3      64    40    158      340     60/98      {'identity': 58, 'length-changing': 90}
      CONFLICT-GRID(g=4,R=4)           COV        2      52    17     52       67     43/9       {'identity': 43, 'length-changing': 9}
      CONFLICT-GRID(g=4,R=4)           COV        3      64    40    158      340     60/98      {'identity': 58, 'length-changing': 90}
      DGRID-INTERLEAVED(g=4,R=2)       REG        2      31    10      7        1      7/0       {'identity': 7}
      DGRID-INTERLEAVED(g=4,R=2)       REG        3      39    15     29       12      8/21      {'identity': 8, 'length-changing': 18}
      DGRID-INTERLEAVED(g=4,R=2)       REGA       2      31    10      7        1      6/1       {'identity': 6, 'tau': 1}
      DGRID-INTERLEAVED(g=4,R=2)       REGA       3      39    15     29       12      7/22      {'identity': 7, 'length-changing': 18, 'tau': 1}
      DGRID-INTERLEAVED(g=4,R=2)       ARBLOSE    2      31    10      7        1      5/2       {'identity': 5, 'other': 2}
      DGRID-INTERLEAVED(g=4,R=2)       ARBLOSE    3      39    15     29       12      6/23      {'identity': 6, 'length-changing': 18, 'other': 2}
      DGRID-INTERLEAVED(g=4,R=2)       ARBVFIRST  2      31    10      7        1      5/2       {'identity': 5, 'tau': 2}
      DGRID-INTERLEAVED(g=4,R=2)       ARBVFIRST  3      39    15     29       12      6/23      {'identity': 6, 'length-changing': 18, 'other': 2}
      DGRID-INTERLEAVED(g=4,R=2)       COV        2      31    10      7        1      7/0       {'identity': 7}
      DGRID-INTERLEAVED(g=4,R=2)       COV        3      39    15     29       12     10/19      {'identity': 10, 'length-changing': 19}
      DOUBLE-GRID(g=3,R=4)             REG        2      62    11    135      275    133/2       {'identity': 133, 'length-changing': 2}
      DOUBLE-GRID(g=3,R=4)             REG        3      94    39    262      536    233/29      {'identity': 233, 'length-changing': 28, 'tau': 1}
      DOUBLE-GRID(g=3,R=4)             REGA       2      62    11    135      275    133/2       {'identity': 133, 'length-changing': 2}
      DOUBLE-GRID(g=3,R=4)             REGA       3      94    39    262      536    234/28      {'identity': 234, 'length-changing': 28}
      DOUBLE-GRID(g=3,R=4)             ARBLOSE    2      62    11    135      275     32/103     {'identity': 32, 'length-changing': 2, 'other': 101}
      DOUBLE-GRID(g=3,R=4)             ARBLOSE    3      94    39    262      536     56/206     {'identity': 56, 'length-changing': 28, 'other': 177, 'tau': 1}
      DOUBLE-GRID(g=3,R=4)             ARBVFIRST  2      62    11    135      275    133/2       {'identity': 133, 'length-changing': 2}
      DOUBLE-GRID(g=3,R=4)             ARBVFIRST  3      94    39    262      536    233/29      {'identity': 233, 'length-changing': 28, 'tau': 1}
      DOUBLE-GRID(g=3,R=4)             COV        2      62    11    135      275    133/2       {'identity': 133, 'length-changing': 2}
      DOUBLE-GRID(g=3,R=4)             COV        3      94    39    262      536    234/28      {'identity': 234, 'length-changing': 28}
      DOUBLE-GRID(g=4,R=1)             REG        2      26     9     14       10     10/4       {'identity': 10, 'length-changing': 4}
      DOUBLE-GRID(g=4,R=1)             REG        3      37    19     62      124     25/37      {'identity': 25, 'length-changing': 37}
      DOUBLE-GRID(g=4,R=1)             REGA       2      26     9     14       10      9/5       {'identity': 9, 'length-changing': 4, 'tau': 1}
      DOUBLE-GRID(g=4,R=1)             REGA       3      37    19     62      124     24/38      {'identity': 24, 'length-changing': 37, 'tau': 1}
      DOUBLE-GRID(g=4,R=1)             ARBLOSE    2      26     9     14       10      5/9       {'identity': 5, 'length-changing': 4, 'other': 5}
      DOUBLE-GRID(g=4,R=1)             ARBLOSE    3      37    19     62      124      7/55      {'identity': 7, 'length-changing': 37, 'other': 18}
      DOUBLE-GRID(g=4,R=1)             ARBVFIRST  2      26     9     14       10     10/4       {'identity': 10, 'length-changing': 4}
      DOUBLE-GRID(g=4,R=1)             ARBVFIRST  3      37    19     62      124     25/37      {'identity': 25, 'length-changing': 37}
      DOUBLE-GRID(g=4,R=1)             COV        2      26     9     14       10     10/4       {'identity': 10, 'length-changing': 4}
      DOUBLE-GRID(g=4,R=1)             COV        3      37    19     62      124     25/37      {'identity': 25, 'length-changing': 37}
      DOUBLE-GRID(g=4,R=2)             REG        2      49    32    137      571    133/4       {'identity': 133, 'length-changing': 4}
      DOUBLE-GRID(g=4,R=2)             REG        3      65    47    201      699    160/41      {'identity': 160, 'length-changing': 41}
      DOUBLE-GRID(g=4,R=2)             REGA       2      49    32    137      571    132/5       {'identity': 132, 'length-changing': 4, 'tau': 1}
      DOUBLE-GRID(g=4,R=2)             REGA       3      65    47    201      699    159/42      {'identity': 159, 'length-changing': 41, 'tau': 1}
      DOUBLE-GRID(g=4,R=2)             ARBLOSE    2      49    32    137      571     29/108     {'identity': 29, 'length-changing': 4, 'other': 104}
      DOUBLE-GRID(g=4,R=2)             ARBLOSE    3      65    47    201      699     32/169     {'identity': 32, 'length-changing': 41, 'other': 128}
      DOUBLE-GRID(g=4,R=2)             ARBVFIRST  2      49    32    137      571    133/4       {'identity': 133, 'length-changing': 4}
      DOUBLE-GRID(g=4,R=2)             ARBVFIRST  3      65    47    201      699    160/41      {'identity': 160, 'length-changing': 41}
      DOUBLE-GRID(g=4,R=2)             COV        2      49    32    137      571    133/4       {'identity': 133, 'length-changing': 4}
      DOUBLE-GRID(g=4,R=2)             COV        3      65    47    201      699    160/41      {'identity': 160, 'length-changing': 41}
      DR(8,10,8)                       REG        2     141    59    172      111     57/115     {'identity': 30, 'length-changing': 7, 'tau': 108}
      DR(8,10,8)                       REG        3     137   119    273      202     54/219     {'identity': 2, 'length-changing': 2}
      DR(8,10,8)                       REGA       2     141    59    172      111     85/87      {'identity': 58, 'length-changing': 7, 'tau': 80}
      DR(8,10,8)                       REGA       3     137   119    273      202    105/168     {'identity': 2, 'length-changing': 2}
      DR(8,10,8)                       ARBLOSE    2     141    59    172      111     57/115     {'identity': 30, 'length-changing': 7, 'tau': 108}
      DR(8,10,8)                       ARBLOSE    3     137   119    273      202     54/219     {'identity': 2, 'length-changing': 2}
      DR(8,10,8)                       ARBVFIRST  2     141    59    172      111     57/115     {'identity': 30, 'length-changing': 7, 'tau': 108}
      DR(8,10,8)                       ARBVFIRST  3     137   119    273      202     54/219     {'identity': 2, 'length-changing': 2}
      DR(8,10,8)                       COV        2     141    59    172      111     85/87      {'identity': 58, 'length-changing': 7, 'tau': 80}
      DR(8,10,8)                       COV        3     137   119    273      202    105/168     {'identity': 2, 'length-changing': 3}
      M21                              COV        2      87    60    247      420      3/244     {'identity': 3, 'length-changing': 62, 'other': 35}
      M21                              COV        3      98    79    383      938      1/382     {'identity': 1, 'length-changing': 27, 'other': 12, 'tau+sigma': 1}
      M31                              COV        2      82    60    370     1045      4/366     {'identity': 4, 'length-changing': 105, 'other': 64}
      M31                              COV        3      91    83    518     1983      2/516     {'identity': 2, 'length-changing': 48, 'other': 49}
  [PASS] K5b THE CENSUS AND THE COCYCLE.  The P-path enumeration reaches EXACTLY SKY-B's direction set at every base event of every substrate at both depths (so the coordinates cover the charts and nothing else), every overlapping chart pair is same-height, and the fibre-map cocycle has ZERO violations wherever it is defined — with the coverage reported rather than assumed: the testable triple count is printed per cell and a zero there is a DEAD test, not a passed one  (cells = 74; P-reach == SKY-B everywhere = True; cross-height overlapping pairs = 0; cocycle triples tested with a defined composition = 14383, VIOLATIONS = 0)

  [K5c THE ARTIFACT PROBES (D64's C2b) — a labeling can produce a flat atlas for reasons that have nothing to do with geometry]
      PROBE 1 ARBCHAIN*(m=4,k=4)               REG d=2: directions seen by >= 2 charts = 12, of which the label is CONSTANT across charts = 8 (RAW: 0)
      PROBE 1 ARBCHAIN*(m=4,k=4)               REG d=3: directions seen by >= 2 charts = 23, of which the label is CONSTANT across charts = 5 (RAW: 0)
      PROBE 1 CONFLICT-GRID(g=4,R=4)           REG d=2: directions seen by >= 2 charts = 36, of which the label is CONSTANT across charts = 24 (RAW: 0)
      PROBE 1 CONFLICT-GRID(g=4,R=4)           REG d=3: directions seen by >= 2 charts = 56, of which the label is CONSTANT across charts = 12 (RAW: 0)
      PROBE 1 DGRID-INTERLEAVED(g=4,R=2)       REG d=2: directions seen by >= 2 charts = 14, of which the label is CONSTANT across charts = 11 (RAW: 0)
      PROBE 1 DGRID-INTERLEAVED(g=4,R=2)       REG d=3: directions seen by >= 2 charts = 31, of which the label is CONSTANT across charts = 10 (RAW: 0)
      PROBE 1 DOUBLE-GRID(g=3,R=4)             REG d=2: directions seen by >= 2 charts = 44, of which the label is CONSTANT across charts = 41 (RAW: 0)
      PROBE 1 DOUBLE-GRID(g=3,R=4)             REG d=3: directions seen by >= 2 charts = 91, of which the label is CONSTANT across charts = 75 (RAW: 0)
      PROBE 1 DOUBLE-GRID(g=4,R=1)             REG d=2: directions seen by >= 2 charts = 16, of which the label is CONSTANT across charts = 9 (RAW: 0)
      PROBE 1 DOUBLE-GRID(g=4,R=1)             REG d=3: directions seen by >= 2 charts = 31, of which the label is CONSTANT across charts = 10 (RAW: 0)
      PROBE 1 DOUBLE-GRID(g=4,R=2)             REG d=2: directions seen by >= 2 charts = 36, of which the label is CONSTANT across charts = 29 (RAW: 0)
      PROBE 1 DOUBLE-GRID(g=4,R=2)             REG d=3: directions seen by >= 2 charts = 71, of which the label is CONSTANT across charts = 34 (RAW: 0)
      PROBE 1 DR(8,10,8)                       REG d=2: directions seen by >= 2 charts = 120, of which the label is CONSTANT across charts = 58 (RAW: 0)
      PROBE 1 DR(8,10,8)                       REG d=3: directions seen by >= 2 charts = 134, of which the label is CONSTANT across charts = 4 (RAW: 0)
      PROBE 1 FIRES at 6 (labeling, substrate, instrument, depth) cells: [('ARBCHAIN*(m=4,k=4)', 'COV', 2, 'RAW'), ('ARBCHAIN*(m=4,k=4)', 'COV', 2, 'FIRST-raw'), ('CONFLICT-GRID(g=4,R=4)', 'ARBVFIRST', 2, 'FIRST-role'), ('CONFLICT-GRID(g=4,R=4)', 'COV', 2, 'FIRST-role'), ('CONFLICT-GRID(g=4,R=4)', 'REG', 2, 'FIRST-role'), ('CONFLICT-GRID(g=4,R=4)', 'REGA', 2, 'FIRST-role')]
      OF THOSE, the cells where the READ labeling (ROLE) is blind — EXCLUDED BY NAME from every convention-robustness sentence below: []
  [PASS] K5c THE PROBES DECIDE WHERE THE OUTCOME MAY BE READ, AND THEY ARE PRINTED AND ACTED ON RATHER THAN FOLDED AWAY.  The decisive reading — the k = 4 wide record's transition class — is made at the ROLE labeling, and the cells where PROBE 1 fires there are listed and excluded by name.  No outcome anywhere is read at RAW  (blind ROLE cells on the headline k = 4 record = 0 []; blind ROLE cells anywhere = 0 of 70; blind cells at any labeling = 6)

  [K5d VALIDATION OF THE TWO ADDED ROUTES (d47a's SG1 doctrine: a true positive AND a true negative, constructed, before either is pointed at a record)]
      PARITY route: an odd triangle (tau, identity, identity) -> 1 obstruction(s); an even triangle (tau, tau, identity) -> 0.  FREE-RELABELLING route: an inconsistent triangle -> 1; the consistent one -> 0.
  [PASS] K5d THE TWO ADDED ROUTES ARE NOT BLIND AND NOT TRIGGER-HAPPY, so a zero reported below is a measurement and not an instrument that cannot fire  ((parity positive, parity negative, free positive, free negative) = (1, 0, 1, 0))

  [K5e THE COBOUNDARY COMPUTATION — D64's `cochain` (both routes), at every convention, beside PARITY and FREE]
      substrate                        inst       d       gen  edges  comps  C7 OBS  C7 surv   cech t/v  PARITY e/OBS  FREE OBS/surv
      ARBCHAIN*(m=4,k=4)               REG        2 identity       5      3       0        0    1/0         7/0            0/0      
      ARBCHAIN*(m=4,k=4)               REG        3 identity       3      3       0        0    0/0         3/0            0/0      
      ARBCHAIN*(m=4,k=4)               REGA       2 identity       5      3       0        0    1/0         7/0            0/0      
      ARBCHAIN*(m=4,k=4)               REGA       3 identity       3      3       0        0    0/0         3/0            0/0      
      ARBCHAIN*(m=4,k=4)               ARBLOSE    2 identity       3      3       0        0    0/0         7/0            0/0      
      ARBCHAIN*(m=4,k=4)               ARBLOSE    3 identity       3      3       0        0    0/0         3/0            0/0      
      ARBCHAIN*(m=4,k=4)               ARBVFIRST  2       tau      5      3       0        0    1/0         7/0            0/0      
      ARBCHAIN*(m=4,k=4)               ARBVFIRST  3 identity       3      3       0        0    0/0         3/0            0/0      
      ARBCHAIN*(m=4,k=4)               COV        2 identity       5      3       0        0    1/0         7/0            0/0      
      ARBCHAIN*(m=4,k=4)               COV        3 identity       3      3       0        0    0/0         3/0            0/0      
      CONFLICT-GRID(g=4,R=4)           REG        2 identity      43      6       0        0   64/0        43/0            0/0      
      CONFLICT-GRID(g=4,R=4)           REG        3 identity      58     11       0        0   72/0        58/0            0/0      
      CONFLICT-GRID(g=4,R=4)           REGA       2 identity      43      6       0        0   64/0        43/0            0/0      
      CONFLICT-GRID(g=4,R=4)           REGA       3 identity      58     11       0        0   72/0        58/0            0/0      
      CONFLICT-GRID(g=4,R=4)           ARBLOSE    2 identity      16      6       0        0    8/0        43/0            0/0      
      CONFLICT-GRID(g=4,R=4)           ARBLOSE    3 identity      32     12       0        0   16/0        58/0            0/0      
      CONFLICT-GRID(g=4,R=4)           ARBVFIRST  2 identity      43      6       0        0   64/0        43/0            0/0      
      CONFLICT-GRID(g=4,R=4)           ARBVFIRST  3 identity      58     11       0        0   72/0        58/0            0/0      
      CONFLICT-GRID(g=4,R=4)           COV        2 identity      43      6       0        0   64/0        43/0            0/0      
      CONFLICT-GRID(g=4,R=4)           COV        3 identity      58     11       0        0   72/0        58/0            0/0      
      DGRID-INTERLEAVED(g=4,R=2)       REG        2 identity       7      4       0        0    1/0         7/0            0/0      
      DGRID-INTERLEAVED(g=4,R=2)       REG        3 identity       8      5       0        0    1/0         8/0            0/0      
      DGRID-INTERLEAVED(g=4,R=2)       REGA       2       tau      7      4       0        0    1/0         7/0            0/0      
      DGRID-INTERLEAVED(g=4,R=2)       REGA       3       tau      8      5       0        0    1/0         8/0            0/0      
      DGRID-INTERLEAVED(g=4,R=2)       ARBLOSE    2 identity       5      4       0        0    0/0         7/0            0/0      
      DGRID-INTERLEAVED(g=4,R=2)       ARBLOSE    3 identity       6      5       0        0    0/0         8/0            0/0      
      DGRID-INTERLEAVED(g=4,R=2)       ARBVFIRST  2       tau      7      4       0        0    1/0         7/0            0/0      
      DGRID-INTERLEAVED(g=4,R=2)       ARBVFIRST  3 identity       6      5       0        0    0/0         8/0            0/0      
      DGRID-INTERLEAVED(g=4,R=2)       COV        2 identity       7      4       0        0    1/0         7/0            0/0      
      DGRID-INTERLEAVED(g=4,R=2)       COV        3 identity      10      5       0        0    2/0        10/0            0/0      
      DOUBLE-GRID(g=3,R=4)             REG        2 identity     133      8       0        0  275/0       133/0            0/0      
      DOUBLE-GRID(g=3,R=4)             REG        3       tau    234     17       0        0  467/0       234/0            0/0      
      DOUBLE-GRID(g=3,R=4)             REGA       2 identity     133      8       0        0  275/0       133/0            0/0      
      DOUBLE-GRID(g=3,R=4)             REGA       3 identity     234     17       0        0  467/0       234/0            0/0      
      DOUBLE-GRID(g=3,R=4)             ARBLOSE    2 identity      32     12       0        0   10/0       133/33           0/0      
      DOUBLE-GRID(g=3,R=4)             ARBLOSE    3       tau     57     23       0        0   17/0       234/60           0/0      
      DOUBLE-GRID(g=3,R=4)             ARBVFIRST  2 identity     133      8       0        0  275/0       133/0            0/0      
      DOUBLE-GRID(g=3,R=4)             ARBVFIRST  3       tau    234     17       0        0  467/0       234/0            0/0      
      DOUBLE-GRID(g=3,R=4)             COV        2 identity     133      8       0        0  275/0       133/0            0/0      
      DOUBLE-GRID(g=3,R=4)             COV        3 identity     234     17       0        0  467/0       234/0            0/0      
      DOUBLE-GRID(g=4,R=1)             REG        2 identity      10      4       0        0    4/0        10/0            0/0      
      DOUBLE-GRID(g=4,R=1)             REG        3 identity      25      5       0        0   24/0        25/0            0/0      
      DOUBLE-GRID(g=4,R=1)             REGA       2       tau     10      4       0        0    4/0        10/0            0/0      
      DOUBLE-GRID(g=4,R=1)             REGA       3       tau     25      5       0        0   24/0        25/0            0/0      
      DOUBLE-GRID(g=4,R=1)             ARBLOSE    2 identity       5      4       0        0    0/0        10/2            0/0      
      DOUBLE-GRID(g=4,R=1)             ARBLOSE    3 identity       7      6       0        0    0/0        25/10           0/0      
      DOUBLE-GRID(g=4,R=1)             ARBVFIRST  2 identity      10      4       0        0    4/0        10/0            0/0      
      DOUBLE-GRID(g=4,R=1)             ARBVFIRST  3 identity      25      5       0        0   24/0        25/0            0/0      
      DOUBLE-GRID(g=4,R=1)             COV        2 identity      10      4       0        0    4/0        10/0            0/0      
      DOUBLE-GRID(g=4,R=1)             COV        3 identity      25      5       0        0   24/0        25/0            0/0      
      DOUBLE-GRID(g=4,R=2)             REG        2 identity     133      6       0        0  565/0       133/0            0/0      
      DOUBLE-GRID(g=4,R=2)             REG        3 identity     160      9       0        0  593/0       160/0            0/0      
      DOUBLE-GRID(g=4,R=2)             REGA       2       tau    133      6       0        0  565/0       133/0            0/0      
      DOUBLE-GRID(g=4,R=2)             REGA       3       tau    160      9       0        0  593/0       160/0            0/0      
      DOUBLE-GRID(g=4,R=2)             ARBLOSE    2 identity      29      8       0        0   16/0       133/51           0/0      
      DOUBLE-GRID(g=4,R=2)             ARBLOSE    3 identity      32     11       0        0   16/0       160/64           0/0      
      DOUBLE-GRID(g=4,R=2)             ARBVFIRST  2 identity     133      6       0        0  565/0       133/0            0/0      
      DOUBLE-GRID(g=4,R=2)             ARBVFIRST  3 identity     160      9       0        0  593/0       160/0            0/0      
      DOUBLE-GRID(g=4,R=2)             COV        2 identity     133      6       0        0  565/0       133/0            0/0      
      DOUBLE-GRID(g=4,R=2)             COV        3 identity     160      9       0        0  593/0       160/0            0/0      
      DR(8,10,8)                       REG        2       tau    138      9       0        0  108/0       138/0            0/0      
      DR(8,10,8)                       REG        3 identity       2      2       0        0    0/0         2/0            0/0      
      DR(8,10,8)                       REGA       2       tau    138      9       0        0  108/0       138/0            0/0      
      DR(8,10,8)                       REGA       3 identity       2      2       0        0    0/0         2/0            0/0      
      DR(8,10,8)                       ARBLOSE    2       tau    138      9       0        0  108/0       138/0            0/0      
      DR(8,10,8)                       ARBLOSE    3 identity       2      2       0        0    0/0         2/0            0/0      
      DR(8,10,8)                       ARBVFIRST  2       tau    138      9       0        0  108/0       138/0            0/0      
      DR(8,10,8)                       ARBVFIRST  3 identity       2      2       0        0    0/0         2/0            0/0      
      DR(8,10,8)                       COV        2       tau    138      9       0        0  108/0       138/0            0/0      
      DR(8,10,8)                       COV        3 identity       2      2       0        0    0/0         2/0            0/0      
      M21                              COV        2 identity       3      3       0        0    0/0        38/10           0/0      
      M21                              COV        3       tau      2      2       0        1    0/0        14/2            0/0      
      M31                              COV        2 identity       4      4       0        0    0/0        68/19           0/0      
      M31                              COV        3 identity       2      2       0        0    0/0        51/34           0/0      
  [PASS] K5e(i) [ANCHOR] THE COBOUNDARY INSTRUMENT REPRODUCES D64's COMMITTED C7 ROW EXACTLY.  On DOUBLE-RING(8, 10, 8) at REG and d = 2: 60 charts, 138 labelled overlaps, 9 components, ZERO obstructions, eps = 32/28, zero survivors, 108 Cech triples with 0 violations, transition split 57/115, REGA eps = 40/20.  So the same instrument, unmodified, produces every obstruction count below and a non-zero count cannot be a difference of instruments  (DR REG d2: charts 60, labelled 138, comps 9, obstructions 0, eps 32/28, surviving 0, cech 108/0; REGA eps 40/20, obstructions 0)

    THE k = 4 WIDE RECORDS, where the gauge question is read:
      DOUBLE-GRID(g=4,R=2): transitions by class at d = 2, per convention = {'REG': {'identity': 133, 'length-changing': 4}, 'REGA': {'identity': 132, 'length-changing': 4, 'tau': 1}, 'ARBLOSE': {'identity': 29, 'length-changing': 4, 'other': 104}, 'ARBVFIRST': {'identity': 133, 'length-changing': 4}, 'COV': {'identity': 133, 'length-changing': 4}}
        REG      : C7 cochain on  133 edges of which NON-IDENTITY    0 -> obstruction 0; PARITY cochain on  133 edges of which NON-IDENTITY    0 -> obstruction 0; FREE -> 0; Cech triples 565
        REGA     : C7 cochain on  133 edges of which NON-IDENTITY    1 -> obstruction 0; PARITY cochain on  133 edges of which NON-IDENTITY    1 -> obstruction 0; FREE -> 0; Cech triples 565
        ARBLOSE  : C7 cochain on   29 edges of which NON-IDENTITY    0 -> obstruction 0; PARITY cochain on  133 edges of which NON-IDENTITY  104 -> obstruction 51; FREE -> 0; Cech triples 16
        ARBVFIRST: C7 cochain on  133 edges of which NON-IDENTITY    0 -> obstruction 0; PARITY cochain on  133 edges of which NON-IDENTITY    0 -> obstruction 0; FREE -> 0; Cech triples 565
        COV      : C7 cochain on  133 edges of which NON-IDENTITY    0 -> obstruction 0; PARITY cochain on  133 edges of which NON-IDENTITY    0 -> obstruction 0; FREE -> 0; Cech triples 565
      ARBCHAIN*(m=4,k=4): transitions by class at d = 2, per convention = {'REG': {'identity': 5, 'other': 2}, 'REGA': {'identity': 5, 'other': 2}, 'ARBLOSE': {'identity': 3, 'other': 4}, 'ARBVFIRST': {'identity': 3, 'other': 2, 'tau': 2}, 'COV': {'identity': 5, 'other': 2}}
        REG      : C7 cochain on    5 edges of which NON-IDENTITY    0 -> obstruction 0; PARITY cochain on    7 edges of which NON-IDENTITY    2 -> obstruction 0; FREE -> 0; Cech triples 1
        REGA     : C7 cochain on    5 edges of which NON-IDENTITY    0 -> obstruction 0; PARITY cochain on    7 edges of which NON-IDENTITY    2 -> obstruction 0; FREE -> 0; Cech triples 1
        ARBLOSE  : C7 cochain on    3 edges of which NON-IDENTITY    0 -> obstruction 0; PARITY cochain on    7 edges of which NON-IDENTITY    4 -> obstruction 0; FREE -> 0; Cech triples 0
        ARBVFIRST: C7 cochain on    5 edges of which NON-IDENTITY    2 -> obstruction 0; PARITY cochain on    7 edges of which NON-IDENTITY    4 -> obstruction 0; FREE -> 0; Cech triples 1
        COV      : C7 cochain on    5 edges of which NON-IDENTITY    0 -> obstruction 0; PARITY cochain on    7 edges of which NON-IDENTITY    2 -> obstruction 0; FREE -> 0; Cech triples 1
    WHERE THE TEST HAS CONTENT (D66 MAJOR 4's lesson: credit the column that carries it).  Conventions at which the PARITY cochain is NOT identically zero — i.e. where a non-trivial cochain is actually being trivialized rather than a zero one being confirmed: {'DOUBLE-GRID(g=4,R=2)': ['ARBLOSE', 'REGA'], 'ARBCHAIN*(m=4,k=4)': ['ARBLOSE', 'ARBVFIRST', 'COV', 'REG', 'REGA']}.  At the other conventions the content is PROBE 1's silence (the labeling COULD have shown a transition and did not), NOT the Cech triple count.
    CELLS WITH ANY NON-ZERO OBSTRUCTION over the whole 74-cell census (C7 | PARITY | FREE): {('DOUBLE-GRID(g=3,R=4)', 'ARBLOSE', 2): (0, 33, 0), ('DOUBLE-GRID(g=3,R=4)', 'ARBLOSE', 3): (0, 60, 0), ('DOUBLE-GRID(g=4,R=1)', 'ARBLOSE', 2): (0, 2, 0), ('DOUBLE-GRID(g=4,R=1)', 'ARBLOSE', 3): (0, 10, 0), ('DOUBLE-GRID(g=4,R=2)', 'ARBLOSE', 2): (0, 51, 0), ('DOUBLE-GRID(g=4,R=2)', 'ARBLOSE', 3): (0, 64, 0), ('M21', 'COV', 2): (0, 10, 0), ('M21', 'COV', 3): (0, 2, 0), ('M31', 'COV', 2): (0, 19, 0), ('M31', 'COV', 3): (0, 34, 0)}
    THE CONTROLS: genuine sprinklings at COV carry {'M21/d2': 10, 'M21/d3': 2, 'M31/d2': 19, 'M31/d3': 34} parity obstructions; the delivery crystal DR(8,10,8) at COV carries {'d2': 0, 'd3': 0}.
    THE ROUTES, SEPARATED (D66 residue 5 asked exactly this).  D64's own C7 obstructs at 0 cells []; the FREE-RELABELLING route at 0 cells []; the PARITY route at 10 cells, whose GRAMMAR members live at conventions ['ARBLOSE'] on records ['DOUBLE-GRID(g=3,R=4)', 'DOUBLE-GRID(g=4,R=1)', 'DOUBLE-GRID(g=4,R=2)'].  Note which records those are: the obstructing convention is ARBLOSE — the winner/loser port order — and it obstructs on the k = 3 DOUBLE GRID as well as the k = 4 one, so this is a property of the DOUBLE-GRID SCHEDULE and of that port convention, NOT a k = 4 phenomenon.  C7 does not see it because it drops the 'other' class by construction (its ARBLOSE domain shrinks from 133 edges to 29).
  [PASS] K5e(ii) [THE GAUGE VERDICT, NO LEAN EITHER WAY] **TRIVIAL BY C7 AND BY FREE RELABELLING AT EVERY CELL OF THE CENSUS; NON-ZERO BY THE PARITY ROUTE AT ONE CONVENTION.**  D64's own C7 returns ZERO obstructions at every one of the census cells and so does the FREE-RELABELLING route — the largest possible gauge group — so no non-trivial structure group is exhibited by k = 4 conflict either, and D64's successor question is answered NEGATIVELY again on the widest substrate the campaign has built.  What is NOT zero is the PARITY route at ARBLOSE, the winner/loser port order — D66's residue 5 named exactly that convention as the one that behaves differently and asked for a sweep; the sweep is here, and the answer is that it obstructs on the DOUBLE-GRID schedule at k = 3 AND at k = 4, so it is a property of the schedule and the convention and not of the proposer count.  It is REPORTED AND NOT CLAIMED as H^1 != 0: the free-relabelling route trivializes every one of those cells, the genuine sprinklings carry non-zero parity obstructions too at COV, and the Z/2 name is a convention (D64 C4b).  C7's two routes agree in the decisive direction at every cell of the census, which is the gate; the verdict is the measurement  (cells = 74; C7's routes agree in the decisive direction everywhere = True; headline k = 4 record trivial at every convention and route = False; ARBCHAIN*(4,4) trivial = True; cells with any non-zero obstruction = 10 [('DOUBLE-GRID(g=3,R=4)', 'ARBLOSE', 2), ('DOUBLE-GRID(g=3,R=4)', 'ARBLOSE', 3), ('DOUBLE-GRID(g=4,R=1)', 'ARBLOSE', 2), ('DOUBLE-GRID(g=4,R=1)', 'ARBLOSE', 3), ('DOUBLE-GRID(g=4,R=2)', 'ARBLOSE', 2), ('DOUBLE-GRID(g=4,R=2)', 'ARBLOSE', 3), ('M21', 'COV', 2), ('M21', 'COV', 3), ('M31', 'COV', 2), ('M31', 'COV', 3)])

[THE PRE-REGISTERED OUTCOME, read off the sweep: K-III]
  [PASS] K6a [THE OUTCOME] **K-III — SPRINKLING-GRADE WIDTH FROM PURE INTERACTION.**  The k = 4 DOUBLE GRID forces, tiles at cadence with ZERO in-round deliveries and an arbitration share of exactly 1/5 = the budget bound, and carries max |D| = 16 = k^2 at d = 2 — W4c's ceiling SATURATED at k = 4, inside the genuine sprinkling range [10, 17] for the first time in the campaign.  K4 then decides the uniformity half and K5 the gauge half.  The predicate is the pre-registered disjunction itself, computed from the sweep: a refusal anywhere would have printed K-I and a max |D| below the RE-RUN sprinkling floor would have printed K-II  (refusals = 0; headline max |D| at d = 2 = 16 vs the re-run sprinkling floor 10 and the k = 4 bound 16; records at or above the floor = 2)
  [PASS] K6b AST anti-vacuity in d47a's SG8 form: every check() predicate is a bare constant NOWHERE and references at least one run-bound name.  SCOPE (LOG #403 MA-2): the scan enforces exactly that and detects no vacuous gate in arbitrary syntactic form  (check() calls = 26, bare-constant or unbound predicates = 0)

[K6c DEPTHS, CAPS, RANGES AND POPULATIONS — all printed, none silent]
    SKY-B depths measured: 2 and 3 at every record and every instrument (committed SKYB_DEPTH = 2).
    swept configurations = 9; records built = 9; events built in the sweep = 1040; largest record = 180 events; ARBCHAIN families built = 26 (1180 events); controls re-run = DR(8,10,8) (177), BRICK(8,14) (65), 11 sprinkling configurations, 2 sprinklings charted.
    R VALUES SWEPT IN THE DOUBLE-GRID FAMILY = [1, 2, 3, 4] (at g = 4: [1, 2, 3]; at g = 3, the committed anchors: [2, 4]).  THE COST CURVE, printed because it is what bounds the sweep: {'DOUBLE-GRID(g=4,R=1)': '15.1s', 'DOUBLE-GRID(g=4,R=2)': '107.9s', 'DOUBLE-GRID(g=4,R=3)': '399.9s', 'DOUBLE-GRID(g=3,R=2)': '9.1s', 'DOUBLE-GRID(g=3,R=4)': '84.5s'} — the layer's own menu enumeration grows with the base count and every arbitration mints a version (D66 residue 7), so g = 4 at larger R is out of this receipt's reach and the k = 5 probe is carried by ARBCHAIN*(m, 5) instead of by DOUBLE-GRID(5, R).
    full-menu replays = 4, budgets 240s / 150s (headline), statuses {'ARBCHAIN*(m=0,k=4)': 'OK', 'ARBCHAIN*(m=4,k=4)': 'OK', 'DOUBLE-GRID(g=3,R=2)': 'OK', 'DOUBLE-GRID(g=4,R=2)': 'BUDGET-CUT'}.
    K5 measurement cells = 74 over 9 substrates x 5 instruments x 2 depths; overlapping pairs examined = 9163; triples examined = 19201.
    thresholds used anywhere: D58's |D| >= 2 and |D| >= 4 columns, the pin's overlap and triple predicates, and the K0c sprinkling bands and max|D| range.  NO OTHER THRESHOLD IS USED; in particular the K3 verdict is read against the RE-RUN sprinkling floor 10, not against the pin's prose.
    NOTHING WAS CUT SILENTLY: the only budgets that bind are the full-menu replays, whose cut points are printed in K1d.  Total wall clock at this line: 1265.7s.
  [PASS] K6d DETERMINISM IS GATED, NOT ASSERTED (D63's W6b pattern; the layer reads next(iter(frozenset)) in load-bearing places and this unit's arbitrations have FOUR proposers, where the `regs_of` tie-break and `reg_tuple`'s sort could in principle diverge — K5a's closure gate is what would catch it).  THE DIGEST COVERS: the g = 3 double grid, its interleaved variant, ARBCHAIN*(m, 4) at m = 0, 2, 4 (the 16-direction witness included) and the SHARED-BASE refusal, all rebuilt in probe mode under PYTHONHASHSEED 0 / 7 / 999 — exact-Fraction profile rows at both depths, arbitration share, full width histogram and the refusal index — byte-identical stdout.  IT DOES NOT COVER the g = 4 DOUBLE-GRID builds or the K5 census  (probe runs = 3, distinct outputs = 1  [63.1s])

[VERDICT — D67]
  K-III FIRED.
    THE SCHEDULE.  DOUBLE-GRID(g=4,R=2): 120 events over 16 actors, 2 rounds, 24 arbitrations of FOUR proposers each,
    24 deliveries — ALL of them in the bootstrap, ZERO in any round — and an arbitration share of exactly 1/5 = 1/(k+1), the budget bound SATURATED.
    Every event offered by the layer's own menu, every specification matching exactly one candidate.
    THE DESIGN.  Rows and columns conflict CONCURRENTLY on 8 independent lineages, so every actor holds TWO live proposals on TWO distinct unsuperseded bases.  The one-lineage alternative REFUSES (K1b) — a second live proposal on the same base is not offered — so the mints-first bootstrap is FORCED, and the rotation alternative pays 12 deliveries every round forever.
    THE WIDTH.  max |D| = 16 at d = 2 (16 at d = 3), at 3 charts, each verified event by event against the committed sky and the committed order — against the re-run sprinkling range [10, 17] and W4c's k^2 = 16.
    ARBCHAIN*(m, 4) occupies the whole interval 8, 10, 12, 14, 16 and its m = 4 member is C1-complete.
    THE UNIFORMITY, BOTH HALVES.  WHOLE-record k = 4 in-band records: d = 2 [], d = 3 [] — against the g = 3 flagship's d = 3 membership at max |D| = 9.  Under D60's own INTERIOR excision: d = 2 [], d = 3 ['DOUBLE-GRID(g=4,R=2)'], i.e. IN-BAND AND 16 DIRECTIONS WIDE AT ONCE on the interior, at the same grade of evidence at which D66 closed its residue 2.
    THE GAUGE.  74 coboundary cells, C7 + PARITY + FREE, five conventions, both depths; C7 obstructs at 0 cells, FREE at 0, PARITY at 10 (the grammar ones all at ARBLOSE, on the DOUBLE GRID at k = 3 AND k = 4 — D66's residue 5, swept).
  SCOPE (pin §5): grammar layer; the swept family only; a crystal certifies MECHANISMS, never objects (#440); no measure claim at transport scope and therefore no typicality; omega is a chart-size ratio along covers (D58); every width claim carries the record's own B, its live Bl, its measured k*b and both bounds; every gauge sentence carries the convention table; transfer to the identified interactive click law runs through paper 29's missing map (D59) and is not claimed; the missing map is not touched.

[d67] 26 PASS / 0 FAIL   [total wall clock 1328.8s]
[exit protocol, pin K0/K6] exit 1 ONLY on ANCHOR breakage — the K0 family (K0a single sources, K0b the delivery controls' committed rows, K0c the sprinkling bands and width range, K0d D66's committed DOUBLE-GRID rows) and the two instrument anchors (K5a validation, K5e(i) D64's committed C7 row).  Every substantive negative exits 0.  anchor broken = False
