[D73 — THE EVEN GRAM: does the real channel host a rank-2 metric
       response?  (pin v10/note-d73-even-gram-pin.md, claim P2)]
  banner: v7 paper 30 computed a 3x3 reflected Gram on its three
  dual-EVEN channels, printed seven principal minors, used them as
  a positivity check, and then priced the law with the trace
  E_total = sum_j E_j.  This receipt prints the MATRIX the corpus
  never printed, decides F1 (Gram proportional to the identity),
  promotes K(E) = k.E_total to K(E) = E^T N E and re-runs paper
  30's own four gates on the promotion, and answers v6 paper 4's
  FAILS-FULL-GR row.  F1 is a first-class no-go: NO NULL OUTCOME.

[t+    0.0s] [G0 — LAYER ANCHORS: every committed object a single source, lifted not retyped]
  [PASS] G0-a SINGLE SOURCE, THE CAMPAIGN: v7's committed reflection-positive campaign is lifted by AST extraction from its own path — defs/classes plus four named module constants only, so not one of its module-level prints, gates or `sys.exit`s can execute inside this receipt.  The 21 objects this unit rides on are gated present and callable, `DUAL_PAIRS` is gated to be the committed triple, and **the Gram itself is gated character-for-character**: the body of `matrix_entries` must still carry the line `value += Fraction(count, total) * f(key) * g(target)` and the reflection switch `dual_key(key, n) if reflected else key`.  A change to p30's definition of the Gram changes this receipt's object and breaks this gate  (v7/code/p30_reflection_positive_campaign.py: 39 top-level nodes kept, 21 objects lifted, exit-free = True; matrix_entries = lines 13 long; DUAL_PAIRS = ((24576, 540672), (25488, 525208), (24606, 549648)))   [ANCHOR — exit 1 on breakage]
  [PASS] G0-b SINGLE SOURCE, THE PRIMITIVES: p29's record primitives are IMPORTED from p29's own path (it is `__main__`-guarded, so the import runs no audit) and handed to the extracted p30 namespace as its globals, exactly as p30's own `from p29... import` line does.  `perms`, `canon_bits`, `permutation_order_bits`, `restrict_bits`, `height`, `relation_count`, `interval_counts`, `degree_moments`, `has_rel`, `bit_index` and `fmt_frac` are gated present  (v7/code/p29_projected_likelihood_basis_audit.py; PRECISION_LINE = 'Decimal fallback precision = 170 digits; mpmath unavailable')   [ANCHOR — exit 1 on breakage]
  [PASS] G0-c SINGLE SOURCE, THE COMMITTED NUMBERS: the anchor targets are TEXT-SLICED out of the committed paper, not retyped into this file. Seven even principal minors from the fence that follows paper 30's own sentence 'The reflected even Gram matrix has nonnegative principal minors', three odd reflected diagonal entries, three i-twisted minors, and the three aggregate-geometry rows (atoms and `TV_9`) of the section-25.3 table.  If the paper's numbers were edited, this receipt's anchor targets move with them  (v7/relativistic-isp-v7-paper30-rooted-boundary-law.md: even minors 7, odd diagonal 3, twisted 7, TV rows {'L1': (66039, '0.0000465237596142739437320780'), 'L2': (66057, '0.0000167603622405300634803560'), 'Linf': (66036, '0.0000377194687086066037755929')})   [ANCHOR — exit 1 on breakage]

[t+    0.0s] [G1 — THE ANCHOR: reproduce the committed Gram, its seven printed principal minors and the campaign's TV_9 table, in this process, from the committed campaign's own code]
  DECLARED WINDOW (pin P2 test 2): N = (5, 6, 7, 8, 9), target N = 9. Nothing in this receipt is computed outside it.
  built N=1: permutations=1 records=1
  built N=2: permutations=2 records=2
  built N=3: permutations=6 records=5
  built N=4: permutations=24 records=16
  built N=5: permutations=120 records=63
  built N=6: permutations=720 records=315
  built N=7: permutations=5040 records=1956
  built N=8: permutations=40320 records=14794
  built N=9: permutations=362880 records=131526
  extension N=1->2: children=1 parents=2
  extension N=2->3: children=2 parents=5
  extension N=3->4: children=5 parents=16
  extension N=4->5: children=16 parents=63
  extension N=5->6: children=63 parents=315
  extension N=6->7: children=315 parents=1956
  extension N=7->8: children=1956 parents=14794
  extension N=8->9: children=14794 parents=131526
  feature cache N=1: records=1
  feature cache N=2: records=2
  feature cache N=3: records=5
  feature cache N=4: records=16
  feature cache N=5: records=63
  feature cache N=6: records=315
  feature cache N=7: records=1956
  feature cache N=8: records=14794
  feature cache N=9: records=131526
  build times: universes 96.2s, deletion graph 15.6s, feature cache 60.0s
  [PASS] G1-a THE RECORD UNIVERSE reproduces, N = 1..9: the canonical record census and the total permutation count both come out of the committed builder in this process.  This is the substrate every later number stands on  (records by N = [1, 2, 5, 16, 63, 315, 1956, 14794, 131526]; permutations at N = 9 = 362880)   [ANCHOR — exit 1 on breakage]
  [PASS] G1-b [THE PIN'S ANCHOR] THE COMMITTED EVEN GRAM REPRODUCES EXACTLY.  `matrix_entries(even_functions, reflected=True)` — the lifted p30:394-406 — is evaluated in this process on the reconstructed N = 9 universe, its seven principal minors are formatted with p30's OWN `fmt_dec_frac(v, 20)`, and the seven strings are compared character-for-character with the seven lines text-sliced out of paper 30 at :2991-2997.  All seven must match  (98.669736552028218695==98.669736552028218695; 40.375198412698412698==40.375198412698412698; 35.754938271604938272==35.754938271604938272; 3798.5649484525034294==3798.5649484525034294; 3207.5483571583854735==3207.5483571583854735; 1163.0945373694745388==1163.0945373694745388; 103363.83796002682333==103363.83796002682333)   [ANCHOR — exit 1 on breakage]
  [PASS] G1-c THE ODD SECTOR'S COMMITTED NUMBERS REPRODUCE TOO — the three negative real reflected diagonal entries (:3003-3005) and the seven i-twisted principal minors — so the even/odd pair this unit compares is the pair paper 30 published, not half of it  (odd diagonal ['-26.051008597883597884', '-16.525793650793650794', '-29.780357142857142857']; twisted minors match = True)   [ANCHOR — exit 1 on breakage]
    known     atoms9=63745   TV9=0.00502233763971961731060572  [6.6s]
    full      atoms9=128678  TV9=0.0000167603622405300634803560  [12.5s]
    even_abs  atoms9=66060   TV9=0.0000167603622405300634803560  [17.9s]
    agg_l1    atoms9=66039   TV9=0.0000465237596142739437320780  [23.2s]
    agg_l2    atoms9=66057   TV9=0.0000167603622405300634803560  [28.5s]
    agg_linf  atoms9=66036   TV9=0.0000377194687086066037755929  [33.8s]
  [PASS] G1-d THE AGGREGATE-GEOMETRY TABLE REPRODUCES: paper 30's §25.3 rows (atoms and `TV_9`) for the L1, L2 and Linf aggregates come out of the lifted `weights_by_mode` + `forward_tv` in this process, atom count and 24-digit `TV_9` string both.  The `agg_l2` row IS the committed instantiation of `K(E) = k.E_total` this unit is asked to promote, so G3's baseline is anchored before it is used  (L1/L2/Linf atoms = [66039, 66057, 66036] vs paper [66039, 66057, 66036]; agg_l2 TV9 = 0.0000167603622405300634803560)   [ANCHOR — exit 1 on breakage]
  [PASS] G1-e THE TWO COMMITTED CEILING IDENTITIES REPRODUCE, and they are the reason G3's pre-registration can be decided rather than scanned: paper 30 gates `TV_9(even_abs) == TV_9(full)` (the componentwise even/odd colouring loses nothing against the full signed one) and `TV_9(agg_l2) == TV_9(even_abs)` (the TRACE loses nothing against componentwise).  Both are exact Fraction equalities here, and `known` (the colouring with no even/odd data at all) is strictly worse, so the identity is not vacuous  (full = even_abs = agg_l2 = 0.0000167603622405300634803560; known = 0.00502233763971961731060572 (ratio 299.7x worse))   [ANCHOR — exit 1 on breakage]

[t+  278.2s] [G2 — THE MATRIX THE CORPUS NEVER PRINTED, and F1]
  G^even_{jk} = sum_R P(R) E_j(R) E_k(R*), N = 9, exact Fractions:
    [    98.6697365520282187     13.6104828042328042     17.8992173721340388 ]
    [    13.6104828042328042     40.3751984126984127     16.7486772486772487 ]
    [    17.8992173721340388     16.7486772486772487     35.7549382716049383 ]
  as exact rationals:
    [            17902637/181440                411581/30240               1623817/90720 ]
    [               411581/30240                 203491/5040                    6331/378 ]
    [              1623817/90720                    6331/378                  57923/1620 ]
  [PASS] G2-a THE GRAM IS SYMMETRIC, and it is symmetric for a REASON this receipt gates rather than assumes: `P` is the pushforward of the uniform measure on the 362880 permutations, order reversal is a bijection of that set, so `P(R*) = P(R)` for every canonical record class — gated exhaustively — and the reflected two-point function is therefore automatically symmetric  (symmetric = True; classes with count(R) != count(R*) = 0 of 131526)
  [PASS] G2-b **F1 IS DECIDED, AND IT DOES NOT FIRE.**  The pin's falsifier F1 reads: `G^even` is diagonal, or is a multiple of the identity — then `E_total` is lossless and the even channel provably cannot host a metric.  Measured: the three off-diagonal entries are all NONZERO and the three diagonal entries are all DIFFERENT.  The even channel's reflected two-point function is a genuinely anisotropic symmetric form, not a rescaled identity.  (What F1's *consequent* does at this window is a separate question and G3 decides it separately — the pin's biconditional is not assumed here)  (off-diagonals G01, G02, G12 = ['13.6104828042328042', '17.8992173721340388', '16.7486772486772487'] (all nonzero = True); diagonal = ['98.6697365520282187', '40.3751984126984127', '35.7549382716049383'] (3 distinct = True); max|off| = 17.8992173721340388, diagonal spread = 62.9147982804232804)
  [PASS] G2-c **THE REFLECTION IS AN IDENTITY ON THE EVEN CHANNEL, AND A SIGN ON THE ODD ONE — SO §25.4's POSITIVITY IS ALGEBRA, NOT A MEASUREMENT.**  Each of the three `DUAL_PAIRS` is gated to be a genuine order-dual pair of 5-element record types (`dual_key(left, 5) == right`).  Hence `E_j(R*) = E_j(R)` and `O_j(R*) = -O_j(R)` identically — verified on all 131526 records x 3 channels, zero violations — and therefore the REFLECTED even Gram EQUALS the ordinary second-moment matrix `E[E_j E_k]`, while the reflected odd Gram equals MINUS `E[O_j O_k]`, exactly.  Both equalities are gated as exact Fraction identities.  Consequence, stated where it can be checked: paper 30's even reflection positivity is a Gram-matrix tautology (a second-moment matrix of real observables is always PSD) and its odd negativity plus `i`-twist repair is the same tautology with a sign  (dual pairs verified = True; even-parity violations = 0, odd-parity violations = 0 of 394578 tests; reflected even == unreflected even = True; reflected odd == -unreflected odd = True)
  characteristic polynomial (exact): lam^3 - (174.79987323633156966) lam^2 + (8169.2078429803634417) lam - (103363.83796002682333)
  eigenvalues [float port of certified rational brackets]: 108.0449281155581593196, 45.92263411658027231237, 20.83231100419313803293
  [PASS] G2-d THE EIGENSTRUCTURE IS THREE DISTINCT POSITIVE EIGENVALUES, certified exactly.  The characteristic polynomial's coefficients are the committed principal minors themselves (`c2` = the trace = the three 1x1 minors, `c1` = the sum of the three 2x2 minors, `c0` = the 3x3 minor), so the eigen-problem is a rearrangement of the numbers paper 30 printed and nothing new is imported.  The cubic discriminant is EXACTLY POSITIVE (three distinct real roots), all three roots are bracketed by exact rational sign changes strictly inside (0, tr], and the spectrum is therefore strictly positive-definite with NO repeated eigenvalue — which is the sharpest possible negation of `G = lambda I`  (discriminant = 18478474540.8 > 0; coefficients rebuilt from the committed minors = True; eigenvalues [float port] = ['108.044928115558159', '45.9226341165802723', '20.8323110041931380']; condition number lam_max/lam_min = 5.18641105607)
  [PASS] G2-e THE ANISOTROPY MEASURED, AND REPORTED WHICHEVER WAY IT LANDS (no majority is claimed and none is found).  The traceless part of `G^even` is exactly nonzero — which is all F1 turns on — and it carries a MINORITY of the squared Frobenius weight: the isotropic part is the larger piece, as it must be for a second-moment matrix of three positively-correlated nonnegative counts.  Reported as the exact dimensionless ratio ||G - (tr/3)I||_F^2 / ((tr)^2/3), which is exactly 0 for any multiple of the identity, together with the traceless share of ||G||_F^2 for calibration  (||traceless||_F^2 = 4031.58143633099697, ||G||_F^2 = 14216.5799974768589, traceless share of ||G||_F^2 = 0.283583072514 (a MINORITY — stated as measured), anisotropy ratio = 0.395835248491, exactly 0 for lambda.I)
  [PASS] G2-f **THE ANISOTROPY IS NOT MERELY THE CHANNEL MEANS.**  A second-moment matrix always contains the rank-1 piece `mu mu^T`, and a form that is `mu mu^T + lambda I` carries a VECTOR's worth of structure wearing a matrix's clothes.  Subtracting it: the centred covariance `Cov = G - mu mu^T` is computed exactly, and it too has all three off-diagonals nonzero, three distinct eigenvalues and a nonzero traceless part.  So the even channel's rank-2 structure survives the removal of its rank-1 mean  (mu = ['6.3', '4.2', '4.2']; Cov off-diagonals = ['-12.849517195767', '-8.5607826278660', '-0.89132275132275']; Cov eigenvalues [float port] = ['64.423559355067', '21.226942058669', '14.179371822596']; Cov anisotropy ratio = 0.4455240591)
  [PASS] G2-g BOTH WEIGHTINGS THE SOURCE DISTINGUISHES CARRY THE ANISOTROPY.  This unit's `gram_variant` is FIRST gated to reproduce the committed `matrix_entries` output entry-for-entry at `n = 9` with weight `P(R) = count/9!` — so the variant is the committed object with one declared slot — and is THEN re-run with the RAW class-uniform weight `1/131526`, which the committed code never uses.  Under both weights all three off-diagonals are nonzero, all three eigenvalues are distinct and positive, and the traceless fraction is nonzero.  F1 is not an artefact of the measure  (variant == committed at P(R) = True; RAW off-diagonals = ['14.1265453218', '15.6006721105', '20.5577300306']; RAW eigenvalues [float port] = ['86.7467325225', '45.7184819032', '20.9607697904']; RAW anisotropy ratio = 0.2814012773 vs P-weighted 0.3958352485)
    N=5: trace   0.116666666667  anisotropy  0.04081632653  nonzero off-diagonals 0/3  discriminant              0  distinct eigenvalues found 1 ['0.050000000']
    N=6: trace    1.30833333333  anisotropy  0.08819830419  nonzero off-diagonals 2/3  discriminant 0.000015209459  distinct eigenvalues found 3 ['0.61663125', '0.37270987', '0.31899221']
    N=7: trace    8.70793650794  anisotropy   0.1732367273  nonzero off-diagonals 3/3  discriminant      20.987105  distinct eigenvalues found 3 ['4.5529889', '2.4604167', '1.6945309']
    N=8: trace    43.2982638889  anisotropy   0.2811815103  nonzero off-diagonals 3/3  discriminant      1570385.0  distinct eigenvalues found 3 ['24.809571', '11.908605', '6.5800871']
    N=9: trace    174.799873236  anisotropy   0.3958352485  nonzero off-diagonals 3/3  discriminant  1.8478475e+10  distinct eigenvalues found 3 ['108.04493', '45.922634', '20.832311']
  the two low-N Grams in full (exact rationals):
    N=5  [               1/20                   0                   0 ]
    N=5  [                  0                1/30                   0 ]
    N=5  [                  0                   0                1/30 ]
    N=6  [            221/360                   0                1/36 ]
    N=6  [                  0               13/36                1/45 ]
    N=6  [               1/36                1/45                 1/3 ]
  [PASS] G2-h **F1's LITERAL CONDITION HOLDS AT THE BOTTOM OF THE PIN'S OWN WINDOW AND IS BROKEN BY DEPTH — the off-diagonal is GENERATED, not intrinsic.**  The Gram is recomputed at every N in the declared window 5..9.  At N = 5 it is EXACTLY DIAGONAL, and for a reason this receipt gates rather than observes: the three even channels are counts of 5-element induced subposets, so at N = 5 each record has exactly one 5-subset and the three channel indicators have DISJOINT SUPPORT (zero records carry two channels at once) — the product `E_a E_b` vanishes identically for a != b.  Anisotropy is still present at N = 5, but only as unequal diagonal entries.  The second off-diagonal switches on at N = 6 and all three from N = 7 up, and the anisotropy ratio rises monotonically across the window.  **So the honest reading of F1 is N-dependent: 'G^even is diagonal' is TRUE at N = 5 and FALSE from N = 7 on, and the off-diagonal structure is a product of records being deeper than the flag size, not a fact about the channels**  (records at N = 5 carrying two channels at once = 0 of 63; nonzero off-diagonals by N = {5: 0, 6: 2, 7: 3, 8: 3, 9: 3}; first N with all three = 7; anisotropy ratio by N = {5: '0.040816327', 6: '0.088198304', 7: '0.17323673', 8: '0.28118151', 9: '0.39583525'} (monotone rising))

  [OUTCOME G2 / F1] **F1 DOES NOT FIRE.**  G^even is a genuinely anisotropic positive-definite symmetric form: three distinct nonzero off-diagonals, three distinct eigenvalues ['108.0449281', '45.92263412', '20.83231100'], condition number 5.1864111, traceless Frobenius fraction 0.28358307; and the anisotropy survives centring (G2-f) and reweighting (G2-g).  TWO QUALIFICATIONS THE UNIT PUTS IN ITS OWN HEADLINE.  (1) It does not fire AT N = 9; at N = 5, the bottom of the pin's own declared window, the Gram IS exactly diagonal and F1's literal condition holds — the off-diagonal is generated by record depth exceeding the flag size and switches on at N = 6/7 (G2-h).  (2) The same gates show WHY the object is anisotropic: on the even channel the reflection is the identity map (G2-c), so this 'reflected Gram' is the ordinary second-moment matrix of three nonnegative counting observables, and its positive-definiteness was never evidence of anything.

[t+  352.7s] [G3 — THE QUADRATIC PROMOTION: K(E) = E^T N E in place of K(E) = k.E_total, re-run through paper 30's own four gates]
  [PASS] G3-a **OPERATIONALIZATION FIDELITY, GATED BEFORE ANYTHING IS PROMOTED** (the D68 round-1 BLOCKER's lesson).  The promoted colouring is not a new invention: `colors_for_K` is p30's own `colors_for_mode(..., 'agg_l2')` branch with exactly one slot replaced — the even coordinate.  With that slot set to `sum` it must reproduce p30's `agg_l2` colour DICTIONARY key-for-key at every N in the window, and the downstream machinery (`atom_weights`, `atom_metrics`, `forward_tv`, `recurrence_errors`, `coarsening_identity`) is p30's, unmodified. If this gate fails, every number in G3 is about a different law  (colour dictionaries identical at N = (5, 6, 7, 8, 9): True; N=7 probe size 1956 == 1956)
    lin      atoms9=66057   max_atom=4   TV9=0.0000167603622405300634803560 rec9=0.0000171467764060356653 dual=0  [7.6s]  K = k.E_total  [THE COMMITTED FORM]
    quad-I   atoms9=66059   max_atom=4   TV9=0.0000167603622405300634803560 rec9=0.0000171467764060356653 dual=0  [15.3s]  N = diag(k,k,k) = I  [the pin's F2 reference]
    quad-G   atoms9=66059   max_atom=4   TV9=0.0000167603622405300634803560 rec9=0.0000171467764060356653 dual=0  [26.4s]  N = G^even itself (the Gram, exact rationals)
    quad-adj atoms9=66059   max_atom=4   TV9=0.0000167603622405300634803560 rec9=0.0000171467764060356653 dual=0  [37.5s]  N = adj(G^even) ~ G^{-1} (exact, PD)
    quad-cov atoms9=66059   max_atom=4   TV9=0.0000167603622405300634803560 rec9=0.0000171467764060356653 dual=0  [48.7s]  N = Cov = G - mu mu^T
    quad-D1  atoms9=66059   max_atom=4   TV9=0.0000167603622405300634803560 rec9=0.0000171467764060356653 dual=0  [56.8s]  N = diag(5,5,3)  [p30 §26 odd-sector winner, ported]
    quad-D2  atoms9=66059   max_atom=4   TV9=0.0000167603622405300634803560 rec9=0.0000171467764060356653 dual=0  [65.5s]  N = diag(1,2,3)  (anisotropic diagonal)
    quad-OD1 atoms9=66057   max_atom=4   TV9=0.0000167603622405300634803560 rec9=0.0000171467764060356653 dual=0  [73.1s]  N = I + offdiag(1)  (isotropic diagonal, off-diagonal on)
    quad-OD2 atoms9=66059   max_atom=4   TV9=0.0000167603622405300634803560 rec9=0.0000171467764060356653 dual=0  [81.3s]  N = 3I - offdiag(1)  (PD, negative off-diagonal)
    bilin-G  atoms9=66059   max_atom=4   TV9=0.0000167603622405300634803560 rec9=0.0000171467764060356653 dual=0  [91.6s]  the LINEAR contraction of the Gram, k_j = sum_k G_jk
    comp     atoms9=66059   max_atom=4   TV9=0.0000167603622405300634803560 rec9=0.0000171467764060356653 dual=0  [99.6s]  THE CEILING: componentwise (E_1, E_2, E_3), no contraction at all
  [PASS] G3-b **F2 DOES NOT FIRE: the quadratic promotion is CONSISTENT with the receipted law.**  The pin's F2 reads: a quadratic `K(E) = E^T N E` cannot match the committed `TV_9` for any `N`, including `N = diag(k,k,k)`.  Measured: `N = I` reproduces the committed `TV_9` exactly, as an equality of Fractions, and so do the Gram-derived forms.  Note for the record what `N = diag(k,k,k)` actually is — `E^T I E = sum_j E_j^2`, NOT `k.sum_j E_j` — so the pin's own identification of the two is loose; this receipt tests the literal quadratic and reports that it lands on the same number anyway  (matching the committed TV_9 = ['bilin-G', 'comp', 'lin', 'quad-D1', 'quad-D2', 'quad-G', 'quad-I', 'quad-OD1', 'quad-OD2', 'quad-adj', 'quad-cov']; strictly worse = []; strictly better = [])
  [PASS] G3-c **THE PIN'S 'IF SOME N IMPROVES IT' BRANCH IS STRUCTURALLY CLOSED, AND THIS RECEIPT SAYS SO RATHER THAN SCANNING FOR EVER.**  Any `K` whatsoever is a function of the 3-vector `E`, so its colouring is a COARSENING of the componentwise colouring `(E_1, E_2, E_3)` — which is itself a coarsening of p30's `full`.  Hence `TV_9(any N) >= TV_9(componentwise) >= TV_9(full)`.  And G1-e measured `TV_9(full) == TV_9(agg_l2) == the committed value`.  Therefore NO `N`, positive-definite or not, diagonal or not, can beat the trace at this window — not because the search missed one, but because the trace is already at the family's floor.  Gated: the componentwise ceiling equals the committed value, and no candidate came in below it  (componentwise TV_9 = 0.0000167603622405300634803560 == committed 0.0000167603622405300634803560; candidates strictly below the ceiling = 0 of 11)
  [PASS] G3-d THE PROMOTED `K` PRESERVES THE OTHER THREE COMMITTED GATES TOO — dual conjugation, the atom-average collapse, and the even-absolute compression.  For every candidate `N`: (i) the h-weight is EXACTLY invariant under order reversal, `max_R |h(R) - h(R*)| = 0` (paper 30's 'dual positive shadow is exactly invariant' gate); (ii) the colouring is a strict coarsening of `full` with ZERO fibre violations and ZERO h-weight difference at every N in the window (paper 30's Ramanujan exact atom identity); (iii) the promotion is non-lookup at N = 9.  All three hold for every candidate, so the promotion is admissible — it simply buys nothing  (dual-conjugation error 0 at 11/11 candidates; coarsening-identity violations 0 at 11/11; max h-difference 0 at 11/11; lookup colourings = 0)
  [PASS] G3-e THE TRACE IS LOSSY AS A COLOURING AND LOSSLESS AS A PREDICTOR — the two halves of F1's consequent come apart, and this is the unit's central measurement.  The componentwise even colouring STRICTLY REFINES the trace's atom partition at N = 9 (gated: every componentwise atom sits inside one trace atom, and the atom count strictly rises — the trace really does merge records the vector separates), and every quadratic promotion but the singular `N = I + offdiag(1)` likewise raises it — yet not one of them moves `TV_9` by a single unit in the 24th digit.  So `E_total` is NOT an injective summary of the even channel — the corpus's `E_total` genuinely discards information — but everything it discards is predictively inert for the deletion-graph law at this window.  Both directions of the partition relation are reported: `refines` = every promoted atom sits inside one trace atom, `splits` = how many trace atoms the promotion breaks apart  (quad-I: atoms 66057 -> 66059 (+2), refines=True, splits=2; quad-G: atoms 66057 -> 66059 (+2), refines=True, splits=2; quad-D2: atoms 66057 -> 66059 (+2), refines=True, splits=2; quad-OD1: atoms 66057 -> 66057 (+0), refines=True, splits=0; comp: atoms 66057 -> 66059 (+2), refines=True, splits=2)

  [OUTCOME G3 / F2] **F2 DOES NOT FIRE, AND NEITHER DOES THE POSITIVE BRANCH.**  The quadratic promotion is admissible on all four committed gates (11/11 candidates clean on dual conjugation, the atom identity and non-lookup) and matches the committed TV_9 = 0.0000167603622405 exactly for the identity, Gram, adjugate and covariance choices of N.  No N improves it, and G3-c shows none can: the componentwise colouring — the ceiling of the entire family — already sits at the same number.  **At this window the even channel is PREDICTIVELY trace-only while being STRUCTURALLY anisotropic.**

[t+  454.1s] [G4 — THE FAILS-FULL-GR ANSWER: is a Gram-derived N a metric RESPONSE, or a rebadged scalar family?]
  [PASS] G4-a **THE LOCAL OBJECT IS RANK 1, NOT RANK 2.**  Because the reflection acts trivially on the even channel (G2-c), the per-record summand of the Gram is `E_j(R) E_k(R*) = E_j(R) E_k(R)` — the OUTER PRODUCT of one vector with itself.  Its rank is exactly 1 at every record with `E(R) != 0` and 0 elsewhere; rank 3 appears ONLY after averaging over the 131526 records.  A metric is a form AT A POINT; this form exists only in the ensemble  (per-record rank census = {0: 3862, 1: 127664} over 131526 records (records with E(R) = 0: 3862); ensemble rank = 3 (G2-d))
  [PASS] G4-b **THE CHANNEL INDEX CARRIES NO SYMMETRY, SO `N` IS NOT EQUIVARIANT — IT IS A GAUGE-FIXED TABLE.**  A metric response must transform: `N -> A N A^T` under whatever acts on the index it carries.  Three gates, and all three come back empty.  (i) The substrate's one available involution — paper 30's order-dual `*`, the same Z/2 as Prop 10.6's and `chi^NN`'s — acts TRIVIALLY on the even index (G2-c: zero parity violations in 394578 tests); it acts as a SIGN on the odd index.  (ii) The only other candidate is relabelling the three dual pairs, and the stabiliser of `G^even` in S_3 is the IDENTITY ALONE — the three channels have distinct means and distinct variances, so no nontrivial permutation is even a numerical symmetry, let alone a substrate one.  (iii) There is no sign freedom at all: every `E_j` is a nonnegative count, so the basis is canonically oriented and no analogue of Prop 10.6's frame flip `E_A^2 -> -E_A^2` exists on this index.  REPORTED AGAINST THE UNIT'S OWN INTEREST: channels 2 and 3 have EQUAL means (21/5 each) — a near-symmetry — and the second moment breaks it anyway, `G_22 != G_33`, so the stabiliser is still trivial.  A form whose only would-be symmetry is broken by its own entries is a table of numbers, not a tensor  (S_3 stabiliser of G = [(0, 1, 2)] (order 1); channel means ['6.3', '4.2', '4.2'] (distinct = False — channels 2 and 3 coincide); channel variances ['58.97973655', '22.73519841', '18.11493827'] (distinct = True); order-dual acts trivially on E = True; min/max E_j over records = [(0, 54), (0, 36), (0, 29)])
  [PASS] G4-c **THE FAILS-FULL-GR ROW IS ANSWERED, AND THE ANSWER IS: HALF-CLEARED, STILL FAILING, AND FOR A SHARPER REASON.**  v6 paper 4 `:1064` rejected the scalar-to-tensor shortcut on a COMPONENT COUNT: 'a scalar potential equation has ONE response component per screen atom; a two-dimensional symmetric tensor equation has THREE per atom' (`missing_components = 8193`, verdict FAILS-FULL-GR).  The even Gram clears the first half of that objection — it supplies 6 independent components where `K(E) = k.E_total` supplied 1 — and fails the second half completely: those 6 components are ONE GLOBAL FORM for the entire N = 9 window, whereas p4's row counts components PER ATOM.  In p4's own units the deficit is 6 x 131526 - 6.  And G4-a says the per-atom object, when you do write it down, is rank 1.  So a Gram-derived `N` is NOT a metric response: it is an ensemble summary statistic with a metric's index shape  (components supplied by K(E) = k.E_total: 1; by G^even: 6; needed for a per-record symmetric response: 789156 over 131526 records; deficit = 789150; per-record rank of the Gram's own summand = 1)
  [PASS] G4-d **THE PROP-10.6 RELATION, STATED CAREFULLY — THESE ARE DIFFERENT OBJECTS AND THE UNIT REFUSES TO CONFLATE THEM.**  v2 paper 10 Prop 10.6 is an ALL-ORDER no-go: the SIGNED off-diagonal `h^{12}` of a frame metric cannot be recovered from Gamma-level (endpoint-probability) data, because the staggered conjugation `S_2` flips `h^{12}` while leaving every Born-squared kernel invariant.  `G^even_{12} != 0` is NOT a counterexample and must never be cited as one.  Reason, gated here: `G^even` is itself built FROM the endpoint measure `P(R)`, so by Prop 10.6's own argument it is invariant under any representational sign flip; its off-diagonal is nonzero not because the shadow recovered an orientation but because the channel basis is CANONICALLY ORIENTED by counting (G4-b(iii)), which is precisely the freedom Prop 10.6's frames have and these observables do not.  What the two statements DO share is located exactly: the orientation datum lives in the ODD sector here too — the even Gram is blind to the order-dual and the odd Gram changes sign under it — so paper 30's channel split reproduces Prop 10.6's diagonal/off-diagonal split ONE LEVEL DOWN, as an even/odd split, with the sign carried by the odd channel and the anisotropy by the even one  (even channel dual-invariant (2000-record spot check + the exhaustive G2-c count 0 violations); odd channel dual-antiinvariant, 0 violations; odd Gram off-diagonals ['-0.0122023809524', '-5.64990079365', '0.391071428571']; odd channel means ['0', '0', '0'])

  [OUTCOME G4] A Gram-derived `N` is a METRIC-SHAPED ENSEMBLE STATISTIC, not a metric response.  It clears v6 p4's component-count objection at the global level (6 components, not 1) and fails it at the level p4 actually stated it (per atom), and it fails two further tests p4 never needed: the per-record object is rank 1, and NOTHING acts on the channel index — the S_3 stabiliser is trivial, the substrate's own Z/2 acts as the identity on the even index, and the counting basis admits no sign freedom.  **A scalar did not become a metric by interpretation.  It became a covariance matrix, which is a different thing.**

[t+  455.3s] [G5 — TRANSFER PROBE [SAMPLED]: the Gram machinery on ONE v10 object — a wide-crystal chart's direction set with its weights.  Context grade; nothing above depends on it]
    built DOUBLE-RING(8, 10, 8) = 177 events (D63's winner, the wide crystal) and D60's brick(8, 14) = 65 events  [1.2s]
    wide crystal: 59 charts with |D| >= 4 at d = 2; anisotropic (nonzero off-diagonal or unequal diagonal) = 59, identity-proportional = 0
    direction-index stabiliser census (|D|, |Stab| in S_|D|) -> charts: {(4, 8): 59}; charts with constant diagonal = 59/59
    example chart at event 24 (4 directions), Gamma =
      [    3/8     1/8     1/4     1/8 ]
      [    1/8     3/8     1/8     1/4 ]
      [    1/4     1/8     3/8     1/8 ]
      [    1/8     1/4     1/8     3/8 ]
  [PASS] G5 [SAMPLED / CONTEXT GRADE — ONE BLUEPRINT, ONE DEPTH, NO SWEEP] THE GRAM MACHINERY TRANSFERS IN SHAPE AND REPRODUCES THE SAME VERDICT ON THE v10 SIDE.  D63's own winner, DOUBLE-RING(8, 10, 8) — the only configuration D63 found carrying 4-direction charts at d = 2 — is rebuilt from D63's own function object through the committed d42b1/d47a/d58/d60 chain, and each wide chart's direction set is given the same bilinear treatment the even channel got: a co-occurrence Gram over the chart's own SKY-B shadow rows.  The result is a nontrivial anisotropic symmetric form at essentially every wide chart — SO THE v7 FIXTURE IS NOT SPECIAL IN CARRYING ONE.  **AND THE HINT RUNS THE OTHER WAY ON THE TEST THAT ACTUALLY MATTERED: G4-b's equivariance census, transferred verbatim, does NOT come back empty here.**  Where v7's three named dual pairs give a Gram with `S_3` stabiliser of order 1, these charts' direction Grams carry nontrivial relabelling stabilisers and constant diagonals — the census is printed above.  That is the difference between a table of numbers and a form on an index set, and on this probe it is the v10 side that has it.  The gate licenses nothing beyond this blueprint at this depth, and in particular no claim that any stabiliser found is a SUBSTRATE symmetry rather than an arithmetic coincidence of one small circuit  (DOUBLE-RING(8,10,8) = 177 events (D63 published 177); brick(8,14) = 65 events (D60/D63 published 65); 59 wide charts, 59 anisotropic, 0 identity-proportional, 59 with a NONTRIVIAL direction-index stabiliser, 59 with a constant diagonal; narrow control 42 charts)

[t+  456.9s] [G6 — CONTROLS]
  [PASS] G6-a NO VACUOUS GATE, AND THE SCANNER'S KNOWN DEFECT IS NAMED.  Every `check()` predicate in this file is parsed and rejected if it is a literal constant, contains a literal boolean, contains an `isinstance` type probe, or mentions no name bound anywhere in this file.  The scanner is probed both ways.  **CARRIED DEFECT (D46b's finding, repeated here so the gate is not oversold): the scan is defeated by HOISTING — a predicate reading a boolean computed on an earlier line looks substantive whatever that line did.**  It bounds a predicate's shape, not its content  (gate predicates parsed = 30; flagged = none; scanner fires on the vacuous probe and passes the substantive one = True)
      N = 6 Gram digest = built N=1: permutations=1 records=1
  built N=2: permutations=2 records=2
  built N=3: permutations=6 records=5
  built ...
  [PASS] G6-b DETERMINISM under PYTHONHASHSEED 0/7/999: the whole extract-build-Gram pipeline is re-run in three fresh subprocesses at N = 6 and its exact-Fraction digest is byte-identical.  The gate is not idle — `canon_bits` and the flag caches are dict-built and sorted by iteration order in places, which is exactly what a hash-seed change perturbs.  SCOPE: the digest, not the whole stdout  (seeds [0, 7, 999]; return codes [0, 0, 0]; distinct digests = 1)
  [PASS] G6-c NEGATIVE CONTROL — the F1 instrument fires when F1 is TRUE.  The same anisotropy, discriminant and stabiliser code is run on a synthetic `7I`: the traceless part is exactly 0, the cubic discriminant is exactly 0 (a triple root), and the S_3 stabiliser is the whole group of order 6.  So G2-b, G2-e and G4-b are measuring something and would have reported F1 had F1 held  (7I: traceless Frobenius^2 = 0, discriminant = 0, S_3 stabiliser order = 6  vs  G^even: 4031.581436, 1.847847454e+10, 1)

[SUMMARY] 29 PASS / 0 FAIL   (3 delivered outcomes)   wall clock 457.5s
[RUNTIME] record universes 96.2s, deletion graph 15.6s, feature cache 60.0s, the six committed modes 33.8s, the 11 promoted-K candidates 99.6s; total 457.5s.  Every arm the pin declares ran.

[VERDICT] D73 GREEN-UNREVIEWED.  F1 DOES NOT FIRE AT N = 9 — the even Gram is genuinely anisotropic — but it DOES hold at N = 5, where the Gram is exactly diagonal because the three channel indicators have disjoint support (G2-h); the off-diagonal is generated by record depth, first fully present at N = 7: eigenvalues ['108.044928116', '45.9226341166', '20.8323110042'], three distinct off-diagonals ['13.61048280', '17.89921737', '16.74867725'], traceless Frobenius fraction 0.28358307, S_3 stabiliser order 1.  F2 DOES NOT FIRE — the quadratic promotion is admissible and reproduces the committed TV_9, but NO N CAN IMPROVE IT: the componentwise ceiling of the whole family already sits at 0.0000167603622405 (G3-c), so the even channel is PREDICTIVELY TRACE-ONLY AT THIS WINDOW while being STRUCTURALLY ANISOTROPIC — the two halves of F1's consequent come apart, and the pin's biconditional is false as stated.  THE FAILS-FULL-GR ANSWER: a Gram-derived N is a metric-shaped ENSEMBLE STATISTIC — 6 global components against v6 p4's per-atom demand (deficit 789150), per-record rank 1, and no group acting on the channel index at all.  THE PROP-10.6 RELATION: different objects, stated in G4-d — G^even is Gamma-level and therefore orientation-blind by Prop 10.6's own argument; its off-diagonal is nonzero because the counting basis is canonically oriented, not because a signed h^12 was recovered; the shared content is that the orientation datum sits in the ODD channel in both.  TRANSFER: 59 wide charts, 59 anisotropic, 0 identity-proportional, 59 with a NONTRIVIAL direction-index stabiliser, 59 with a constant diagonal; narrow control 42 charts [SAMPLED].  SCOPE: one fixture, N = 5..9, three named dual pairs, one measure; no gravity claim, no continuum claim, no claim that any object here is a metric.
